ARM GAS  /tmp/ccy3TAG1.s 			page 1


   1              		.cpu cortex-m3
   2              		.eabi_attribute 20, 1
   3              		.eabi_attribute 21, 1
   4              		.eabi_attribute 23, 3
   5              		.eabi_attribute 24, 1
   6              		.eabi_attribute 25, 1
   7              		.eabi_attribute 26, 1
   8              		.eabi_attribute 30, 1
   9              		.eabi_attribute 34, 1
  10              		.eabi_attribute 18, 4
  11              		.file	"crc8.c"
  12              		.text
  13              	.Ltext0:
  14              		.cfi_sections	.debug_frame
  15              		.section	.text.init_CRC_Table,"ax",%progbits
  16              		.align	1
  17              		.global	init_CRC_Table
  18              		.arch armv7-m
  19              		.syntax unified
  20              		.thumb
  21              		.thumb_func
  22              		.fpu softvfp
  24              	init_CRC_Table:
  25              	.LVL0:
  26              	.LFB0:
  27              		.file 1 "robotlib/crypto/crc8.c"
   1:robotlib/crypto/crc8.c **** /**
   2:robotlib/crypto/crc8.c ****  *************************************************************************************************
   3:robotlib/crypto/crc8.c ****  * @file crc8.c
   4:robotlib/crypto/crc8.c ****  * @brief Implementation file for CRC-8 calculation functions.
   5:robotlib/crypto/crc8.c ****  * 
   6:robotlib/crypto/crc8.c ****  * For more information on CRC calculation in C, see \
   7:robotlib/crypto/crc8.c ****  * \link https://barrgroup.com/embedded-systems/how-to/crc-calculation-c-code \endlink.
   8:robotlib/crypto/crc8.c ****  **************************************************************************************************
   9:robotlib/crypto/crc8.c ****  */
  10:robotlib/crypto/crc8.c **** 
  11:robotlib/crypto/crc8.c **** #include <stdint.h>
  12:robotlib/crypto/crc8.c **** #include "crc8.h"
  13:robotlib/crypto/crc8.c **** 
  14:robotlib/crypto/crc8.c **** /**
  15:robotlib/crypto/crc8.c ****  * @brief Initializes the CRC-8 lookup table.
  16:robotlib/crypto/crc8.c ****  *
  17:robotlib/crypto/crc8.c ****  * This function initializes the CRC-8 lookup table based on the given polynomial.
  18:robotlib/crypto/crc8.c ****  *
  19:robotlib/crypto/crc8.c ****  * @param table Pointer to the CRC-8 lookup table.
  20:robotlib/crypto/crc8.c ****  * @param poly The polynomial used for CRC-8 calculation.
  21:robotlib/crypto/crc8.c ****  */
  22:robotlib/crypto/crc8.c **** void init_CRC_Table(uint8_t *table, const uint8_t poly)
  23:robotlib/crypto/crc8.c **** {
  28              		.loc 1 23 1 view -0
  29              		.cfi_startproc
  30              		@ args = 0, pretend = 0, frame = 0
  31              		@ frame_needed = 0, uses_anonymous_args = 0
  32              		@ link register save eliminated.
  33              		.loc 1 23 1 is_stmt 0 view .LVU1
  34 0000 8446     		mov	ip, r0
  35 0002 0846     		mov	r0, r1
ARM GAS  /tmp/ccy3TAG1.s 			page 2


  36              	.LVL1:
  24:robotlib/crypto/crc8.c ****     uint8_t remainder;
  37              		.loc 1 24 5 is_stmt 1 view .LVU2
  25:robotlib/crypto/crc8.c ****     for (int dividend = 0; dividend < 256; ++dividend)
  38              		.loc 1 25 5 view .LVU3
  39              	.LBB2:
  40              		.loc 1 25 10 view .LVU4
  41              		.loc 1 25 14 is_stmt 0 view .LVU5
  42 0004 0021     		movs	r1, #0
  43              	.LVL2:
  44              		.loc 1 25 5 view .LVU6
  45 0006 0EE0     		b	.L2
  46              	.LVL3:
  47              	.L4:
  48              	.LBB3:
  26:robotlib/crypto/crc8.c ****     {
  27:robotlib/crypto/crc8.c ****         remainder = dividend << (WIDTH - 8);
  28:robotlib/crypto/crc8.c **** 
  29:robotlib/crypto/crc8.c ****         for (uint8_t b = 8; b > 0; --b)
  30:robotlib/crypto/crc8.c ****         {
  31:robotlib/crypto/crc8.c ****             if (remainder & TOP_BIT)
  32:robotlib/crypto/crc8.c ****             {
  33:robotlib/crypto/crc8.c ****                 remainder = (remainder << 1) ^ poly;
  34:robotlib/crypto/crc8.c ****             }
  35:robotlib/crypto/crc8.c ****             else
  36:robotlib/crypto/crc8.c ****             {
  37:robotlib/crypto/crc8.c ****                 remainder = (remainder << 1);
  49              		.loc 1 37 17 is_stmt 1 view .LVU7
  50              		.loc 1 37 27 is_stmt 0 view .LVU8
  51 0008 5200     		lsls	r2, r2, #1
  52              	.LVL4:
  53              		.loc 1 37 27 view .LVU9
  54 000a D2B2     		uxtb	r2, r2
  55              	.LVL5:
  56              	.L5:
  29:robotlib/crypto/crc8.c ****         {
  57              		.loc 1 29 36 is_stmt 1 discriminator 2 view .LVU10
  58 000c 013B     		subs	r3, r3, #1
  59              	.LVL6:
  29:robotlib/crypto/crc8.c ****         {
  60              		.loc 1 29 36 is_stmt 0 discriminator 2 view .LVU11
  61 000e DBB2     		uxtb	r3, r3
  62              	.LVL7:
  63              	.L3:
  29:robotlib/crypto/crc8.c ****         {
  64              		.loc 1 29 29 is_stmt 1 discriminator 1 view .LVU12
  29:robotlib/crypto/crc8.c ****         {
  65              		.loc 1 29 9 is_stmt 0 discriminator 1 view .LVU13
  66 0010 33B1     		cbz	r3, .L8
  31:robotlib/crypto/crc8.c ****             {
  67              		.loc 1 31 13 is_stmt 1 view .LVU14
  31:robotlib/crypto/crc8.c ****             {
  68              		.loc 1 31 16 is_stmt 0 view .LVU15
  69 0012 12F0800F 		tst	r2, #128
  70 0016 F7D0     		beq	.L4
  33:robotlib/crypto/crc8.c ****             }
  71              		.loc 1 33 17 is_stmt 1 view .LVU16
ARM GAS  /tmp/ccy3TAG1.s 			page 3


  33:robotlib/crypto/crc8.c ****             }
  72              		.loc 1 33 46 is_stmt 0 view .LVU17
  73 0018 80EA4202 		eor	r2, r0, r2, lsl #1
  74              	.LVL8:
  33:robotlib/crypto/crc8.c ****             }
  75              		.loc 1 33 27 view .LVU18
  76 001c D2B2     		uxtb	r2, r2
  77              	.LVL9:
  33:robotlib/crypto/crc8.c ****             }
  78              		.loc 1 33 27 view .LVU19
  79 001e F5E7     		b	.L5
  80              	.L8:
  33:robotlib/crypto/crc8.c ****             }
  81              		.loc 1 33 27 view .LVU20
  82              	.LBE3:
  38:robotlib/crypto/crc8.c ****             }
  39:robotlib/crypto/crc8.c ****         }
  40:robotlib/crypto/crc8.c ****         table[dividend] = remainder;
  83              		.loc 1 40 9 is_stmt 1 discriminator 2 view .LVU21
  84              		.loc 1 40 25 is_stmt 0 discriminator 2 view .LVU22
  85 0020 0CF80120 		strb	r2, [ip, r1]
  25:robotlib/crypto/crc8.c ****     {
  86              		.loc 1 25 44 is_stmt 1 discriminator 2 view .LVU23
  87 0024 0131     		adds	r1, r1, #1
  88              	.LVL10:
  89              	.L2:
  25:robotlib/crypto/crc8.c ****     {
  90              		.loc 1 25 28 discriminator 1 view .LVU24
  25:robotlib/crypto/crc8.c ****     {
  91              		.loc 1 25 5 is_stmt 0 discriminator 1 view .LVU25
  92 0026 FF29     		cmp	r1, #255
  93 0028 02DC     		bgt	.L9
  27:robotlib/crypto/crc8.c **** 
  94              		.loc 1 27 9 is_stmt 1 view .LVU26
  27:robotlib/crypto/crc8.c **** 
  95              		.loc 1 27 19 is_stmt 0 view .LVU27
  96 002a CAB2     		uxtb	r2, r1
  97              	.LVL11:
  29:robotlib/crypto/crc8.c ****         {
  98              		.loc 1 29 9 is_stmt 1 view .LVU28
  99              	.LBB4:
  29:robotlib/crypto/crc8.c ****         {
 100              		.loc 1 29 14 view .LVU29
  29:robotlib/crypto/crc8.c ****         {
 101              		.loc 1 29 22 is_stmt 0 view .LVU30
 102 002c 0823     		movs	r3, #8
  29:robotlib/crypto/crc8.c ****         {
 103              		.loc 1 29 9 view .LVU31
 104 002e EFE7     		b	.L3
 105              	.LVL12:
 106              	.L9:
  29:robotlib/crypto/crc8.c ****         {
 107              		.loc 1 29 9 view .LVU32
 108              	.LBE4:
 109              	.LBE2:
  41:robotlib/crypto/crc8.c ****     }
  42:robotlib/crypto/crc8.c **** }
ARM GAS  /tmp/ccy3TAG1.s 			page 4


 110              		.loc 1 42 1 view .LVU33
 111 0030 7047     		bx	lr
 112              		.cfi_endproc
 113              	.LFE0:
 115              		.section	.text.get_CRC_Hash,"ax",%progbits
 116              		.align	1
 117              		.global	get_CRC_Hash
 118              		.syntax unified
 119              		.thumb
 120              		.thumb_func
 121              		.fpu softvfp
 123              	get_CRC_Hash:
 124              	.LVL13:
 125              	.LFB1:
  43:robotlib/crypto/crc8.c **** 
  44:robotlib/crypto/crc8.c **** /**
  45:robotlib/crypto/crc8.c ****  * @brief Calculates the CRC-8 hash for the given buffer.
  46:robotlib/crypto/crc8.c ****  *
  47:robotlib/crypto/crc8.c ****  * This function calculates the CRC-8 hash for the specified buffer using the precomputed lookup ta
  48:robotlib/crypto/crc8.c ****  *
  49:robotlib/crypto/crc8.c ****  * @param buf Pointer to the input buffer.
  50:robotlib/crypto/crc8.c ****  * @param len Length of the input buffer.
  51:robotlib/crypto/crc8.c ****  * @param table Pointer to the precomputed CRC-8 lookup table.
  52:robotlib/crypto/crc8.c ****  * @return The CRC-8 hash value.
  53:robotlib/crypto/crc8.c ****  */
  54:robotlib/crypto/crc8.c **** uint8_t get_CRC_Hash(const uint8_t *buf, const uint16_t len, const uint8_t *table)
  55:robotlib/crypto/crc8.c **** {
 126              		.loc 1 55 1 is_stmt 1 view -0
 127              		.cfi_startproc
 128              		@ args = 0, pretend = 0, frame = 0
 129              		@ frame_needed = 0, uses_anonymous_args = 0
 130              		.loc 1 55 1 is_stmt 0 view .LVU35
 131 0000 00B5     		push	{lr}
 132              	.LCFI0:
 133              		.cfi_def_cfa_offset 4
 134              		.cfi_offset 14, -4
 135 0002 8646     		mov	lr, r0
  56:robotlib/crypto/crc8.c ****     uint8_t data;
 136              		.loc 1 56 5 is_stmt 1 view .LVU36
  57:robotlib/crypto/crc8.c ****     uint8_t remainder = 0;
 137              		.loc 1 57 5 view .LVU37
 138              	.LVL14:
  58:robotlib/crypto/crc8.c **** 
  59:robotlib/crypto/crc8.c ****     for (uint16_t index = 0; index < len; ++index)
 139              		.loc 1 59 5 view .LVU38
 140              	.LBB5:
 141              		.loc 1 59 10 view .LVU39
 142              		.loc 1 59 19 is_stmt 0 view .LVU40
 143 0004 0023     		movs	r3, #0
 144              	.LBE5:
  57:robotlib/crypto/crc8.c ****     uint8_t remainder = 0;
 145              		.loc 1 57 13 view .LVU41
 146 0006 1846     		mov	r0, r3
 147              	.LVL15:
 148              	.LBB6:
 149              		.loc 1 59 5 view .LVU42
 150 0008 07E0     		b	.L11
ARM GAS  /tmp/ccy3TAG1.s 			page 5


 151              	.LVL16:
 152              	.L12:
  60:robotlib/crypto/crc8.c ****     {
  61:robotlib/crypto/crc8.c ****         data = buf[index] ^ (remainder >> (WIDTH - 8));
 153              		.loc 1 61 9 is_stmt 1 discriminator 3 view .LVU43
 154              		.loc 1 61 19 is_stmt 0 discriminator 3 view .LVU44
 155 000a 1EF803C0 		ldrb	ip, [lr, r3]	@ zero_extendqisi2
 156              		.loc 1 61 14 discriminator 3 view .LVU45
 157 000e 8CEA0000 		eor	r0, ip, r0
 158              	.LVL17:
  62:robotlib/crypto/crc8.c ****         remainder = table[data] ^ (remainder << 8);
 159              		.loc 1 62 9 is_stmt 1 discriminator 3 view .LVU46
 160              		.loc 1 62 26 is_stmt 0 discriminator 3 view .LVU47
 161 0012 1056     		ldrsb	r0, [r2, r0]
 162              	.LVL18:
 163              		.loc 1 62 19 discriminator 3 view .LVU48
 164 0014 C0B2     		uxtb	r0, r0
 165              	.LVL19:
  59:robotlib/crypto/crc8.c ****     {
 166              		.loc 1 59 43 is_stmt 1 discriminator 3 view .LVU49
 167 0016 0133     		adds	r3, r3, #1
 168              	.LVL20:
  59:robotlib/crypto/crc8.c ****     {
 169              		.loc 1 59 43 is_stmt 0 discriminator 3 view .LVU50
 170 0018 9BB2     		uxth	r3, r3
 171              	.LVL21:
 172              	.L11:
  59:robotlib/crypto/crc8.c ****     {
 173              		.loc 1 59 30 is_stmt 1 discriminator 1 view .LVU51
  59:robotlib/crypto/crc8.c ****     {
 174              		.loc 1 59 5 is_stmt 0 discriminator 1 view .LVU52
 175 001a 8B42     		cmp	r3, r1
 176 001c F5D3     		bcc	.L12
 177              	.LBE6:
  63:robotlib/crypto/crc8.c ****     }
  64:robotlib/crypto/crc8.c **** 
  65:robotlib/crypto/crc8.c ****     return remainder;
 178              		.loc 1 65 5 is_stmt 1 view .LVU53
  66:robotlib/crypto/crc8.c **** }...
 179              		.loc 1 66 1 is_stmt 0 view .LVU54
 180 001e 5DF804FB 		ldr	pc, [sp], #4
 181              		.cfi_endproc
 182              	.LFE1:
 184              		.text
 185              	.Letext0:
 186              		.file 2 "/usr/lib/gcc/arm-none-eabi/10.3.1/include/stdint.h"
ARM GAS  /tmp/ccy3TAG1.s 			page 6


DEFINED SYMBOLS
                            *ABS*:0000000000000000 crc8.c
     /tmp/ccy3TAG1.s:16     .text.init_CRC_Table:0000000000000000 $t
     /tmp/ccy3TAG1.s:24     .text.init_CRC_Table:0000000000000000 init_CRC_Table
     /tmp/ccy3TAG1.s:116    .text.get_CRC_Hash:0000000000000000 $t
     /tmp/ccy3TAG1.s:123    .text.get_CRC_Hash:0000000000000000 get_CRC_Hash

NO UNDEFINED SYMBOLS
