ARM GAS  /tmp/ccnT8fbe.s 			page 1


   1              		.cpu cortex-m3
   2              		.eabi_attribute 20, 1
   3              		.eabi_attribute 21, 1
   4              		.eabi_attribute 23, 3
   5              		.eabi_attribute 24, 1
   6              		.eabi_attribute 25, 1
   7              		.eabi_attribute 26, 1
   8              		.eabi_attribute 30, 1
   9              		.eabi_attribute 34, 1
  10              		.eabi_attribute 18, 4
  11              		.file	"gpio.c"
  12              		.text
  13              	.Ltext0:
  14              		.cfi_sections	.debug_frame
  15              		.section	.text.MX_GPIO_Init,"ax",%progbits
  16              		.align	1
  17              		.global	MX_GPIO_Init
  18              		.arch armv7-m
  19              		.syntax unified
  20              		.thumb
  21              		.thumb_func
  22              		.fpu softvfp
  24              	MX_GPIO_Init:
  25              	.LFB65:
  26              		.file 1 "Core/Src/gpio.c"
   1:Core/Src/gpio.c **** /* USER CODE BEGIN Header */
   2:Core/Src/gpio.c **** /**
   3:Core/Src/gpio.c ****   ******************************************************************************
   4:Core/Src/gpio.c ****   * @file    gpio.c
   5:Core/Src/gpio.c ****   * @brief   This file provides code for the configuration
   6:Core/Src/gpio.c ****   *          of all used GPIO pins.
   7:Core/Src/gpio.c ****   ******************************************************************************
   8:Core/Src/gpio.c ****   * @attention
   9:Core/Src/gpio.c ****   *
  10:Core/Src/gpio.c ****   * Copyright (c) 2026 STMicroelectronics.
  11:Core/Src/gpio.c ****   * All rights reserved.
  12:Core/Src/gpio.c ****   *
  13:Core/Src/gpio.c ****   * This software is licensed under terms that can be found in the LICENSE file
  14:Core/Src/gpio.c ****   * in the root directory of this software component.
  15:Core/Src/gpio.c ****   * If no LICENSE file comes with this software, it is provided AS-IS.
  16:Core/Src/gpio.c ****   *
  17:Core/Src/gpio.c ****   ******************************************************************************
  18:Core/Src/gpio.c ****   */
  19:Core/Src/gpio.c **** /* USER CODE END Header */
  20:Core/Src/gpio.c **** 
  21:Core/Src/gpio.c **** /* Includes ------------------------------------------------------------------*/
  22:Core/Src/gpio.c **** #include "gpio.h"
  23:Core/Src/gpio.c **** 
  24:Core/Src/gpio.c **** /* USER CODE BEGIN 0 */
  25:Core/Src/gpio.c **** 
  26:Core/Src/gpio.c **** /* USER CODE END 0 */
  27:Core/Src/gpio.c **** 
  28:Core/Src/gpio.c **** /*----------------------------------------------------------------------------*/
  29:Core/Src/gpio.c **** /* Configure GPIO                                                             */
  30:Core/Src/gpio.c **** /*----------------------------------------------------------------------------*/
  31:Core/Src/gpio.c **** /* USER CODE BEGIN 1 */
  32:Core/Src/gpio.c **** 
ARM GAS  /tmp/ccnT8fbe.s 			page 2


  33:Core/Src/gpio.c **** /* USER CODE END 1 */
  34:Core/Src/gpio.c **** 
  35:Core/Src/gpio.c **** /** Configure pins as
  36:Core/Src/gpio.c ****         * Analog
  37:Core/Src/gpio.c ****         * Input
  38:Core/Src/gpio.c ****         * Output
  39:Core/Src/gpio.c ****         * EVENT_OUT
  40:Core/Src/gpio.c ****         * EXTI
  41:Core/Src/gpio.c **** */
  42:Core/Src/gpio.c **** void MX_GPIO_Init(void)
  43:Core/Src/gpio.c **** {
  27              		.loc 1 43 1 view -0
  28              		.cfi_startproc
  29              		@ args = 0, pretend = 0, frame = 32
  30              		@ frame_needed = 0, uses_anonymous_args = 0
  31 0000 2DE9F041 		push	{r4, r5, r6, r7, r8, lr}
  32              	.LCFI0:
  33              		.cfi_def_cfa_offset 24
  34              		.cfi_offset 4, -24
  35              		.cfi_offset 5, -20
  36              		.cfi_offset 6, -16
  37              		.cfi_offset 7, -12
  38              		.cfi_offset 8, -8
  39              		.cfi_offset 14, -4
  40 0004 88B0     		sub	sp, sp, #32
  41              	.LCFI1:
  42              		.cfi_def_cfa_offset 56
  44:Core/Src/gpio.c **** 
  45:Core/Src/gpio.c ****   GPIO_InitTypeDef GPIO_InitStruct = {0};
  43              		.loc 1 45 3 view .LVU1
  44              		.loc 1 45 20 is_stmt 0 view .LVU2
  45 0006 0024     		movs	r4, #0
  46 0008 0494     		str	r4, [sp, #16]
  47 000a 0594     		str	r4, [sp, #20]
  48 000c 0694     		str	r4, [sp, #24]
  49 000e 0794     		str	r4, [sp, #28]
  46:Core/Src/gpio.c **** 
  47:Core/Src/gpio.c ****   /* GPIO Ports Clock Enable */
  48:Core/Src/gpio.c ****   __HAL_RCC_GPIOC_CLK_ENABLE();
  50              		.loc 1 48 3 is_stmt 1 view .LVU3
  51              	.LBB2:
  52              		.loc 1 48 3 view .LVU4
  53              		.loc 1 48 3 view .LVU5
  54 0010 264B     		ldr	r3, .L3
  55 0012 9A69     		ldr	r2, [r3, #24]
  56 0014 42F01002 		orr	r2, r2, #16
  57 0018 9A61     		str	r2, [r3, #24]
  58              		.loc 1 48 3 view .LVU6
  59 001a 9A69     		ldr	r2, [r3, #24]
  60 001c 02F01002 		and	r2, r2, #16
  61 0020 0092     		str	r2, [sp]
  62              		.loc 1 48 3 view .LVU7
  63 0022 009A     		ldr	r2, [sp]
  64              	.LBE2:
  65              		.loc 1 48 3 view .LVU8
  49:Core/Src/gpio.c ****   __HAL_RCC_GPIOD_CLK_ENABLE();
  66              		.loc 1 49 3 view .LVU9
ARM GAS  /tmp/ccnT8fbe.s 			page 3


  67              	.LBB3:
  68              		.loc 1 49 3 view .LVU10
  69              		.loc 1 49 3 view .LVU11
  70 0024 9A69     		ldr	r2, [r3, #24]
  71 0026 42F02002 		orr	r2, r2, #32
  72 002a 9A61     		str	r2, [r3, #24]
  73              		.loc 1 49 3 view .LVU12
  74 002c 9A69     		ldr	r2, [r3, #24]
  75 002e 02F02002 		and	r2, r2, #32
  76 0032 0192     		str	r2, [sp, #4]
  77              		.loc 1 49 3 view .LVU13
  78 0034 019A     		ldr	r2, [sp, #4]
  79              	.LBE3:
  80              		.loc 1 49 3 view .LVU14
  50:Core/Src/gpio.c ****   __HAL_RCC_GPIOA_CLK_ENABLE();
  81              		.loc 1 50 3 view .LVU15
  82              	.LBB4:
  83              		.loc 1 50 3 view .LVU16
  84              		.loc 1 50 3 view .LVU17
  85 0036 9A69     		ldr	r2, [r3, #24]
  86 0038 42F00402 		orr	r2, r2, #4
  87 003c 9A61     		str	r2, [r3, #24]
  88              		.loc 1 50 3 view .LVU18
  89 003e 9A69     		ldr	r2, [r3, #24]
  90 0040 02F00402 		and	r2, r2, #4
  91 0044 0292     		str	r2, [sp, #8]
  92              		.loc 1 50 3 view .LVU19
  93 0046 029A     		ldr	r2, [sp, #8]
  94              	.LBE4:
  95              		.loc 1 50 3 view .LVU20
  51:Core/Src/gpio.c ****   __HAL_RCC_GPIOB_CLK_ENABLE();
  96              		.loc 1 51 3 view .LVU21
  97              	.LBB5:
  98              		.loc 1 51 3 view .LVU22
  99              		.loc 1 51 3 view .LVU23
 100 0048 9A69     		ldr	r2, [r3, #24]
 101 004a 42F00802 		orr	r2, r2, #8
 102 004e 9A61     		str	r2, [r3, #24]
 103              		.loc 1 51 3 view .LVU24
 104 0050 9B69     		ldr	r3, [r3, #24]
 105 0052 03F00803 		and	r3, r3, #8
 106 0056 0393     		str	r3, [sp, #12]
 107              		.loc 1 51 3 view .LVU25
 108 0058 039B     		ldr	r3, [sp, #12]
 109              	.LBE5:
 110              		.loc 1 51 3 view .LVU26
  52:Core/Src/gpio.c **** 
  53:Core/Src/gpio.c ****   /*Configure GPIO pin Output Level */
  54:Core/Src/gpio.c ****   HAL_GPIO_WritePin(GPIOC, LED_Pin|MLD_Pin|MRD_Pin, GPIO_PIN_RESET);
 111              		.loc 1 54 3 view .LVU27
 112 005a DFF85480 		ldr	r8, .L3+4
 113 005e 2246     		mov	r2, r4
 114 0060 4FF46041 		mov	r1, #57344
 115 0064 4046     		mov	r0, r8
 116 0066 FFF7FEFF 		bl	HAL_GPIO_WritePin
 117              	.LVL0:
  55:Core/Src/gpio.c **** 
ARM GAS  /tmp/ccnT8fbe.s 			page 4


  56:Core/Src/gpio.c ****   /*Configure GPIO pin Output Level */
  57:Core/Src/gpio.c ****   HAL_GPIO_WritePin(BATTI_GPIO_Port, BATTI_Pin, GPIO_PIN_RESET);
 118              		.loc 1 57 3 view .LVU28
 119 006a 124D     		ldr	r5, .L3+8
 120 006c 2246     		mov	r2, r4
 121 006e 4FF48061 		mov	r1, #1024
 122 0072 2846     		mov	r0, r5
 123 0074 FFF7FEFF 		bl	HAL_GPIO_WritePin
 124              	.LVL1:
  58:Core/Src/gpio.c **** 
  59:Core/Src/gpio.c ****   /*Configure GPIO pins : LED_Pin MLD_Pin MRD_Pin */
  60:Core/Src/gpio.c ****   GPIO_InitStruct.Pin = LED_Pin|MLD_Pin|MRD_Pin;
 125              		.loc 1 60 3 view .LVU29
 126              		.loc 1 60 23 is_stmt 0 view .LVU30
 127 0078 4FF46043 		mov	r3, #57344
 128 007c 0493     		str	r3, [sp, #16]
  61:Core/Src/gpio.c ****   GPIO_InitStruct.Mode = GPIO_MODE_OUTPUT_PP;
 129              		.loc 1 61 3 is_stmt 1 view .LVU31
 130              		.loc 1 61 24 is_stmt 0 view .LVU32
 131 007e 0127     		movs	r7, #1
 132 0080 0597     		str	r7, [sp, #20]
  62:Core/Src/gpio.c ****   GPIO_InitStruct.Pull = GPIO_NOPULL;
 133              		.loc 1 62 3 is_stmt 1 view .LVU33
 134              		.loc 1 62 24 is_stmt 0 view .LVU34
 135 0082 0694     		str	r4, [sp, #24]
  63:Core/Src/gpio.c ****   GPIO_InitStruct.Speed = GPIO_SPEED_FREQ_LOW;
 136              		.loc 1 63 3 is_stmt 1 view .LVU35
 137              		.loc 1 63 25 is_stmt 0 view .LVU36
 138 0084 0226     		movs	r6, #2
 139 0086 0796     		str	r6, [sp, #28]
  64:Core/Src/gpio.c ****   HAL_GPIO_Init(GPIOC, &GPIO_InitStruct);
 140              		.loc 1 64 3 is_stmt 1 view .LVU37
 141 0088 04A9     		add	r1, sp, #16
 142 008a 4046     		mov	r0, r8
 143 008c FFF7FEFF 		bl	HAL_GPIO_Init
 144              	.LVL2:
  65:Core/Src/gpio.c **** 
  66:Core/Src/gpio.c ****   /*Configure GPIO pin : BATTI_Pin */
  67:Core/Src/gpio.c ****   GPIO_InitStruct.Pin = BATTI_Pin;
 145              		.loc 1 67 3 view .LVU38
 146              		.loc 1 67 23 is_stmt 0 view .LVU39
 147 0090 4FF48063 		mov	r3, #1024
 148 0094 0493     		str	r3, [sp, #16]
  68:Core/Src/gpio.c ****   GPIO_InitStruct.Mode = GPIO_MODE_OUTPUT_PP;
 149              		.loc 1 68 3 is_stmt 1 view .LVU40
 150              		.loc 1 68 24 is_stmt 0 view .LVU41
 151 0096 0597     		str	r7, [sp, #20]
  69:Core/Src/gpio.c ****   GPIO_InitStruct.Pull = GPIO_NOPULL;
 152              		.loc 1 69 3 is_stmt 1 view .LVU42
 153              		.loc 1 69 24 is_stmt 0 view .LVU43
 154 0098 0694     		str	r4, [sp, #24]
  70:Core/Src/gpio.c ****   GPIO_InitStruct.Speed = GPIO_SPEED_FREQ_LOW;
 155              		.loc 1 70 3 is_stmt 1 view .LVU44
 156              		.loc 1 70 25 is_stmt 0 view .LVU45
 157 009a 0796     		str	r6, [sp, #28]
  71:Core/Src/gpio.c ****   HAL_GPIO_Init(BATTI_GPIO_Port, &GPIO_InitStruct);
 158              		.loc 1 71 3 is_stmt 1 view .LVU46
ARM GAS  /tmp/ccnT8fbe.s 			page 5


 159 009c 04A9     		add	r1, sp, #16
 160 009e 2846     		mov	r0, r5
 161 00a0 FFF7FEFF 		bl	HAL_GPIO_Init
 162              	.LVL3:
  72:Core/Src/gpio.c **** 
  73:Core/Src/gpio.c **** }
 163              		.loc 1 73 1 is_stmt 0 view .LVU47
 164 00a4 08B0     		add	sp, sp, #32
 165              	.LCFI2:
 166              		.cfi_def_cfa_offset 24
 167              		@ sp needed
 168 00a6 BDE8F081 		pop	{r4, r5, r6, r7, r8, pc}
 169              	.L4:
 170 00aa 00BF     		.align	2
 171              	.L3:
 172 00ac 00100240 		.word	1073876992
 173 00b0 00100140 		.word	1073811456
 174 00b4 00080140 		.word	1073809408
 175              		.cfi_endproc
 176              	.LFE65:
 178              		.text
 179              	.Letext0:
 180              		.file 2 "/usr/lib/gcc/arm-none-eabi/10.3.1/include/stdint.h"
 181              		.file 3 "Drivers/CMSIS/Device/ST/STM32F1xx/Include/stm32f103xb.h"
 182              		.file 4 "Drivers/STM32F1xx_HAL_Driver/Inc/stm32f1xx_hal_gpio.h"
ARM GAS  /tmp/ccnT8fbe.s 			page 6


DEFINED SYMBOLS
                            *ABS*:0000000000000000 gpio.c
     /tmp/ccnT8fbe.s:16     .text.MX_GPIO_Init:0000000000000000 $t
     /tmp/ccnT8fbe.s:24     .text.MX_GPIO_Init:0000000000000000 MX_GPIO_Init
     /tmp/ccnT8fbe.s:172    .text.MX_GPIO_Init:00000000000000ac $d

UNDEFINED SYMBOLS
HAL_GPIO_WritePin
HAL_GPIO_Init
