Archive member included to satisfy reference by file (symbol)

/usr/lib/gcc/arm-none-eabi/10.3.1/../../../arm-none-eabi/lib/thumb/v7-m/nofp/libstdc++_nano.a(class_type_info.o)
                              build/pid.o (vtable for __cxxabiv1::__class_type_info)
/usr/lib/gcc/arm-none-eabi/10.3.1/../../../arm-none-eabi/lib/thumb/v7-m/nofp/libstdc++_nano.a(del_ops.o)
                              /usr/lib/gcc/arm-none-eabi/10.3.1/../../../arm-none-eabi/lib/thumb/v7-m/nofp/libstdc++_nano.a(class_type_info.o) (operator delete(void*, unsigned int))
/usr/lib/gcc/arm-none-eabi/10.3.1/../../../arm-none-eabi/lib/thumb/v7-m/nofp/libstdc++_nano.a(si_class_type_info.o)
                              /usr/lib/gcc/arm-none-eabi/10.3.1/../../../arm-none-eabi/lib/thumb/v7-m/nofp/libstdc++_nano.a(class_type_info.o) (vtable for __cxxabiv1::__si_class_type_info)
/usr/lib/gcc/arm-none-eabi/10.3.1/../../../arm-none-eabi/lib/thumb/v7-m/nofp/libstdc++_nano.a(tinfo.o)
                              /usr/lib/gcc/arm-none-eabi/10.3.1/../../../arm-none-eabi/lib/thumb/v7-m/nofp/libstdc++_nano.a(class_type_info.o) (std::type_info::~type_info())
/usr/lib/gcc/arm-none-eabi/10.3.1/../../../arm-none-eabi/lib/thumb/v7-m/nofp/libstdc++_nano.a(del_op.o)
                              /usr/lib/gcc/arm-none-eabi/10.3.1/../../../arm-none-eabi/lib/thumb/v7-m/nofp/libstdc++_nano.a(del_ops.o) (operator delete(void*))
/usr/lib/gcc/arm-none-eabi/10.3.1/../../../arm-none-eabi/lib/thumb/v7-m/nofp/libc_nano.a(lib_a-atexit.o)
                              /usr/lib/gcc/arm-none-eabi/10.3.1/../../../arm-none-eabi/lib/thumb/v7-m/nofp/crt0.o (atexit)
/usr/lib/gcc/arm-none-eabi/10.3.1/../../../arm-none-eabi/lib/thumb/v7-m/nofp/libc_nano.a(lib_a-errno.o)
                              build/sysmem.o (__errno)
/usr/lib/gcc/arm-none-eabi/10.3.1/../../../arm-none-eabi/lib/thumb/v7-m/nofp/libc_nano.a(lib_a-exit.o)
                              /usr/lib/gcc/arm-none-eabi/10.3.1/../../../arm-none-eabi/lib/thumb/v7-m/nofp/crt0.o (exit)
/usr/lib/gcc/arm-none-eabi/10.3.1/../../../arm-none-eabi/lib/thumb/v7-m/nofp/libc_nano.a(lib_a-fini.o)
                              /usr/lib/gcc/arm-none-eabi/10.3.1/../../../arm-none-eabi/lib/thumb/v7-m/nofp/crt0.o (__libc_fini_array)
/usr/lib/gcc/arm-none-eabi/10.3.1/../../../arm-none-eabi/lib/thumb/v7-m/nofp/libc_nano.a(lib_a-impure.o)
                              /usr/lib/gcc/arm-none-eabi/10.3.1/../../../arm-none-eabi/lib/thumb/v7-m/nofp/libc_nano.a(lib_a-exit.o) (_global_impure_ptr)
/usr/lib/gcc/arm-none-eabi/10.3.1/../../../arm-none-eabi/lib/thumb/v7-m/nofp/libc_nano.a(lib_a-init.o)
                              /usr/lib/gcc/arm-none-eabi/10.3.1/../../../arm-none-eabi/lib/thumb/v7-m/nofp/crt0.o (__libc_init_array)
/usr/lib/gcc/arm-none-eabi/10.3.1/../../../arm-none-eabi/lib/thumb/v7-m/nofp/libc_nano.a(lib_a-malloc.o)
                              /usr/lib/gcc/arm-none-eabi/10.3.1/../../../arm-none-eabi/lib/thumb/v7-m/nofp/libstdc++_nano.a(del_op.o) (free)
/usr/lib/gcc/arm-none-eabi/10.3.1/../../../arm-none-eabi/lib/thumb/v7-m/nofp/libc_nano.a(lib_a-memcpy.o)
                              build/uart.o (memcpy)
/usr/lib/gcc/arm-none-eabi/10.3.1/../../../arm-none-eabi/lib/thumb/v7-m/nofp/libc_nano.a(lib_a-memset.o)
                              /usr/lib/gcc/arm-none-eabi/10.3.1/../../../arm-none-eabi/lib/thumb/v7-m/nofp/crt0.o (memset)
/usr/lib/gcc/arm-none-eabi/10.3.1/../../../arm-none-eabi/lib/thumb/v7-m/nofp/libc_nano.a(lib_a-nano-freer.o)
                              /usr/lib/gcc/arm-none-eabi/10.3.1/../../../arm-none-eabi/lib/thumb/v7-m/nofp/libc_nano.a(lib_a-malloc.o) (_free_r)
/usr/lib/gcc/arm-none-eabi/10.3.1/../../../arm-none-eabi/lib/thumb/v7-m/nofp/libc_nano.a(lib_a-nano-mallocr.o)
                              /usr/lib/gcc/arm-none-eabi/10.3.1/../../../arm-none-eabi/lib/thumb/v7-m/nofp/libc_nano.a(lib_a-malloc.o) (_malloc_r)
/usr/lib/gcc/arm-none-eabi/10.3.1/../../../arm-none-eabi/lib/thumb/v7-m/nofp/libc_nano.a(lib_a-printf.o)
                              build/uart.o (printf)
/usr/lib/gcc/arm-none-eabi/10.3.1/../../../arm-none-eabi/lib/thumb/v7-m/nofp/libc_nano.a(lib_a-putchar.o)
                              build/uart.o (putchar)
/usr/lib/gcc/arm-none-eabi/10.3.1/../../../arm-none-eabi/lib/thumb/v7-m/nofp/libc_nano.a(lib_a-puts.o)
                              build/uart.o (puts)
/usr/lib/gcc/arm-none-eabi/10.3.1/../../../arm-none-eabi/lib/thumb/v7-m/nofp/libc_nano.a(lib_a-sbrkr.o)
                              /usr/lib/gcc/arm-none-eabi/10.3.1/../../../arm-none-eabi/lib/thumb/v7-m/nofp/libc_nano.a(lib_a-nano-mallocr.o) (_sbrk_r)
/usr/lib/gcc/arm-none-eabi/10.3.1/../../../arm-none-eabi/lib/thumb/v7-m/nofp/libc_nano.a(lib_a-strcmp.o)
                              /usr/lib/gcc/arm-none-eabi/10.3.1/../../../arm-none-eabi/lib/thumb/v7-m/nofp/libstdc++_nano.a(tinfo.o) (strcmp)
/usr/lib/gcc/arm-none-eabi/10.3.1/../../../arm-none-eabi/lib/thumb/v7-m/nofp/libc_nano.a(lib_a-wbuf.o)
[...]
Memory Configuration

Name             Origin             Length             Attributes
RAM              0x0000000020000000 0x0000000000005000 xrw
FLASH            0x0000000008000000 0x0000000000010000 xr
*default*        0x0000000000000000 0xffffffffffffffff

Linker script and memory map

LOAD /usr/lib/gcc/arm-none-eabi/10.3.1/thumb/v7-m/nofp/crti.o
LOAD /usr/lib/gcc/arm-none-eabi/10.3.1/thumb/v7-m/nofp/crtbegin.o
LOAD /usr/lib/gcc/arm-none-eabi/10.3.1/../../../arm-none-eabi/lib/thumb/v7-m/nofp/crt0.o
LOAD build/main.o
LOAD build/gpio.o
LOAD build/dma.o
LOAD build/tim.o
LOAD build/usart.o
LOAD build/stm32f1xx_it.o
LOAD build/stm32f1xx_hal_msp.o
LOAD build/stm32f1xx_hal_gpio_ex.o
LOAD build/stm32f1xx_hal.o
LOAD build/stm32f1xx_hal_rcc.o
LOAD build/stm32f1xx_hal_rcc_ex.o
LOAD build/stm32f1xx_hal_gpio.o
LOAD build/stm32f1xx_hal_dma.o
LOAD build/stm32f1xx_hal_cortex.o
LOAD build/stm32f1xx_hal_pwr.o
LOAD build/stm32f1xx_hal_flash.o
LOAD build/stm32f1xx_hal_flash_ex.o
LOAD build/stm32f1xx_hal_exti.o
LOAD build/stm32f1xx_hal_tim.o
LOAD build/stm32f1xx_hal_tim_ex.o
LOAD build/stm32f1xx_hal_uart.o
LOAD build/system_stm32f1xx.o
LOAD build/sysmem.o
LOAD build/syscalls.o
LOAD build/easy_crc.o
LOAD build/startup_stm32f103xb.o
LOAD build/motor.o
LOAD build/uart.o
LOAD build/pid.o
LOAD build/crc8.o
LOAD build/encoder.o
LOAD build/car.o
LOAD /usr/lib/gcc/arm-none-eabi/10.3.1/../../../arm-none-eabi/lib/thumb/v7-m/nofp/libnosys.a
LOAD /usr/lib/gcc/arm-none-eabi/10.3.1/../../../arm-none-eabi/lib/thumb/v7-m/nofp/libstdc++_nano.a
LOAD /usr/lib/gcc/arm-none-eabi/10.3.1/../../../arm-none-eabi/lib/thumb/v7-m/nofp/libm.a
LOAD /usr/lib/gcc/arm-none-eabi/10.3.1/../../../arm-none-eabi/lib/thumb/v7-m/nofp/libc_nano.a
START GROUP
LOAD /usr/lib/gcc/arm-none-eabi/10.3.1/thumb/v7-m/nofp/libgcc.a
LOAD /usr/lib/gcc/arm-none-eabi/10.3.1/../../../arm-none-eabi/lib/thumb/v7-m/nofp/libc_nano.a
END GROUP
START GROUP
LOAD /usr/lib/gcc/arm-none-eabi/10.3.1/thumb/v7-m/nofp/libgcc.a
LOAD /usr/lib/gcc/arm-none-eabi/10.3.1/../../../arm-none-eabi/lib/thumb/v7-m/nofp/libc_nano.a
END GROUP
LOAD /usr/lib/gcc/arm-none-eabi/10.3.1/thumb/v7-m/nofp/crtend.o
LOAD /usr/lib/gcc/arm-none-eabi/10.3.1/thumb/v7-m/nofp/crtn.o
                0x0000000020005000                _estack = (ORIGIN (RAM) + LENGTH (RAM))
                0x0000000020004c00                _sstack = (_estack - _Min_Stack_Size)
                0x0000000000000200                _Min_Heap_Size = 0x200
                0x0000000000000400                _Min_Stack_Size = 0x400

.isr_vector     0x0000000008000000      0x10c
                0x0000000008000000                . = ALIGN (0x4)
 *(.isr_vector)
 .isr_vector    0x0000000008000000      0x10c build/startup_stm32f103xb.o
                0x0000000008000000                g_pfnVectors
                0x000000000800010c                . = ALIGN (0x4)

.text           0x000000000800010c     0x4c00
                0x000000000800010c                . = ALIGN (0x4)
 *(.text)
 .text          0x000000000800010c       0x88 /usr/lib/gcc/arm-none-eabi/10.3.1/thumb/v7-m/nofp/crtbegin.o
 .text          0x0000000008000194        0xc /usr/lib/gcc/arm-none-eabi/10.3.1/../../../arm-none-eabi/lib/thumb/v7-m/nofp/libc_nano.a(lib_a-errno.o)
                0x0000000008000194                __errno
 .text          0x00000000080001a0       0x48 /usr/lib/gcc/arm-none-eabi/10.3.1/../../../arm-none-eabi/lib/thumb/v7-m/nofp/libc_nano.a(lib_a-init.o)
                0x00000000080001a0                __libc_init_array
 .text          0x00000000080001e8       0x20 /usr/lib/gcc/arm-none-eabi/10.3.1/../../../arm-none-eabi/lib/thumb/v7-m/nofp/libc_nano.a(lib_a-malloc.o)
                0x00000000080001e8                malloc
                0x00000000080001f8                free
 .text          0x0000000008000208       0xec /usr/lib/gcc/arm-none-eabi/10.3.1/../../../arm-none-eabi/lib/thumb/v7-m/nofp/libc_nano.a(lib_a-memcpy.o)
                0x0000000008000208                memcpy
 .text          0x00000000080002f4       0xa4 /usr/lib/gcc/arm-none-eabi/10.3.1/../../../arm-none-eabi/lib/thumb/v7-m/nofp/libc_nano.a(lib_a-memset.o)
                0x00000000080002f4                memset
 .text          0x0000000008000398       0xcc /usr/lib/gcc/arm-none-eabi/10.3.1/../../../arm-none-eabi/lib/thumb/v7-m/nofp/libc_nano.a(lib_a-nano-freer.o)
                0x0000000008000398                _free_r
 .text          0x0000000008000464       0xb8 /usr/lib/gcc/arm-none-eabi/10.3.1/../../../arm-none-eabi/lib/thumb/v7-m/nofp/libc_nano.a(lib_a-nano-mallocr.o)
                0x0000000008000464                _malloc_r
 .text          0x000000000800051c       0x24 /usr/lib/gcc/arm-none-eabi/10.3.1/../../../arm-none-eabi/lib/thumb/v7-m/nofp/libc_nano.a(lib_a-sbrkr.o)
                0x000000000800051c                _sbrk_r
 .text          0x0000000008000540      0x1bc /usr/lib/gcc/arm-none-eabi/10.3.1/../../../arm-none-eabi/lib/thumb/v7-m/nofp/libc_nano.a(lib_a-strcmp.o)
                0x0000000008000540                strcmp
 .text          0x00000000080006fc        0x8 /usr/lib/gcc/arm-none-eabi/10.3.1/../../../arm-none-eabi/lib/thumb/v7-m/nofp/libc_nano.a(lib_a-mlock.o)
                0x00000000080006fc                __malloc_lock
                0x0000000008000700                __malloc_unlock
 .text          0x0000000008000704      0x21c /usr/lib/gcc/arm-none-eabi/10.3.1/thumb/v7-m/nofp/libgcc.a(_arm_addsubsf3.o)
                0x0000000008000704                __aeabi_frsub
                0x000000000800070c                __subsf3
                0x000000000800070c                __aeabi_fsub
                0x0000000008000710                __aeabi_fadd
                0x0000000008000710                __addsf3
                0x0000000008000870                __aeabi_ui2f
                0x0000000008000870                __floatunsisf
                0x0000000008000878                __aeabi_i2f
                0x0000000008000878                __floatsisf
                0x0000000008000894                __floatundisf
                0x0000000008000894                __aeabi_ul2f
                0x00000000080008a4                __floatdisf
                0x00000000080008a4                __aeabi_l2f
 .text          0x0000000008000920      0x2a0 /usr/lib/gcc/arm-none-eabi/10.3.1/thumb/v7-m/nofp/libgcc.a(_arm_muldivsf3.o)
                0x0000000008000920                __mulsf3
                0x0000000008000920                __aeabi_fmul
                0x0000000008000a88                __divsf3
                0x0000000008000a88                __aeabi_fdiv
 .text          0x0000000008000bc0       0xec /usr/lib/gcc/arm-none-eabi/10.3.1/thumb/v7-m/nofp/libgcc.a(_arm_cmpsf2.o)
                0x0000000008000bc0                __gtsf2
                0x0000000008000bc0                __gesf2
                0x0000000008000bc8                __lesf2
                0x0000000008000bc8                __ltsf2
                0x0000000008000bd0                __nesf2
                0x0000000008000bd0                __eqsf2
                0x0000000008000bd0                __cmpsf2
                0x0000000008000c30                __aeabi_cfrcmple
                0x0000000008000c38                __aeabi_cfcmple
                0x0000000008000c38                __aeabi_cfcmpeq
                0x0000000008000c48                __aeabi_fcmpeq
                0x0000000008000c5c                __aeabi_fcmplt
                0x0000000008000c70                __aeabi_fcmple
                0x0000000008000c84                __aeabi_fcmpge
                0x0000000008000c98                __aeabi_fcmpgt
 .text          0x0000000008000cac       0x40 /usr/lib/gcc/arm-none-eabi/10.3.1/thumb/v7-m/nofp/libgcc.a(_arm_fixunssfsi.o)
                0x0000000008000cac                __aeabi_f2uiz
                0x0000000008000cac                __fixunssfsi
 .text          0x0000000008000cec      0x9e4 /usr/lib/gcc/arm-none-eabi/10.3.1/thumb/v7-m/nofp/libgcc.a(unwind-arm.o)
                0x0000000008000fac                _Unwind_GetCFA
                0x0000000008000fb0                __gnu_Unwind_RaiseException
                0x0000000008001018                __gnu_Unwind_ForcedUnwind
                0x000000000800102c                __gnu_Unwind_Resume
                0x0000000008001070                __gnu_Unwind_Resume_or_Rethrow
                0x0000000008001084                _Unwind_Complete
                0x0000000008001088                _Unwind_DeleteException
                0x0000000008001094                _Unwind_VRS_Get
                0x00000000080010e0                _Unwind_VRS_Set
                0x0000000008001128                __gnu_Unwind_Backtrace
                0x0000000008001450                __aeabi_unwind_cpp_pr0
                0x0000000008001454                __aeabi_unwind_cpp_pr1
                0x0000000008001458                __aeabi_unwind_cpp_pr2
                0x000000000800145c                _Unwind_VRS_Pop
 .text          0x00000000080016d0      0x1ac /usr/lib/gcc/arm-none-eabi/10.3.1/thumb/v7-m/nofp/libgcc.a(libunwind.o)
                0x00000000080016d0                __restore_core_regs
                0x00000000080016d0                restore_core_regs
                0x00000000080016e8                __gnu_Unwind_Restore_VFP
                0x00000000080016f0                __gnu_Unwind_Save_VFP
                0x00000000080016f8                __gnu_Unwind_Restore_VFP_D
                0x0000000008001700                __gnu_Unwind_Save_VFP_D
                0x0000000008001708                __gnu_Unwind_Restore_VFP_D_16_to_31
                0x0000000008001710                __gnu_Unwind_Save_VFP_D_16_to_31
                0x0000000008001718                __gnu_Unwind_Restore_WMMXD
                0x000000000800175c                __gnu_Unwind_Save_WMMXD
                0x00000000080017a0                __gnu_Unwind_Restore_WMMXC
                0x00000000080017b4                __gnu_Unwind_Save_WMMXC
                0x00000000080017c8                ___Unwind_RaiseException
                0x00000000080017c8                _Unwind_RaiseException
                0x00000000080017ec                ___Unwind_Resume
                0x00000000080017ec                _Unwind_Resume
                0x0000000008001810                _Unwind_Resume_or_Rethrow
                0x0000000008001810                ___Unwind_Resume_or_Rethrow
                0x0000000008001834                ___Unwind_ForcedUnwind
                0x0000000008001834                _Unwind_ForcedUnwind
                0x0000000008001858                _Unwind_Backtrace
                0x0000000008001858                ___Unwind_Backtrace
 .text          0x000000000800187c      0x38c /usr/lib/gcc/arm-none-eabi/10.3.1/thumb/v7-m/nofp/libgcc.a(pr-support.o)
                0x00000000080018d4                __gnu_unwind_execute
                0x0000000008001bb8                __gnu_unwind_frame
                0x0000000008001be8                _Unwind_GetRegionStart
                0x0000000008001bf4                _Unwind_GetLanguageSpecificData
 .text          0x0000000008001c08       0x10 /usr/lib/gcc/arm-none-eabi/10.3.1/../../../arm-none-eabi/lib/thumb/v7-m/nofp/libc_nano.a(lib_a-abort.o)
                0x0000000008001c08                abort
 .text          0x0000000008001c18      0x26c /usr/lib/gcc/arm-none-eabi/10.3.1/../../../arm-none-eabi/lib/thumb/v7-m/nofp/libc_nano.a(lib_a-signal.o)
                0x0000000008001c18                _init_signal_r
                0x0000000008001c44                _signal_r
                0x0000000008001c8c                _raise_r
                0x0000000008001ce0                __sigtramp_r
                0x0000000008001d44                raise
                0x0000000008001d9c                signal
                0x0000000008001dec                _init_signal
                0x0000000008001e20                __sigtramp
 .text          0x0000000008001e84       0x2c /usr/lib/gcc/arm-none-eabi/10.3.1/../../../arm-none-eabi/lib/thumb/v7-m/nofp/libc_nano.a(lib_a-signalr.o)
                0x0000000008001e84                _kill_r
                0x0000000008001eac                _getpid_r
 *(.text*)
 .text.Error_Handler
                0x0000000008001eb0        0x4 build/main.o
                0x0000000008001eb0                Error_Handler
 .text.SystemClock_Config
                0x0000000008001eb4       0x64 build/main.o
                0x0000000008001eb4                SystemClock_Config
 .text.main     0x0000000008001f18       0x28 build/main.o
                0x0000000008001f18                main
 .text.MX_GPIO_Init
                0x0000000008001f40       0xb8 build/gpio.o
                0x0000000008001f40                MX_GPIO_Init
 .text.MX_DMA_Init
                0x0000000008001ff8       0x34 build/dma.o
                0x0000000008001ff8                MX_DMA_Init
 .text.MX_TIM1_Init
                0x000000000800202c       0x68 build/tim.o
                0x000000000800202c                MX_TIM1_Init
 .text.MX_TIM2_Init
                0x0000000008002094       0x64 build/tim.o
                0x0000000008002094                MX_TIM2_Init
 .text.HAL_TIM_Encoder_MspInit
                0x00000000080020f8       0x9c build/tim.o
                0x00000000080020f8                HAL_TIM_Encoder_MspInit
 .text.HAL_TIM_PWM_MspInit
                0x0000000008002194       0x2c build/tim.o
                0x0000000008002194                HAL_TIM_PWM_MspInit
 .text.HAL_TIM_MspPostInit
                0x00000000080021c0       0x50 build/tim.o
                0x00000000080021c0                HAL_TIM_MspPostInit
 .text.MX_TIM3_Init
                0x0000000008002210       0x94 build/tim.o
                0x0000000008002210                MX_TIM3_Init
 .text.MX_USART3_UART_Init
                0x00000000080022a4       0x34 build/usart.o
                0x00000000080022a4                MX_USART3_UART_Init
 .text.HAL_UART_MspInit
                0x00000000080022d8       0xbc build/usart.o
                0x00000000080022d8                HAL_UART_MspInit
 .text.NMI_Handler
                0x0000000008002394        0x2 build/stm32f1xx_it.o
                0x0000000008002394                NMI_Handler
 .text.HardFault_Handler
                0x0000000008002396        0x2 build/stm32f1xx_it.o
                0x0000000008002396                HardFault_Handler
 .text.MemManage_Handler
                0x0000000008002398        0x2 build/stm32f1xx_it.o
                0x0000000008002398                MemManage_Handler
 .text.BusFault_Handler
                0x000000000800239a        0x2 build/stm32f1xx_it.o
                0x000000000800239a                BusFault_Handler
 .text.UsageFault_Handler
                0x000000000800239c        0x2 build/stm32f1xx_it.o
                0x000000000800239c                UsageFault_Handler
 .text.SVC_Handler
                0x000000000800239e        0x2 build/stm32f1xx_it.o
                0x000000000800239e                SVC_Handler
 .text.DebugMon_Handler
                0x00000000080023a0        0x2 build/stm32f1xx_it.o
                0x00000000080023a0                DebugMon_Handler
 .text.PendSV_Handler
                0x00000000080023a2        0x2 build/stm32f1xx_it.o
                0x00000000080023a2                PendSV_Handler
 .text.SysTick_Handler
                0x00000000080023a4        0x8 build/stm32f1xx_it.o
                0x00000000080023a4                SysTick_Handler
 .text.DMA1_Channel3_IRQHandler
                0x00000000080023ac       0x10 build/stm32f1xx_it.o
                0x00000000080023ac                DMA1_Channel3_IRQHandler
 .text.USART3_IRQHandler
                0x00000000080023bc       0x10 build/stm32f1xx_it.o
                0x00000000080023bc                USART3_IRQHandler
 .text.HAL_MspInit
                0x00000000080023cc       0x44 build/stm32f1xx_hal_msp.o
                0x00000000080023cc                HAL_MspInit
 .text.HAL_InitTick
                0x0000000008002410       0x4c build/stm32f1xx_hal.o
                0x0000000008002410                HAL_InitTick
 .text.HAL_Init
                0x000000000800245c       0x24 build/stm32f1xx_hal.o
                0x000000000800245c                HAL_Init
 .text.HAL_IncTick
                0x0000000008002480       0x18 build/stm32f1xx_hal.o
                0x0000000008002480                HAL_IncTick
 .text.HAL_GetTick
                0x0000000008002498        0xc build/stm32f1xx_hal.o
                0x0000000008002498                HAL_GetTick
 .text.RCC_Delay
                0x00000000080024a4       0x2c build/stm32f1xx_hal_rcc.o
 .text.HAL_RCC_OscConfig
                0x00000000080024d0      0x410 build/stm32f1xx_hal_rcc.o
                0x00000000080024d0                HAL_RCC_OscConfig
 .text.HAL_RCC_GetSysClockFreq
                0x00000000080028e0       0x54 build/stm32f1xx_hal_rcc.o
                0x00000000080028e0                HAL_RCC_GetSysClockFreq
 .text.HAL_RCC_ClockConfig
                0x0000000008002934      0x16c build/stm32f1xx_hal_rcc.o
                0x0000000008002934                HAL_RCC_ClockConfig
 .text.HAL_RCC_GetHCLKFreq
                0x0000000008002aa0        0xc build/stm32f1xx_hal_rcc.o
                0x0000000008002aa0                HAL_RCC_GetHCLKFreq
 .text.HAL_RCC_GetPCLK1Freq
                0x0000000008002aac       0x20 build/stm32f1xx_hal_rcc.o
                0x0000000008002aac                HAL_RCC_GetPCLK1Freq
 .text.HAL_RCC_GetPCLK2Freq
                0x0000000008002acc       0x20 build/stm32f1xx_hal_rcc.o
                0x0000000008002acc                HAL_RCC_GetPCLK2Freq
 .text.HAL_GPIO_Init
                0x0000000008002aec      0x224 build/stm32f1xx_hal_gpio.o
                0x0000000008002aec                HAL_GPIO_Init
 .text.HAL_GPIO_WritePin
                0x0000000008002d10        0xc build/stm32f1xx_hal_gpio.o
                0x0000000008002d10                HAL_GPIO_WritePin
 .text.HAL_GPIO_TogglePin
                0x0000000008002d1c       0x12 build/stm32f1xx_hal_gpio.o
                0x0000000008002d1c                HAL_GPIO_TogglePin
 .text.DMA_SetConfig
                0x0000000008002d2e       0x2c build/stm32f1xx_hal_dma.o
 *fill*         0x0000000008002d5a        0x2 
 .text.HAL_DMA_Init
                0x0000000008002d5c       0x6c build/stm32f1xx_hal_dma.o
                0x0000000008002d5c                HAL_DMA_Init
 .text.HAL_DMA_Start_IT
                0x0000000008002dc8       0x76 build/stm32f1xx_hal_dma.o
                0x0000000008002dc8                HAL_DMA_Start_IT
 .text.HAL_DMA_Abort
                0x0000000008002e3e       0x46 build/stm32f1xx_hal_dma.o
                0x0000000008002e3e                HAL_DMA_Abort
 .text.HAL_DMA_Abort_IT
                0x0000000008002e84       0x98 build/stm32f1xx_hal_dma.o
                0x0000000008002e84                HAL_DMA_Abort_IT
 .text.HAL_DMA_IRQHandler
                0x0000000008002f1c      0x144 build/stm32f1xx_hal_dma.o
                0x0000000008002f1c                HAL_DMA_IRQHandler
 .text.HAL_NVIC_SetPriorityGrouping
                0x0000000008003060       0x24 build/stm32f1xx_hal_cortex.o
                0x0000000008003060                HAL_NVIC_SetPriorityGrouping
 .text.HAL_NVIC_SetPriority
                0x0000000008003084       0x70 build/stm32f1xx_hal_cortex.o
                0x0000000008003084                HAL_NVIC_SetPriority
 .text.HAL_NVIC_EnableIRQ
                0x00000000080030f4       0x1c build/stm32f1xx_hal_cortex.o
                0x00000000080030f4                HAL_NVIC_EnableIRQ
 .text.HAL_SYSTICK_Config
                0x0000000008003110       0x28 build/stm32f1xx_hal_cortex.o
                0x0000000008003110                HAL_SYSTICK_Config
 .text.TIM_OC1_SetConfig
                0x0000000008003138       0x5c build/stm32f1xx_hal_tim.o
 .text.TIM_OC3_SetConfig
                0x0000000008003194       0x64 build/stm32f1xx_hal_tim.o
 .text.TIM_OC4_SetConfig
                0x00000000080031f8       0x48 build/stm32f1xx_hal_tim.o
 .text.TIM_Base_SetConfig
                0x0000000008003240       0x84 build/stm32f1xx_hal_tim.o
                0x0000000008003240                TIM_Base_SetConfig
 .text.HAL_TIM_PWM_Init
                0x00000000080032c4       0x58 build/stm32f1xx_hal_tim.o
                0x00000000080032c4                HAL_TIM_PWM_Init
 .text.HAL_TIM_Encoder_Init
                0x000000000800331c       0xb8 build/stm32f1xx_hal_tim.o
                0x000000000800331c                HAL_TIM_Encoder_Init
 .text.TIM_OC2_SetConfig
                0x00000000080033d4       0x64 build/stm32f1xx_hal_tim.o
                0x00000000080033d4                TIM_OC2_SetConfig
 .text.HAL_TIM_PWM_ConfigChannel
                0x0000000008003438       0xdc build/stm32f1xx_hal_tim.o
                0x0000000008003438                HAL_TIM_PWM_ConfigChannel
 .text.TIM_CCxChannelCmd
                0x0000000008003514       0x1e build/stm32f1xx_hal_tim.o
                0x0000000008003514                TIM_CCxChannelCmd
 *fill*         0x0000000008003532        0x2 
 .text.HAL_TIM_PWM_Start
                0x0000000008003534       0xdc build/stm32f1xx_hal_tim.o
                0x0000000008003534                HAL_TIM_PWM_Start
 .text.HAL_TIM_Encoder_Start
                0x0000000008003610       0xcc build/stm32f1xx_hal_tim.o
                0x0000000008003610                HAL_TIM_Encoder_Start
 .text.HAL_TIM_Encoder_Stop
                0x00000000080036dc       0xc4 build/stm32f1xx_hal_tim.o
                0x00000000080036dc                HAL_TIM_Encoder_Stop
 .text.TIM_CCxNChannelCmd
                0x00000000080037a0       0x1e build/stm32f1xx_hal_tim_ex.o
 *fill*         0x00000000080037be        0x2 
 .text.HAL_TIMEx_PWMN_Start
                0x00000000080037c0       0xd4 build/stm32f1xx_hal_tim_ex.o
                0x00000000080037c0                HAL_TIMEx_PWMN_Start
 .text.HAL_TIMEx_MasterConfigSynchronization
                0x0000000008003894       0x6c build/stm32f1xx_hal_tim_ex.o
                0x0000000008003894                HAL_TIMEx_MasterConfigSynchronization
 .text.UART_EndTxTransfer
                0x0000000008003900       0x20 build/stm32f1xx_hal_uart.o
 .text.UART_EndRxTransfer
                0x0000000008003920       0x5c build/stm32f1xx_hal_uart.o
 .text.UART_Transmit_IT
                0x000000000800397c       0x60 build/stm32f1xx_hal_uart.o
 .text.UART_SetConfig
                0x00000000080039dc       0x94 build/stm32f1xx_hal_uart.o
 .text.HAL_UART_Init
                0x0000000008003a70       0x60 build/stm32f1xx_hal_uart.o
                0x0000000008003a70                HAL_UART_Init
 .text.UART_EndTransmit_IT
                0x0000000008003ad0       0x1a build/stm32f1xx_hal_uart.o
 .text.HAL_UART_RxHalfCpltCallback
                0x0000000008003aea        0x2 build/stm32f1xx_hal_uart.o
                0x0000000008003aea                HAL_UART_RxHalfCpltCallback
 .text.UART_DMAError
                0x0000000008003aec       0x58 build/stm32f1xx_hal_uart.o
 .text.UART_DMAAbortOnError
                0x0000000008003b44       0x10 build/stm32f1xx_hal_uart.o
 .text.HAL_UARTEx_RxEventCallback
                0x0000000008003b54        0x2 build/stm32f1xx_hal_uart.o
                0x0000000008003b54                HAL_UARTEx_RxEventCallback
 .text.UART_Receive_IT
                0x0000000008003b56       0xe6 build/stm32f1xx_hal_uart.o
 .text.HAL_UART_IRQHandler
                0x0000000008003c3c      0x288 build/stm32f1xx_hal_uart.o
                0x0000000008003c3c                HAL_UART_IRQHandler
 .text.UART_DMARxHalfCplt
                0x0000000008003ec4       0x1e build/stm32f1xx_hal_uart.o
 .text.UART_DMAReceiveCplt
                0x0000000008003ee2       0x9a build/stm32f1xx_hal_uart.o
 .text.UART_Start_Receive_DMA
                0x0000000008003f7c       0xa4 build/stm32f1xx_hal_uart.o
                0x0000000008003f7c                UART_Start_Receive_DMA
 .text.HAL_UART_Receive_DMA
                0x0000000008004020       0x26 build/stm32f1xx_hal_uart.o
                0x0000000008004020                HAL_UART_Receive_DMA
 .text.SystemInit
                0x0000000008004046        0x2 build/system_stm32f1xx.o
                0x0000000008004046                SystemInit
 .text._sbrk    0x0000000008004048       0x48 build/sysmem.o
                0x0000000008004048                _sbrk
 .text._getpid  0x0000000008004090        0x4 build/syscalls.o
                0x0000000008004090                _getpid
 .text._kill    0x0000000008004094       0x10 build/syscalls.o
                0x0000000008004094                _kill
 .text._exit    0x00000000080040a4        0xc build/syscalls.o
                0x00000000080040a4                _exit
 .text.calculate_cr8x_fast
                0x00000000080040b0       0x28 build/easy_crc.o
                0x00000000080040b0                calculate_cr8x_fast
 .text.Reset_Handler
                0x00000000080040d8       0x48 build/startup_stm32f103xb.o
                0x00000000080040d8                Reset_Handler
 .text.Default_Handler
                0x0000000008004120        0x2 build/startup_stm32f103xb.o
                0x0000000008004120                RTC_Alarm_IRQHandler
                0x0000000008004120                EXTI2_IRQHandler
                0x0000000008004120                TIM1_CC_IRQHandler
                0x0000000008004120                PVD_IRQHandler
                0x0000000008004120                EXTI3_IRQHandler
                0x0000000008004120                EXTI0_IRQHandler
                0x0000000008004120                I2C2_EV_IRQHandler
                0x0000000008004120                ADC1_2_IRQHandler
                0x0000000008004120                SPI1_IRQHandler
                0x0000000008004120                TAMPER_IRQHandler
                0x0000000008004120                DMA1_Channel4_IRQHandler
                0x0000000008004120                RTC_IRQHandler
                0x0000000008004120                DMA1_Channel7_IRQHandler
                0x0000000008004120                CAN1_RX1_IRQHandler
                0x0000000008004120                TIM4_IRQHandler
                0x0000000008004120                I2C1_EV_IRQHandler
                0x0000000008004120                DMA1_Channel6_IRQHandler
                0x0000000008004120                TIM3_IRQHandler
                0x0000000008004120                RCC_IRQHandler
                0x0000000008004120                TIM1_TRG_COM_IRQHandler
                0x0000000008004120                DMA1_Channel1_IRQHandler
                0x0000000008004120                Default_Handler
                0x0000000008004120                EXTI15_10_IRQHandler
                0x0000000008004120                EXTI9_5_IRQHandler
                0x0000000008004120                SPI2_IRQHandler
                0x0000000008004120                DMA1_Channel5_IRQHandler
                0x0000000008004120                EXTI4_IRQHandler
                0x0000000008004120                USB_LP_CAN1_RX0_IRQHandler
                0x0000000008004120                USB_HP_CAN1_TX_IRQHandler
                0x0000000008004120                TIM1_UP_IRQHandler
                0x0000000008004120                WWDG_IRQHandler
                0x0000000008004120                TIM2_IRQHandler
                0x0000000008004120                TIM1_BRK_IRQHandler
                0x0000000008004120                EXTI1_IRQHandler
                0x0000000008004120                USART2_IRQHandler
                0x0000000008004120                I2C2_ER_IRQHandler
                0x0000000008004120                DMA1_Channel2_IRQHandler
                0x0000000008004120                CAN1_SCE_IRQHandler
                0x0000000008004120                FLASH_IRQHandler
                0x0000000008004120                USART1_IRQHandler
                0x0000000008004120                I2C1_ER_IRQHandler
                0x0000000008004120                USBWakeUp_IRQHandler
 .text._Z5clampIfET_S0_S0_S0_
                0x0000000008004122       0x26 build/motor.o
                0x0000000008004122                float clamp<float>(float, float, float)
 .text._ZN5Motor9set_speedEf
                0x0000000008004148       0x98 build/motor.o
                0x0000000008004148                Motor::set_speed(float)
 .text._ZN5Motor4initEv
                0x00000000080041e0       0x30 build/motor.o
                0x00000000080041e0                Motor::init()
 .text._ZN4UARTC2EP20__UART_HandleTypeDef8UARTModett
                0x0000000008004210       0x5a build/uart.o
                0x0000000008004210                UART::UART(__UART_HandleTypeDef*, UARTMode, unsigned short, unsigned short)
                0x0000000008004210                UART::UART(__UART_HandleTypeDef*, UARTMode, unsigned short, unsigned short)
 .text._ZN4UART4initEv
                0x000000000800426a       0x32 build/uart.o
                0x000000000800426a                UART::init()
 .text._ZN4UART25process_transmit_callbackEv
                0x000000000800429c       0x1e build/uart.o
                0x000000000800429c                UART::process_transmit_callback()
 .text._ZN4UART17get_received_dataEPh
                0x00000000080042ba       0x2e build/uart.o
                0x00000000080042ba                UART::get_received_data(unsigned char*)
 .text._ZN4UART17get_uart_instanceEv
                0x00000000080042e8        0x6 build/uart.o
                0x00000000080042e8                UART::get_uart_instance()
 .text._ZN4UART20UART_RxErrorCallBackEP20__UART_HandleTypeDef17UARTReceiveStatus
                0x00000000080042ee        0x2 build/uart.o
                0x00000000080042ee                UART::UART_RxErrorCallBack(__UART_HandleTypeDef*, UARTReceiveStatus)
 .text._ZN4UART24process_receive_callbackEv
                0x00000000080042f0       0xe0 build/uart.o
                0x00000000080042f0                UART::process_receive_callback()
 .text._ZN3PID9get_errorEv
                0x00000000080043d0        0xc build/pid.o
                0x00000000080043d0                PID::get_error()
 .text._ZN3PID6get_kpEv
                0x00000000080043dc        0x4 build/pid.o
                0x00000000080043dc                PID::get_kp()
 .text._ZN3PID6get_kiEv
                0x00000000080043e0        0x4 build/pid.o
                0x00000000080043e0                PID::get_ki()
 .text._ZN3PID6get_kdEv
                0x00000000080043e4        0x4 build/pid.o
                0x00000000080043e4                PID::get_kd()
 .text._ZN3PID10setTuningsEfff
                0x00000000080043e8       0x64 build/pid.o
                0x00000000080043e8                PID::setTunings(float, float, float)
 .text._ZN3PID13setSampleTimeEt
                0x000000000800444c       0x3c build/pid.o
                0x000000000800444c                PID::setSampleTime(unsigned short)
 .text._ZN3PID9getOutMaxEv
                0x0000000008004488        0x4 build/pid.o
                0x0000000008004488                PID::getOutMax()
 .text._ZN3PID9getOutMinEv
                0x000000000800448c        0x4 build/pid.o
                0x000000000800448c                PID::getOutMin()
 .text._ZN3PID4initEv
                0x0000000008004490       0x58 build/pid.o
                0x0000000008004490                PID::init()
 .text._ZN3PIDC2Efffffsf16ControlDirection16ProportionalType4Mode
                0x00000000080044e8       0x54 build/pid.o
                0x00000000080044e8                PID::PID(float, float, float, float, float, short, float, ControlDirection, ProportionalType, Mode)
                0x00000000080044e8                PID::PID(float, float, float, float, float, short, float, ControlDirection, ProportionalType, Mode)
 .text._ZN3PID7computeEv
                0x000000000800453c      0x13e build/pid.o
                0x000000000800453c                PID::compute()
 .text._ZN3PID15setOutputLimitsEff
                0x000000000800467a       0x3a build/pid.o
                0x000000000800467a                PID::setOutputLimits(float, float)
 .text._ZN3PID7setModeE4Mode
                0x00000000080046b4       0x2a build/pid.o
                0x00000000080046b4                PID::setMode(Mode)
 .text._ZN7Encoder9get_countEv
                0x00000000080046de       0x1c build/encoder.o
                0x00000000080046de                Encoder::get_count()
 .text._ZN7Encoder19reset_encoder_countEv
                0x00000000080046fa       0x1e build/encoder.o
                0x00000000080046fa                Encoder::reset_encoder_count()
 .text._ZN7Encoder4initEv
                0x0000000008004718       0x2e build/encoder.o
                0x0000000008004718                Encoder::init()
 *fill*         0x0000000008004746        0x2 
 .text._ZN7Encoder9get_omegaEv
                0x0000000008004748       0x68 build/encoder.o
                0x0000000008004748                Encoder::get_omega()
 .text._Z41__static_initialization_and_destruction_0ii
                0x00000000080047b0      0x150 build/car.o
 .text.HAL_UART_RxCpltCallback
                0x0000000008004900       0x2c build/car.o
                0x0000000008004900                HAL_UART_RxCpltCallback
 .text.HAL_UART_TxCpltCallback
                0x000000000800492c       0x1c build/car.o
                0x000000000800492c                HAL_UART_TxCpltCallback
 .text.HAL_UART_ErrorCallback
                0x0000000008004948       0x1c build/car.o
                0x0000000008004948                HAL_UART_ErrorCallback
 .text._GLOBAL__sub_I_car
                0x0000000008004964        0xe build/car.o
 *fill*         0x0000000008004972        0x2 
 .text._ZN3Car4initEv
                0x0000000008004974       0x58 build/car.o
                0x0000000008004974                Car::init()
 .text._ZN3Car9set_twistERK5Twist
                0x00000000080049cc       0xc0 build/car.o
                0x00000000080049cc                Car::set_twist(Twist const&)
 .text._ZN3Car3runEv
                0x0000000008004a8c       0x30 build/car.o
                0x0000000008004a8c                Car::run()
 .text.run_car  0x0000000008004abc       0x14 build/car.o
                0x0000000008004abc                run_car
 .text._ZNK10__cxxabiv117__class_type_info11__do_upcastEPKS0_PPv
                0x0000000008004ad0       0x32 /usr/lib/gcc/arm-none-eabi/10.3.1/../../../arm-none-eabi/lib/thumb/v7-m/nofp/libstdc++_nano.a(class_type_info.o)
                0x0000000008004ad0                __cxxabiv1::__class_type_info::__do_upcast(__cxxabiv1::__class_type_info const*, void**) const
 .text._ZNK10__cxxabiv117__class_type_info20__do_find_public_srcEiPKvPKS0_S2_
                0x0000000008004b02        0xc /usr/lib/gcc/arm-none-eabi/10.3.1/../../../arm-none-eabi/lib/thumb/v7-m/nofp/libstdc++_nano.a(class_type_info.o)
                0x0000000008004b02                __cxxabiv1::__class_type_info::__do_find_public_src(int, void const*, __cxxabiv1::__class_type_info const*, void const*) const
 *fill*         0x0000000008004b0e        0x2 
 .text._ZN10__cxxabiv117__class_type_infoD2Ev
                0x0000000008004b10       0x14 /usr/lib/gcc/arm-none-eabi/10.3.1/../../../arm-none-eabi/lib/thumb/v7-m/nofp/libstdc++_nano.a(class_type_info.o)
                0x0000000008004b10                __cxxabiv1::__class_type_info::~__class_type_info()
                0x0000000008004b10                __cxxabiv1::__class_type_info::~__class_type_info()
 .text._ZN10__cxxabiv117__class_type_infoD0Ev
                0x0000000008004b24       0x14 /usr/lib/gcc/arm-none-eabi/10.3.1/../../../arm-none-eabi/lib/thumb/v7-m/nofp/libstdc++_nano.a(class_type_info.o)
                0x0000000008004b24                __cxxabiv1::__class_type_info::~__class_type_info()
 .text._ZNK10__cxxabiv117__class_type_info12__do_dyncastEiNS0_10__sub_kindEPKS0_PKvS3_S5_RNS0_16__dyncast_resultE
                0x0000000008004b38       0x3e /usr/lib/gcc/arm-none-eabi/10.3.1/../../../arm-none-eabi/lib/thumb/v7-m/nofp/libstdc++_nano.a(class_type_info.o)
                0x0000000008004b38                __cxxabiv1::__class_type_info::__do_dyncast(int, __cxxabiv1::__class_type_info::__sub_kind, __cxxabiv1::__class_type_info const*, void const*, __cxxabiv1::__class_type_info const*, void const*, __cxxabiv1::__class_type_info::__dyncast_result&) const
 .text._ZNK10__cxxabiv117__class_type_info11__do_upcastEPKS0_PKvRNS0_15__upcast_resultE
                0x0000000008004b76       0x18 /usr/lib/gcc/arm-none-eabi/10.3.1/../../../arm-none-eabi/lib/thumb/v7-m/nofp/libstdc++_nano.a(class_type_info.o)
                0x0000000008004b76                __cxxabiv1::__class_type_info::__do_upcast(__cxxabiv1::__class_type_info const*, void const*, __cxxabiv1::__class_type_info::__upcast_result&) const
 .text._ZNK10__cxxabiv117__class_type_info10__do_catchEPKSt9type_infoPPvj
                0x0000000008004b8e       0x2a /usr/lib/gcc/arm-none-eabi/10.3.1/../../../arm-none-eabi/lib/thumb/v7-m/nofp/libstdc++_nano.a(class_type_info.o)
                0x0000000008004b8e                __cxxabiv1::__class_type_info::__do_catch(std::type_info const*, void**, unsigned int) const
 .text._ZdlPvj  0x0000000008004bb8        0x4 /usr/lib/gcc/arm-none-eabi/10.3.1/../../../arm-none-eabi/lib/thumb/v7-m/nofp/libstdc++_nano.a(del_ops.o)
                0x0000000008004bb8                operator delete(void*, unsigned int)
 .text._ZN10__cxxabiv120__si_class_type_infoD2Ev
                0x0000000008004bbc       0x14 /usr/lib/gcc/arm-none-eabi/10.3.1/../../../arm-none-eabi/lib/thumb/v7-m/nofp/libstdc++_nano.a(si_class_type_info.o)
                0x0000000008004bbc                __cxxabiv1::__si_class_type_info::~__si_class_type_info()
                0x0000000008004bbc                __cxxabiv1::__si_class_type_info::~__si_class_type_info()
 .text._ZN10__cxxabiv120__si_class_type_infoD0Ev
                0x0000000008004bd0       0x14 /usr/lib/gcc/arm-none-eabi/10.3.1/../../../arm-none-eabi/lib/thumb/v7-m/nofp/libstdc++_nano.a(si_class_type_info.o)
                0x0000000008004bd0                __cxxabiv1::__si_class_type_info::~__si_class_type_info()
 .text._ZNK10__cxxabiv120__si_class_type_info20__do_find_public_srcEiPKvPKNS_17__class_type_infoES2_
                0x0000000008004be4       0x3c /usr/lib/gcc/arm-none-eabi/10.3.1/../../../arm-none-eabi/lib/thumb/v7-m/nofp/libstdc++_nano.a(si_class_type_info.o)
                0x0000000008004be4                __cxxabiv1::__si_class_type_info::__do_find_public_src(int, void const*, __cxxabiv1::__class_type_info const*, void const*) const
 .text._ZNK10__cxxabiv120__si_class_type_info12__do_dyncastEiNS_17__class_type_info10__sub_kindEPKS1_PKvS4_S6_RNS1_16__dyncast_resultE
                0x0000000008004c20       0x74 /usr/lib/gcc/arm-none-eabi/10.3.1/../../../arm-none-eabi/lib/thumb/v7-m/nofp/libstdc++_nano.a(si_class_type_info.o)
                0x0000000008004c20                __cxxabiv1::__si_class_type_info::__do_dyncast(int, __cxxabiv1::__class_type_info::__sub_kind, __cxxabiv1::__class_type_info const*, void const*, __cxxabiv1::__class_type_info const*, void const*, __cxxabiv1::__class_type_info::__dyncast_result&) const
 .text._ZNK10__cxxabiv120__si_class_type_info11__do_upcastEPKNS_17__class_type_infoEPKvRNS1_15__upcast_resultE
                0x0000000008004c94       0x2a /usr/lib/gcc/arm-none-eabi/10.3.1/../../../arm-none-eabi/lib/thumb/v7-m/nofp/libstdc++_nano.a(si_class_type_info.o)
                0x0000000008004c94                __cxxabiv1::__si_class_type_info::__do_upcast(__cxxabiv1::__class_type_info const*, void const*, __cxxabiv1::__class_type_info::__upcast_result&) const
 .text._ZNSt9type_infoD2Ev
                0x0000000008004cbe        0x2 /usr/lib/gcc/arm-none-eabi/10.3.1/../../../arm-none-eabi/lib/thumb/v7-m/nofp/libstdc++_nano.a(tinfo.o)
                0x0000000008004cbe                std::type_info::~type_info()
                0x0000000008004cbe                std::type_info::~type_info()
 .text._ZNKSt9type_info14__is_pointer_pEv
                0x0000000008004cc0        0x4 /usr/lib/gcc/arm-none-eabi/10.3.1/../../../arm-none-eabi/lib/thumb/v7-m/nofp/libstdc++_nano.a(tinfo.o)
                0x0000000008004cc0                std::type_info::__is_function_p() const
                0x0000000008004cc0                std::type_info::__is_pointer_p() const
 .text._ZNKSt9type_infoeqERKS_
                0x0000000008004cc4       0x2c /usr/lib/gcc/arm-none-eabi/10.3.1/../../../arm-none-eabi/lib/thumb/v7-m/nofp/libstdc++_nano.a(tinfo.o)
                0x0000000008004cc4                std::type_info::operator==(std::type_info const&) const
 .text._ZdlPv   0x0000000008004cf0        0x4 /usr/lib/gcc/arm-none-eabi/10.3.1/../../../arm-none-eabi/lib/thumb/v7-m/nofp/libstdc++_nano.a(del_op.o)
                0x0000000008004cf0                operator delete(void*)
 *(.glue_7)
 .glue_7        0x0000000008004cf4        0x0 linker stubs
 *(.glue_7t)
 .glue_7t       0x0000000008004cf4        0x0 linker stubs
 *(.eh_frame)
 .eh_frame      0x0000000008004cf4        0x0 /usr/lib/gcc/arm-none-eabi/10.3.1/thumb/v7-m/nofp/crtbegin.o
 *(.init)
 .init          0x0000000008004cf4        0x4 /usr/lib/gcc/arm-none-eabi/10.3.1/thumb/v7-m/nofp/crti.o
                0x0000000008004cf4                _init
 .init          0x0000000008004cf8        0x8 /usr/lib/gcc/arm-none-eabi/10.3.1/thumb/v7-m/nofp/crtn.o
 *(.fini)
 .fini          0x0000000008004d00        0x4 /usr/lib/gcc/arm-none-eabi/10.3.1/thumb/v7-m/nofp/crti.o
                0x0000000008004d00                _fini
 .fini          0x0000000008004d04        0x8 /usr/lib/gcc/arm-none-eabi/10.3.1/thumb/v7-m/nofp/crtn.o
                0x0000000008004d0c                . = ALIGN (0x4)
                0x0000000008004d0c                _etext = .

.vfp11_veneer   0x0000000008004d0c        0x0
 .vfp11_veneer  0x0000000008004d0c        0x0 linker stubs

.v4_bx          0x0000000008004d0c        0x0
 .v4_bx         0x0000000008004d0c        0x0 linker stubs

.iplt           0x0000000008004d0c        0x0
 .iplt          0x0000000008004d0c        0x0 /usr/lib/gcc/arm-none-eabi/10.3.1/thumb/v7-m/nofp/crtbegin.o

.rodata         0x0000000008004d0c      0x2c0
                0x0000000008004d0c                . = ALIGN (0x4)
 *(.rodata)
 .rodata        0x0000000008004d0c       0x18 build/car.o
 .rodata        0x0000000008004d24       0x60 /usr/lib/gcc/arm-none-eabi/10.3.1/../../../arm-none-eabi/lib/thumb/v7-m/nofp/libc_nano.a(lib_a-findfp.o)
                0x0000000008004d24                __sf_fake_stderr
                0x0000000008004d44                __sf_fake_stdout
                0x0000000008004d64                __sf_fake_stdin
 *(.rodata*)
 .rodata.aPLLMULFactorTable.1
                0x0000000008004d84       0x10 build/stm32f1xx_hal_rcc.o
 .rodata.aPredivFactorTable.0
                0x0000000008004d94        0x2 build/stm32f1xx_hal_rcc.o
 *fill*         0x0000000008004d96        0x2 
 .rodata.AHBPrescTable
                0x0000000008004d98       0x10 build/system_stm32f1xx.o
                0x0000000008004d98                AHBPrescTable
 .rodata.APBPrescTable
                0x0000000008004da8        0x8 build/system_stm32f1xx.o
                0x0000000008004da8                APBPrescTable
 .rodata.crc8x_table
                0x0000000008004db0      0x100 build/easy_crc.o
 .rodata._ZTI3PID
                0x0000000008004eb0        0x8 build/pid.o
                0x0000000008004eb0                typeinfo for PID
 .rodata._ZTS3PID
                0x0000000008004eb8        0x5 build/pid.o
                0x0000000008004eb8                typeinfo name for PID
 *fill*         0x0000000008004ebd        0x3 
 .rodata._ZTV3PID
                0x0000000008004ec0       0x38 build/pid.o
                0x0000000008004ec0                vtable for PID
 .rodata._ZTIN10__cxxabiv117__class_type_infoE
                0x0000000008004ef8        0xc /usr/lib/gcc/arm-none-eabi/10.3.1/../../../arm-none-eabi/lib/thumb/v7-m/nofp/libstdc++_nano.a(class_type_info.o)
                0x0000000008004ef8                typeinfo for __cxxabiv1::__class_type_info
 .rodata._ZTSN10__cxxabiv117__class_type_infoE
                0x0000000008004f04       0x22 /usr/lib/gcc/arm-none-eabi/10.3.1/../../../arm-none-eabi/lib/thumb/v7-m/nofp/libstdc++_nano.a(class_type_info.o)
                0x0000000008004f04                typeinfo name for __cxxabiv1::__class_type_info
 *fill*         0x0000000008004f26        0x2 
 .rodata._ZTVN10__cxxabiv117__class_type_infoE
                0x0000000008004f28       0x2c /usr/lib/gcc/arm-none-eabi/10.3.1/../../../arm-none-eabi/lib/thumb/v7-m/nofp/libstdc++_nano.a(class_type_info.o)
                0x0000000008004f28                vtable for __cxxabiv1::__class_type_info
 .rodata._ZTIN10__cxxabiv120__si_class_type_infoE
                0x0000000008004f54        0xc /usr/lib/gcc/arm-none-eabi/10.3.1/../../../arm-none-eabi/lib/thumb/v7-m/nofp/libstdc++_nano.a(si_class_type_info.o)
                0x0000000008004f54                typeinfo for __cxxabiv1::__si_class_type_info
 .rodata._ZTSN10__cxxabiv120__si_class_type_infoE
                0x0000000008004f60       0x25 /usr/lib/gcc/arm-none-eabi/10.3.1/../../../arm-none-eabi/lib/thumb/v7-m/nofp/libstdc++_nano.a(si_class_type_info.o)
                0x0000000008004f60                typeinfo name for __cxxabiv1::__si_class_type_info
 *fill*         0x0000000008004f85        0x3 
 .rodata._ZTVN10__cxxabiv120__si_class_type_infoE
                0x0000000008004f88       0x2c /usr/lib/gcc/arm-none-eabi/10.3.1/../../../arm-none-eabi/lib/thumb/v7-m/nofp/libstdc++_nano.a(si_class_type_info.o)
                0x0000000008004f88                vtable for __cxxabiv1::__si_class_type_info
 .rodata._ZTISt9type_info
                0x0000000008004fb4        0x8 /usr/lib/gcc/arm-none-eabi/10.3.1/../../../arm-none-eabi/lib/thumb/v7-m/nofp/libstdc++_nano.a(tinfo.o)
                0x0000000008004fb4                typeinfo for std::type_info
 .rodata._ZTSSt9type_info
                0x0000000008004fbc        0xd /usr/lib/gcc/arm-none-eabi/10.3.1/../../../arm-none-eabi/lib/thumb/v7-m/nofp/libstdc++_nano.a(tinfo.o)
                0x0000000008004fbc                typeinfo name for std::type_info
                0x0000000008004fcc                . = ALIGN (0x4)
 *fill*         0x0000000008004fc9        0x3 

.ARM.extab      0x0000000008004fcc       0x30
                0x0000000008004fcc                . = ALIGN (0x4)
 *(.ARM.extab* .gnu.linkonce.armextab.*)
 .ARM.extab.text._Z5clampIfET_S0_S0_S0_
                0x0000000008004fcc        0x0 build/motor.o
 .ARM.extab.text._ZN4UART4initEv
                0x0000000008004fcc        0xc build/uart.o
 .ARM.extab.text._ZN3PID9get_errorEv
                0x0000000008004fd8        0x0 build/pid.o
 .ARM.extab.text._ZN3PID6get_kpEv
                0x0000000008004fd8        0x0 build/pid.o
 .ARM.extab.text._ZN3PID6get_kiEv
                0x0000000008004fd8        0x0 build/pid.o
 .ARM.extab.text._ZN3PID6get_kdEv
                0x0000000008004fd8        0x0 build/pid.o
 .ARM.extab.text.run_car
                0x0000000008004fd8        0xc build/car.o
 .ARM.extab     0x0000000008004fe4       0x18 /usr/lib/gcc/arm-none-eabi/10.3.1/thumb/v7-m/nofp/libgcc.a(pr-support.o)
                0x0000000008004ffc                . = ALIGN (0x4)

.ARM            0x0000000008004ffc      0x168
                0x0000000008004ffc                . = ALIGN (0x4)
                0x0000000008004ffc                __exidx_start = .
 *(.ARM.exidx*)
 .ARM.exidx     0x0000000008004ffc       0x80 /usr/lib/gcc/arm-none-eabi/10.3.1/thumb/v7-m/nofp/libgcc.a(unwind-arm.o)
                                         0xd8 (size before relaxing)
 .ARM.exidx     0x000000000800507c       0x38 /usr/lib/gcc/arm-none-eabi/10.3.1/thumb/v7-m/nofp/libgcc.a(pr-support.o)
 .ARM.exidx.text._Z5clampIfET_S0_S0_S0_
                0x00000000080050b4        0x0 build/motor.o
                                          0x8 (size before relaxing)
 .ARM.exidx.text._ZN5Motor9set_speedEf
                0x00000000080050b4        0x8 build/motor.o
 .ARM.exidx.text._ZN5Motor4initEv
                0x00000000080050bc        0x8 build/motor.o
 .ARM.exidx.text._ZN4UARTC2EP20__UART_HandleTypeDef8UARTModett
                0x00000000080050c4        0x8 build/uart.o
 .ARM.exidx.text._ZN4UART4initEv
                0x00000000080050cc        0x8 build/uart.o
 .ARM.exidx.text._ZN4UART25process_transmit_callbackEv
                0x00000000080050d4        0x8 build/uart.o
 .ARM.exidx.text._ZN4UART17get_received_dataEPh
                0x00000000080050dc        0x8 build/uart.o
 .ARM.exidx.text._ZN4UART17get_uart_instanceEv
                0x00000000080050e4        0x0 build/uart.o
                                          0x8 (size before relaxing)
 .ARM.exidx.text._ZN4UART20UART_RxErrorCallBackEP20__UART_HandleTypeDef17UARTReceiveStatus
                0x00000000080050e4        0x0 build/uart.o
                                          0x8 (size before relaxing)
 .ARM.exidx.text._ZN4UART24process_receive_callbackEv
                0x00000000080050e4        0x8 build/uart.o
 .ARM.exidx.text._ZN3PID9get_errorEv
                0x00000000080050ec        0x8 build/pid.o
 .ARM.exidx.text._ZN3PID6get_kpEv
                0x00000000080050f4        0x0 build/pid.o
                                          0x8 (size before relaxing)
 .ARM.exidx.text._ZN3PID6get_kiEv
                0x00000000080050f4        0x0 build/pid.o
                                          0x8 (size before relaxing)
 .ARM.exidx.text._ZN3PID6get_kdEv
                0x00000000080050f4        0x0 build/pid.o
                                          0x8 (size before relaxing)
 .ARM.exidx.text._ZN3PID10setTuningsEfff
                0x00000000080050f4        0x0 build/pid.o
                                          0x8 (size before relaxing)
 .ARM.exidx.text._ZN3PID13setSampleTimeEt
                0x00000000080050f4        0x0 build/pid.o
                                          0x8 (size before relaxing)
 .ARM.exidx.text._ZN3PID9getOutMaxEv
                0x00000000080050f4        0x0 build/pid.o
                                          0x8 (size before relaxing)
 .ARM.exidx.text._ZN3PID9getOutMinEv
                0x00000000080050f4        0x0 build/pid.o
                                          0x8 (size before relaxing)
 .ARM.exidx.text._ZN3PID4initEv
                0x00000000080050f4        0x8 build/pid.o
 .ARM.exidx.text._ZN3PIDC2Efffffsf16ControlDirection16ProportionalType4Mode
                0x00000000080050fc        0x8 build/pid.o
 .ARM.exidx.text._ZN3PID7computeEv
                0x0000000008005104        0x8 build/pid.o
 .ARM.exidx.text._ZN3PID15setOutputLimitsEff
                0x000000000800510c        0x8 build/pid.o
 .ARM.exidx.text._ZN3PID7setModeE4Mode
                0x0000000008005114        0x0 build/pid.o
                                          0x8 (size before relaxing)
 .ARM.exidx.text._ZN7Encoder9get_countEv
                0x0000000008005114        0x0 build/encoder.o
                                          0x8 (size before relaxing)
 .ARM.exidx.text._ZN7Encoder19reset_encoder_countEv
                0x0000000008005114        0x8 build/encoder.o
 .ARM.exidx.text._ZN7Encoder4initEv
                0x000000000800511c        0x0 build/encoder.o
                                          0x8 (size before relaxing)
 .ARM.exidx.text._ZN7Encoder9get_omegaEv
                0x000000000800511c        0x8 build/encoder.o
 .ARM.exidx.text._Z41__static_initialization_and_destruction_0ii
                0x0000000008005124        0x8 build/car.o
 .ARM.exidx.text.HAL_UART_RxCpltCallback
                0x000000000800512c        0x8 build/car.o
 .ARM.exidx.text.HAL_UART_TxCpltCallback
                0x0000000008005134        0x0 build/car.o
                                          0x8 (size before relaxing)
 .ARM.exidx.text.HAL_UART_ErrorCallback
                0x0000000008005134        0x0 build/car.o
                                          0x8 (size before relaxing)
 .ARM.exidx.text._GLOBAL__sub_I_car
                0x0000000008005134        0x8 build/car.o
 .ARM.exidx.text._ZN3Car4initEv
                0x000000000800513c        0x8 build/car.o
 .ARM.exidx.text._ZN3Car9set_twistERK5Twist
                0x0000000008005144        0x8 build/car.o
 .ARM.exidx.text._ZN3Car3runEv
                0x000000000800514c        0x8 build/car.o
 .ARM.exidx.text.run_car
                0x0000000008005154       0x10 build/car.o
                                          0x8 (size before relaxing)
                0x0000000008005164                __exidx_end = .
                0x0000000008005164                . = ALIGN (0x4)

.rel.dyn        0x0000000008005164        0x0
 .rel.iplt      0x0000000008005164        0x0 /usr/lib/gcc/arm-none-eabi/10.3.1/thumb/v7-m/nofp/crtbegin.o

.preinit_array  0x0000000008005164        0x0
                0x0000000008005164                . = ALIGN (0x4)
                0x0000000008005164                PROVIDE (__preinit_array_start = .)
 *(.preinit_array*)
                0x0000000008005164                PROVIDE (__preinit_array_end = .)
                0x0000000008005164                . = ALIGN (0x4)

.init_array     0x0000000008005164        0x8
                0x0000000008005164                . = ALIGN (0x4)
                0x0000000008005164                PROVIDE (__init_array_start = .)
 *(SORT_BY_NAME(.init_array.*))
 *(.init_array*)
 .init_array    0x0000000008005164        0x4 /usr/lib/gcc/arm-none-eabi/10.3.1/thumb/v7-m/nofp/crtbegin.o
 .init_array    0x0000000008005168        0x4 build/car.o
                0x000000000800516c                PROVIDE (__init_array_end = .)
                0x000000000800516c                . = ALIGN (0x4)

.fini_array     0x000000000800516c        0x4
                0x000000000800516c                . = ALIGN (0x4)
                0x000000000800516c                PROVIDE (__fini_array_start = .)
 *(SORT_BY_NAME(.fini_array.*))
 *(.fini_array*)
 .fini_array    0x000000000800516c        0x4 /usr/lib/gcc/arm-none-eabi/10.3.1/thumb/v7-m/nofp/crtbegin.o
                0x0000000008005170                PROVIDE (__fini_array_end = .)
                0x0000000008005170                . = ALIGN (0x4)
                0x0000000008005170                _sidata = LOADADDR (.data)

.data           0x0000000020000000       0x70 load address 0x0000000008005170
                0x0000000020000000                . = ALIGN (0x4)
                0x0000000020000000                _sdata = .
 *(.data)
 .data          0x0000000020000000       0x64 /usr/lib/gcc/arm-none-eabi/10.3.1/../../../arm-none-eabi/lib/thumb/v7-m/nofp/libc_nano.a(lib_a-impure.o)
                0x0000000020000000                _impure_ptr
 *(.data*)
 .data.uwTickFreq
                0x0000000020000064        0x1 build/stm32f1xx_hal.o
                0x0000000020000064                uwTickFreq
 *fill*         0x0000000020000065        0x3 
 .data.uwTickPrio
                0x0000000020000068        0x4 build/stm32f1xx_hal.o
                0x0000000020000068                uwTickPrio
 .data.SystemCoreClock
                0x000000002000006c        0x4 build/system_stm32f1xx.o
                0x000000002000006c                SystemCoreClock
 *(.RamFunc)
 *(.RamFunc*)
                0x0000000020000070                . = ALIGN (0x4)
                0x0000000020000070                _edata = .

.tm_clone_table
                0x0000000020000070        0x0 load address 0x00000000080051e0
 .tm_clone_table
                0x0000000020000070        0x0 /usr/lib/gcc/arm-none-eabi/10.3.1/thumb/v7-m/nofp/crtbegin.o
 .tm_clone_table
                0x0000000020000070        0x0 /usr/lib/gcc/arm-none-eabi/10.3.1/thumb/v7-m/nofp/crtend.o

.igot.plt       0x0000000020000070        0x0 load address 0x00000000080051e0
 .igot.plt      0x0000000020000070        0x0 /usr/lib/gcc/arm-none-eabi/10.3.1/thumb/v7-m/nofp/crtbegin.o
                0x0000000020000070                . = ALIGN (0x4)

.bss            0x0000000020000070      0x3b0 load address 0x00000000080051e0
                0x0000000020000070                _sbss = .
                0x0000000020000070                __bss_start__ = _sbss
 *(.bss)
 .bss           0x0000000020000070       0x1c /usr/lib/gcc/arm-none-eabi/10.3.1/thumb/v7-m/nofp/crtbegin.o
 .bss           0x000000002000008c        0x8 /usr/lib/gcc/arm-none-eabi/10.3.1/../../../arm-none-eabi/lib/thumb/v7-m/nofp/libc_nano.a(lib_a-nano-mallocr.o)
                0x000000002000008c                __malloc_free_list
                0x0000000020000090                __malloc_sbrk_start
 .bss           0x0000000020000094        0x4 /usr/lib/gcc/arm-none-eabi/10.3.1/../../../arm-none-eabi/lib/thumb/v7-m/nofp/libc_nano.a(lib_a-reent.o)
                0x0000000020000094                errno
 *(.bss*)
 .bss.htim1     0x0000000020000098       0x48 build/tim.o
                0x0000000020000098                htim1
 .bss.htim2     0x00000000200000e0       0x48 build/tim.o
                0x00000000200000e0                htim2
 .bss.htim3     0x0000000020000128       0x48 build/tim.o
                0x0000000020000128                htim3
 .bss.hdma_usart3_rx
                0x0000000020000170       0x44 build/usart.o
                0x0000000020000170                hdma_usart3_rx
 .bss.huart3    0x00000000200001b4       0x48 build/usart.o
                0x00000000200001b4                huart3
 .bss.uwTick    0x00000000200001fc        0x4 build/stm32f1xx_hal.o
                0x00000000200001fc                uwTick
 .bss.__sbrk_heap_end
                0x0000000020000200        0x4 build/sysmem.o
 .bss.car       0x0000000020000204      0x21c build/car.o
                0x0000000020000204                car
 *(COMMON)
                0x0000000020000420                . = ALIGN (0x4)
                0x0000000020000420                _ebss = .
                0x0000000020000420                __bss_end__ = _ebss

._user_heap_stack
                0x0000000020000420      0x600 load address 0x00000000080051e0
                0x0000000020000420                . = ALIGN (0x8)
                [!provide]                        PROVIDE (end = .)
                0x0000000020000420                PROVIDE (_end = .)
                0x0000000020000620                . = (. + _Min_Heap_Size)
 *fill*         0x0000000020000420      0x200 
                0x0000000020000a20                . = (. + _Min_Stack_Size)
 *fill*         0x0000000020000620      0x400 
                0x0000000020000a20                . = ALIGN (0x8)

/DISCARD/
 libc.a(*)
 libm.a(*)
 libgcc.a(*)
OUTPUT(build/minor_.elf elf32-littlearm)
LOAD linker stubs
LOAD /usr/lib/gcc/arm-none-eabi/10.3.1/../../../arm-none-eabi/lib/thumb/v7-m/nofp/libc.a
LOAD /usr/lib/gcc/arm-none-eabi/10.3.1/../../../arm-none-eabi/lib/thumb/v7-m/nofp/libm.a
LOAD /usr/lib/gcc/arm-none-eabi/10.3.1/thumb/v7-m/nofp/libgcc.a

.ARM.attributes
                0x0000000000000000       0x29
 .ARM.attributes
                0x0000000000000000       0x1d /usr/lib/gcc/arm-none-eabi/10.3.1/thumb/v7-m/nofp/crti.o
 .ARM.attributes
                0x000000000000001d       0x2d /usr/lib/gcc/arm-none-eabi/10.3.1/thumb/v7-m/nofp/crtbegin.o
 .ARM.attributes
                0x000000000000004a       0x2d build/main.o
 .ARM.attributes
                0x0000000000000077       0x2d build/gpio.o
 .ARM.attributes
                0x00000000000000a4       0x2d build/dma.o
 .ARM.attributes
                0x00000000000000d1       0x2d build/tim.o
 .ARM.attributes
                0x00000000000000fe       0x2d build/usart.o
 .ARM.attributes
                0x000000000000012b       0x2d build/stm32f1xx_it.o
 .ARM.attributes
                0x0000000000000158       0x2d build/stm32f1xx_hal_msp.o
 .ARM.attributes
                0x0000000000000185       0x2d build/stm32f1xx_hal.o
 .ARM.attributes
                0x00000000000001b2       0x2d build/stm32f1xx_hal_rcc.o
 .ARM.attributes
                0x00000000000001df       0x2d build/stm32f1xx_hal_gpio.o
 .ARM.attributes
                0x000000000000020c       0x2d build/stm32f1xx_hal_dma.o
 .ARM.attributes
                0x0000000000000239       0x2d build/stm32f1xx_hal_cortex.o
 .ARM.attributes
                0x0000000000000266       0x2d build/stm32f1xx_hal_tim.o
 .ARM.attributes
                0x0000000000000293       0x2d build/stm32f1xx_hal_tim_ex.o
 .ARM.attributes
                0x00000000000002c0       0x2d build/stm32f1xx_hal_uart.o
 .ARM.attributes
                0x00000000000002ed       0x2d build/system_stm32f1xx.o
 .ARM.attributes
                0x000000000000031a       0x2d build/sysmem.o
 .ARM.attributes
                0x0000000000000347       0x2d build/easy_crc.o
 .ARM.attributes
                0x0000000000000374       0x21 build/startup_stm32f103xb.o
 .ARM.attributes
                0x0000000000000395       0x2d build/motor.o
 .ARM.attributes
                0x00000000000003c2       0x2d build/uart.o
 .ARM.attributes
                0x00000000000003ef       0x2d build/pid.o
 .ARM.attributes
                0x000000000000041c       0x2d build/encoder.o
 .ARM.attributes
                0x0000000000000449       0x2d build/car.o
 .ARM.attributes
                0x0000000000000476       0x2d /usr/lib/gcc/arm-none-eabi/10.3.1/../../../arm-none-eabi/lib/thumb/v7-m/nofp/libstdc++_nano.a(class_type_info.o)
 .ARM.attributes
                0x00000000000004a3       0x2d /usr/lib/gcc/arm-none-eabi/10.3.1/../../../arm-none-eabi/lib/thumb/v7-m/nofp/libstdc++_nano.a(del_ops.o)
 .ARM.attributes
                0x00000000000004d0       0x2d /usr/lib/gcc/arm-none-eabi/10.3.1/../../../arm-none-eabi/lib/thumb/v7-m/nofp/libstdc++_nano.a(si_class_type_info.o)
 .ARM.attributes
                0x00000000000004fd       0x2d /usr/lib/gcc/arm-none-eabi/10.3.1/../../../arm-none-eabi/lib/thumb/v7-m/nofp/libstdc++_nano.a(tinfo.o)
 .ARM.attributes
                0x000000000000052a       0x2d /usr/lib/gcc/arm-none-eabi/10.3.1/../../../arm-none-eabi/lib/thumb/v7-m/nofp/libstdc++_nano.a(del_op.o)
 .ARM.attributes
                0x0000000000000557       0x2d /usr/lib/gcc/arm-none-eabi/10.3.1/../../../arm-none-eabi/lib/thumb/v7-m/nofp/libc_nano.a(lib_a-errno.o)
 .ARM.attributes
                0x0000000000000584       0x2d /usr/lib/gcc/arm-none-eabi/10.3.1/../../../arm-none-eabi/lib/thumb/v7-m/nofp/libc_nano.a(lib_a-impure.o)
 .ARM.attributes
                0x00000000000005b1       0x2d /usr/lib/gcc/arm-none-eabi/10.3.1/../../../arm-none-eabi/lib/thumb/v7-m/nofp/libc_nano.a(lib_a-init.o)
 .ARM.attributes
                0x00000000000005de       0x2d /usr/lib/gcc/arm-none-eabi/10.3.1/../../../arm-none-eabi/lib/thumb/v7-m/nofp/libc_nano.a(lib_a-malloc.o)
 .ARM.attributes
                0x000000000000060b       0x1b /usr/lib/gcc/arm-none-eabi/10.3.1/../../../arm-none-eabi/lib/thumb/v7-m/nofp/libc_nano.a(lib_a-memcpy.o)
 .ARM.attributes
                0x0000000000000626       0x2d /usr/lib/gcc/arm-none-eabi/10.3.1/../../../arm-none-eabi/lib/thumb/v7-m/nofp/libc_nano.a(lib_a-memset.o)
 .ARM.attributes
                0x0000000000000653       0x2d /usr/lib/gcc/arm-none-eabi/10.3.1/../../../arm-none-eabi/lib/thumb/v7-m/nofp/libc_nano.a(lib_a-nano-freer.o)
 .ARM.attributes
                0x0000000000000680       0x2d /usr/lib/gcc/arm-none-eabi/10.3.1/../../../arm-none-eabi/lib/thumb/v7-m/nofp/libc_nano.a(lib_a-nano-mallocr.o)
 .ARM.attributes
                0x00000000000006ad       0x2d /usr/lib/gcc/arm-none-eabi/10.3.1/../../../arm-none-eabi/lib/thumb/v7-m/nofp/libc_nano.a(lib_a-sbrkr.o)
 .ARM.attributes
                0x00000000000006da       0x1b /usr/lib/gcc/arm-none-eabi/10.3.1/../../../arm-none-eabi/lib/thumb/v7-m/nofp/libc_nano.a(lib_a-strcmp.o)
 .ARM.attributes
                0x00000000000006f5       0x2d /usr/lib/gcc/arm-none-eabi/10.3.1/../../../arm-none-eabi/lib/thumb/v7-m/nofp/libc_nano.a(lib_a-findfp.o)
 .ARM.attributes
                0x0000000000000722       0x2d /usr/lib/gcc/arm-none-eabi/10.3.1/../../../arm-none-eabi/lib/thumb/v7-m/nofp/libc_nano.a(lib_a-mlock.o)
 .ARM.attributes
                0x000000000000074f       0x2d /usr/lib/gcc/arm-none-eabi/10.3.1/../../../arm-none-eabi/lib/thumb/v7-m/nofp/libc_nano.a(lib_a-reent.o)
 .ARM.attributes
                0x000000000000077c       0x1d /usr/lib/gcc/arm-none-eabi/10.3.1/thumb/v7-m/nofp/libgcc.a(_arm_addsubsf3.o)
 .ARM.attributes
                0x0000000000000799       0x1d /usr/lib/gcc/arm-none-eabi/10.3.1/thumb/v7-m/nofp/libgcc.a(_arm_muldivsf3.o)
 .ARM.attributes
                0x00000000000007b6       0x1d /usr/lib/gcc/arm-none-eabi/10.3.1/thumb/v7-m/nofp/libgcc.a(_arm_cmpsf2.o)
 .ARM.attributes
                0x00000000000007d3       0x1d /usr/lib/gcc/arm-none-eabi/10.3.1/thumb/v7-m/nofp/libgcc.a(_arm_fixunssfsi.o)
 .ARM.attributes
                0x00000000000007f0       0x2d /usr/lib/gcc/arm-none-eabi/10.3.1/thumb/v7-m/nofp/libgcc.a(unwind-arm.o)
 .ARM.attributes
                0x000000000000081d       0x1d /usr/lib/gcc/arm-none-eabi/10.3.1/thumb/v7-m/nofp/libgcc.a(libunwind.o)
 .ARM.attributes
                0x000000000000083a       0x2d /usr/lib/gcc/arm-none-eabi/10.3.1/thumb/v7-m/nofp/libgcc.a(pr-support.o)
 .ARM.attributes
                0x0000000000000867       0x2d /usr/lib/gcc/arm-none-eabi/10.3.1/../../../arm-none-eabi/lib/thumb/v7-m/nofp/libc_nano.a(lib_a-abort.o)
 .ARM.attributes
                0x0000000000000894       0x2d /usr/lib/gcc/arm-none-eabi/10.3.1/../../../arm-none-eabi/lib/thumb/v7-m/nofp/libc_nano.a(lib_a-signal.o)
 .ARM.attributes
                0x00000000000008c1       0x2d /usr/lib/gcc/arm-none-eabi/10.3.1/../../../arm-none-eabi/lib/thumb/v7-m/nofp/libc_nano.a(lib_a-signalr.o)
 .ARM.attributes
                0x00000000000008ee       0x2d /usr/lib/gcc/arm-none-eabi/10.3.1/thumb/v7-m/nofp/crtend.o
 .ARM.attributes
                0x000000000000091b       0x1d /usr/lib/gcc/arm-none-eabi/10.3.1/thumb/v7-m/nofp/crtn.o

.comment        0x0000000000000000       0x33
 .comment       0x0000000000000000       0x33 /usr/lib/gcc/arm-none-eabi/10.3.1/thumb/v7-m/nofp/crtbegin.o
                                         0x34 (size before relaxing)
 .comment       0x0000000000000033       0x34 build/main.o
 .comment       0x0000000000000033       0x34 build/gpio.o
 .comment       0x0000000000000033       0x34 build/dma.o
 .comment       0x0000000000000033       0x34 build/tim.o
 .comment       0x0000000000000033       0x34 build/usart.o
 .comment       0x0000000000000033       0x34 build/stm32f1xx_it.o
 .comment       0x0000000000000033       0x34 build/stm32f1xx_hal_msp.o
 .comment       0x0000000000000033       0x34 build/stm32f1xx_hal.o
 .comment       0x0000000000000033       0x34 build/stm32f1xx_hal_rcc.o
 .comment       0x0000000000000033       0x34 build/stm32f1xx_hal_gpio.o
 .comment       0x0000000000000033       0x34 build/stm32f1xx_hal_dma.o
 .comment       0x0000000000000033       0x34 build/stm32f1xx_hal_cortex.o
 .comment       0x0000000000000033       0x34 build/stm32f1xx_hal_tim.o
 .comment       0x0000000000000033       0x34 build/stm32f1xx_hal_tim_ex.o
 .comment       0x0000000000000033       0x34 build/stm32f1xx_hal_uart.o
 .comment       0x0000000000000033       0x34 build/system_stm32f1xx.o
 .comment       0x0000000000000033       0x34 build/sysmem.o
 .comment       0x0000000000000033       0x34 build/easy_crc.o
 .comment       0x0000000000000033       0x34 build/motor.o
 .comment       0x0000000000000033       0x34 build/uart.o
 .comment       0x0000000000000033       0x34 build/pid.o
 .comment       0x0000000000000033       0x34 build/encoder.o
 .comment       0x0000000000000033       0x34 build/car.o
 .comment       0x0000000000000033       0x34 /usr/lib/gcc/arm-none-eabi/10.3.1/../../../arm-none-eabi/lib/thumb/v7-m/nofp/libstdc++_nano.a(class_type_info.o)
 .comment       0x0000000000000033       0x34 /usr/lib/gcc/arm-none-eabi/10.3.1/../../../arm-none-eabi/lib/thumb/v7-m/nofp/libstdc++_nano.a(del_ops.o)
 .comment       0x0000000000000033       0x34 /usr/lib/gcc/arm-none-eabi/10.3.1/../../../arm-none-eabi/lib/thumb/v7-m/nofp/libstdc++_nano.a(si_class_type_info.o)
 .comment       0x0000000000000033       0x34 /usr/lib/gcc/arm-none-eabi/10.3.1/../../../arm-none-eabi/lib/thumb/v7-m/nofp/libstdc++_nano.a(tinfo.o)
 .comment       0x0000000000000033       0x34 /usr/lib/gcc/arm-none-eabi/10.3.1/../../../arm-none-eabi/lib/thumb/v7-m/nofp/libstdc++_nano.a(del_op.o)
 .comment       0x0000000000000033       0x34 /usr/lib/gcc/arm-none-eabi/10.3.1/../../../arm-none-eabi/lib/thumb/v7-m/nofp/libc_nano.a(lib_a-errno.o)
 .comment       0x0000000000000033       0x34 /usr/lib/gcc/arm-none-eabi/10.3.1/../../../arm-none-eabi/lib/thumb/v7-m/nofp/libc_nano.a(lib_a-impure.o)
 .comment       0x0000000000000033       0x34 /usr/lib/gcc/arm-none-eabi/10.3.1/../../../arm-none-eabi/lib/thumb/v7-m/nofp/libc_nano.a(lib_a-init.o)
 .comment       0x0000000000000033       0x34 /usr/lib/gcc/arm-none-eabi/10.3.1/../../../arm-none-eabi/lib/thumb/v7-m/nofp/libc_nano.a(lib_a-malloc.o)
 .comment       0x0000000000000033       0x34 /usr/lib/gcc/arm-none-eabi/10.3.1/../../../arm-none-eabi/lib/thumb/v7-m/nofp/libc_nano.a(lib_a-memset.o)
 .comment       0x0000000000000033       0x34 /usr/lib/gcc/arm-none-eabi/10.3.1/../../../arm-none-eabi/lib/thumb/v7-m/nofp/libc_nano.a(lib_a-nano-freer.o)
 .comment       0x0000000000000033       0x34 /usr/lib/gcc/arm-none-eabi/10.3.1/../../../arm-none-eabi/lib/thumb/v7-m/nofp/libc_nano.a(lib_a-nano-mallocr.o)
 .comment       0x0000000000000033       0x34 /usr/lib/gcc/arm-none-eabi/10.3.1/../../../arm-none-eabi/lib/thumb/v7-m/nofp/libc_nano.a(lib_a-sbrkr.o)
 .comment       0x0000000000000033       0x34 /usr/lib/gcc/arm-none-eabi/10.3.1/../../../arm-none-eabi/lib/thumb/v7-m/nofp/libc_nano.a(lib_a-findfp.o)
 .comment       0x0000000000000033       0x34 /usr/lib/gcc/arm-none-eabi/10.3.1/../../../arm-none-eabi/lib/thumb/v7-m/nofp/libc_nano.a(lib_a-mlock.o)
 .comment       0x0000000000000033       0x34 /usr/lib/gcc/arm-none-eabi/10.3.1/../../../arm-none-eabi/lib/thumb/v7-m/nofp/libc_nano.a(lib_a-reent.o)
 .comment       0x0000000000000033       0x34 /usr/lib/gcc/arm-none-eabi/10.3.1/thumb/v7-m/nofp/libgcc.a(unwind-arm.o)
 .comment       0x0000000000000033       0x34 /usr/lib/gcc/arm-none-eabi/10.3.1/thumb/v7-m/nofp/libgcc.a(pr-support.o)
 .comment       0x0000000000000033       0x34 /usr/lib/gcc/arm-none-eabi/10.3.1/../../../arm-none-eabi/lib/thumb/v7-m/nofp/libc_nano.a(lib_a-abort.o)
 .comment       0x0000000000000033       0x34 /usr/lib/gcc/arm-none-eabi/10.3.1/../../../arm-none-eabi/lib/thumb/v7-m/nofp/libc_nano.a(lib_a-signal.o)
 .comment       0x0000000000000033       0x34 /usr/lib/gcc/arm-none-eabi/10.3.1/../../../arm-none-eabi/lib/thumb/v7-m/nofp/libc_nano.a(lib_a-signalr.o)
 .comment       0x0000000000000033       0x34 /usr/lib/gcc/arm-none-eabi/10.3.1/thumb/v7-m/nofp/crtend.o

.debug_info     0x0000000000000000    0x2840a
 .debug_info    0x0000000000000000      0x3be build/main.o
 .debug_info    0x00000000000003be      0x36d build/gpio.o
 .debug_info    0x000000000000072b      0x309 build/dma.o
 .debug_info    0x0000000000000a34      0xec7 build/tim.o
 .debug_info    0x00000000000018fb      0xb01 build/usart.o
 .debug_info    0x00000000000023fc      0x70d build/stm32f1xx_it.o
 .debug_info    0x0000000000002b09      0x22c build/stm32f1xx_hal_msp.o
 .debug_info    0x0000000000002d35      0x849 build/stm32f1xx_hal.o
 .debug_info    0x000000000000357e      0xacc build/stm32f1xx_hal_rcc.o
 .debug_info    0x000000000000404a      0x6bf build/stm32f1xx_hal_gpio.o
 .debug_info    0x0000000000004709      0x8b4 build/stm32f1xx_hal_dma.o
 .debug_info    0x0000000000004fbd      0xe09 build/stm32f1xx_hal_cortex.o
 .debug_info    0x0000000000005dc6     0x405c build/stm32f1xx_hal_tim.o
 .debug_info    0x0000000000009e22     0x1c21 build/stm32f1xx_hal_tim_ex.o
 .debug_info    0x000000000000ba43     0x4280 build/stm32f1xx_hal_uart.o
 .debug_info    0x000000000000fcc3      0x256 build/system_stm32f1xx.o
 .debug_info    0x000000000000ff19      0x16d build/sysmem.o
 .debug_info    0x0000000000010086      0x125 build/easy_crc.o
 .debug_info    0x00000000000101ab       0x22 build/startup_stm32f103xb.o
 .debug_info    0x00000000000101cd     0x23c7 build/motor.o
 .debug_info    0x0000000000012594     0x1973 build/uart.o
 .debug_info    0x0000000000013f07     0x2655 build/pid.o
 .debug_info    0x000000000001655c     0x24bb build/encoder.o
 .debug_info    0x0000000000018a17     0x3b37 build/car.o
 .debug_info    0x000000000001c54e      0xa8c /usr/lib/gcc/arm-none-eabi/10.3.1/../../../arm-none-eabi/lib/thumb/v7-m/nofp/libstdc++_nano.a(class_type_info.o)
 .debug_info    0x000000000001cfda      0x3a1 /usr/lib/gcc/arm-none-eabi/10.3.1/../../../arm-none-eabi/lib/thumb/v7-m/nofp/libstdc++_nano.a(del_ops.o)
 .debug_info    0x000000000001d37b      0x8c5 /usr/lib/gcc/arm-none-eabi/10.3.1/../../../arm-none-eabi/lib/thumb/v7-m/nofp/libstdc++_nano.a(si_class_type_info.o)
 .debug_info    0x000000000001dc40      0x658 /usr/lib/gcc/arm-none-eabi/10.3.1/../../../arm-none-eabi/lib/thumb/v7-m/nofp/libstdc++_nano.a(tinfo.o)
 .debug_info    0x000000000001e298      0x8a2 /usr/lib/gcc/arm-none-eabi/10.3.1/../../../arm-none-eabi/lib/thumb/v7-m/nofp/libstdc++_nano.a(del_op.o)
 .debug_info    0x000000000001eb3a      0x7ae /usr/lib/gcc/arm-none-eabi/10.3.1/../../../arm-none-eabi/lib/thumb/v7-m/nofp/libc_nano.a(lib_a-errno.o)
 .debug_info    0x000000000001f2e8      0x863 /usr/lib/gcc/arm-none-eabi/10.3.1/../../../arm-none-eabi/lib/thumb/v7-m/nofp/libc_nano.a(lib_a-impure.o)
 .debug_info    0x000000000001fb4b      0x11a /usr/lib/gcc/arm-none-eabi/10.3.1/../../../arm-none-eabi/lib/thumb/v7-m/nofp/libc_nano.a(lib_a-init.o)
 .debug_info    0x000000000001fc65      0x832 /usr/lib/gcc/arm-none-eabi/10.3.1/../../../arm-none-eabi/lib/thumb/v7-m/nofp/libc_nano.a(lib_a-malloc.o)
 .debug_info    0x0000000000020497       0x26 /usr/lib/gcc/arm-none-eabi/10.3.1/../../../arm-none-eabi/lib/thumb/v7-m/nofp/libc_nano.a(lib_a-memcpy.o)
 .debug_info    0x00000000000204bd      0x137 /usr/lib/gcc/arm-none-eabi/10.3.1/../../../arm-none-eabi/lib/thumb/v7-m/nofp/libc_nano.a(lib_a-memset.o)
 .debug_info    0x00000000000205f4      0x940 /usr/lib/gcc/arm-none-eabi/10.3.1/../../../arm-none-eabi/lib/thumb/v7-m/nofp/libc_nano.a(lib_a-nano-freer.o)
 .debug_info    0x0000000000020f34      0xa0c /usr/lib/gcc/arm-none-eabi/10.3.1/../../../arm-none-eabi/lib/thumb/v7-m/nofp/libc_nano.a(lib_a-nano-mallocr.o)
 .debug_info    0x0000000000021940      0x828 /usr/lib/gcc/arm-none-eabi/10.3.1/../../../arm-none-eabi/lib/thumb/v7-m/nofp/libc_nano.a(lib_a-sbrkr.o)
 .debug_info    0x0000000000022168       0x26 /usr/lib/gcc/arm-none-eabi/10.3.1/../../../arm-none-eabi/lib/thumb/v7-m/nofp/libc_nano.a(lib_a-strcmp.o)
 .debug_info    0x000000000002218e      0xfae /usr/lib/gcc/arm-none-eabi/10.3.1/../../../arm-none-eabi/lib/thumb/v7-m/nofp/libc_nano.a(lib_a-findfp.o)
 .debug_info    0x000000000002313c      0x7dc /usr/lib/gcc/arm-none-eabi/10.3.1/../../../arm-none-eabi/lib/thumb/v7-m/nofp/libc_nano.a(lib_a-mlock.o)
 .debug_info    0x0000000000023918      0xa7e /usr/lib/gcc/arm-none-eabi/10.3.1/../../../arm-none-eabi/lib/thumb/v7-m/nofp/libc_nano.a(lib_a-reent.o)
 .debug_info    0x0000000000024396       0x26 /usr/lib/gcc/arm-none-eabi/10.3.1/thumb/v7-m/nofp/libgcc.a(_arm_addsubsf3.o)
 .debug_info    0x00000000000243bc       0x26 /usr/lib/gcc/arm-none-eabi/10.3.1/thumb/v7-m/nofp/libgcc.a(_arm_muldivsf3.o)
 .debug_info    0x00000000000243e2       0x26 /usr/lib/gcc/arm-none-eabi/10.3.1/thumb/v7-m/nofp/libgcc.a(_arm_cmpsf2.o)
 .debug_info    0x0000000000024408       0x26 /usr/lib/gcc/arm-none-eabi/10.3.1/thumb/v7-m/nofp/libgcc.a(_arm_fixunssfsi.o)
 .debug_info    0x000000000002442e     0x1e22 /usr/lib/gcc/arm-none-eabi/10.3.1/thumb/v7-m/nofp/libgcc.a(unwind-arm.o)
 .debug_info    0x0000000000026250       0x26 /usr/lib/gcc/arm-none-eabi/10.3.1/thumb/v7-m/nofp/libgcc.a(libunwind.o)
 .debug_info    0x0000000000026276      0xa8c /usr/lib/gcc/arm-none-eabi/10.3.1/thumb/v7-m/nofp/libgcc.a(pr-support.o)
 .debug_info    0x0000000000026d02       0xcb /usr/lib/gcc/arm-none-eabi/10.3.1/../../../arm-none-eabi/lib/thumb/v7-m/nofp/libc_nano.a(lib_a-abort.o)
 .debug_info    0x0000000000026dcd      0xdcc /usr/lib/gcc/arm-none-eabi/10.3.1/../../../arm-none-eabi/lib/thumb/v7-m/nofp/libc_nano.a(lib_a-signal.o)
 .debug_info    0x0000000000027b99      0x871 /usr/lib/gcc/arm-none-eabi/10.3.1/../../../arm-none-eabi/lib/thumb/v7-m/nofp/libc_nano.a(lib_a-signalr.o)

.debug_abbrev   0x0000000000000000     0x6ad7
 .debug_abbrev  0x0000000000000000      0x183 build/main.o
 .debug_abbrev  0x0000000000000183      0x13f build/gpio.o
 .debug_abbrev  0x00000000000002c2      0x117 build/dma.o
 .debug_abbrev  0x00000000000003d9      0x273 build/tim.o
 .debug_abbrev  0x000000000000064c      0x1e8 build/usart.o
 .debug_abbrev  0x0000000000000834      0x15e build/stm32f1xx_it.o
 .debug_abbrev  0x0000000000000992       0xe7 build/stm32f1xx_hal_msp.o
 .debug_abbrev  0x0000000000000a79      0x1f7 build/stm32f1xx_hal.o
 .debug_abbrev  0x0000000000000c70      0x2b8 build/stm32f1xx_hal_rcc.o
 .debug_abbrev  0x0000000000000f28      0x222 build/stm32f1xx_hal_gpio.o
 .debug_abbrev  0x000000000000114a      0x244 build/stm32f1xx_hal_dma.o
 .debug_abbrev  0x000000000000138e      0x359 build/stm32f1xx_hal_cortex.o
 .debug_abbrev  0x00000000000016e7      0x29d build/stm32f1xx_hal_tim.o
 .debug_abbrev  0x0000000000001984      0x29f build/stm32f1xx_hal_tim_ex.o
 .debug_abbrev  0x0000000000001c23      0x334 build/stm32f1xx_hal_uart.o
 .debug_abbrev  0x0000000000001f57      0x140 build/system_stm32f1xx.o
 .debug_abbrev  0x0000000000002097       0xea build/sysmem.o
 .debug_abbrev  0x0000000000002181       0xc5 build/easy_crc.o
 .debug_abbrev  0x0000000000002246       0x12 build/startup_stm32f103xb.o
 .debug_abbrev  0x0000000000002258      0x448 build/motor.o
 .debug_abbrev  0x00000000000026a0      0x3f1 build/uart.o
 .debug_abbrev  0x0000000000002a91      0x439 build/pid.o
 .debug_abbrev  0x0000000000002eca      0x395 build/encoder.o
 .debug_abbrev  0x000000000000325f      0x556 build/car.o
 .debug_abbrev  0x00000000000037b5      0x4c2 /usr/lib/gcc/arm-none-eabi/10.3.1/../../../arm-none-eabi/lib/thumb/v7-m/nofp/libstdc++_nano.a(class_type_info.o)
 .debug_abbrev  0x0000000000003c77      0x239 /usr/lib/gcc/arm-none-eabi/10.3.1/../../../arm-none-eabi/lib/thumb/v7-m/nofp/libstdc++_nano.a(del_ops.o)
 .debug_abbrev  0x0000000000003eb0      0x46a /usr/lib/gcc/arm-none-eabi/10.3.1/../../../arm-none-eabi/lib/thumb/v7-m/nofp/libstdc++_nano.a(si_class_type_info.o)
 .debug_abbrev  0x000000000000431a      0x3ab /usr/lib/gcc/arm-none-eabi/10.3.1/../../../arm-none-eabi/lib/thumb/v7-m/nofp/libstdc++_nano.a(tinfo.o)
 .debug_abbrev  0x00000000000046c5      0x2ee /usr/lib/gcc/arm-none-eabi/10.3.1/../../../arm-none-eabi/lib/thumb/v7-m/nofp/libstdc++_nano.a(del_op.o)
 .debug_abbrev  0x00000000000049b3      0x157 /usr/lib/gcc/arm-none-eabi/10.3.1/../../../arm-none-eabi/lib/thumb/v7-m/nofp/libc_nano.a(lib_a-errno.o)
 .debug_abbrev  0x0000000000004b0a      0x151 /usr/lib/gcc/arm-none-eabi/10.3.1/../../../arm-none-eabi/lib/thumb/v7-m/nofp/libc_nano.a(lib_a-impure.o)
 .debug_abbrev  0x0000000000004c5b       0xcc /usr/lib/gcc/arm-none-eabi/10.3.1/../../../arm-none-eabi/lib/thumb/v7-m/nofp/libc_nano.a(lib_a-init.o)
 .debug_abbrev  0x0000000000004d27      0x1b6 /usr/lib/gcc/arm-none-eabi/10.3.1/../../../arm-none-eabi/lib/thumb/v7-m/nofp/libc_nano.a(lib_a-malloc.o)
 .debug_abbrev  0x0000000000004edd       0x14 /usr/lib/gcc/arm-none-eabi/10.3.1/../../../arm-none-eabi/lib/thumb/v7-m/nofp/libc_nano.a(lib_a-memcpy.o)
 .debug_abbrev  0x0000000000004ef1       0xb4 /usr/lib/gcc/arm-none-eabi/10.3.1/../../../arm-none-eabi/lib/thumb/v7-m/nofp/libc_nano.a(lib_a-memset.o)
 .debug_abbrev  0x0000000000004fa5      0x245 /usr/lib/gcc/arm-none-eabi/10.3.1/../../../arm-none-eabi/lib/thumb/v7-m/nofp/libc_nano.a(lib_a-nano-freer.o)
 .debug_abbrev  0x00000000000051ea      0x290 /usr/lib/gcc/arm-none-eabi/10.3.1/../../../arm-none-eabi/lib/thumb/v7-m/nofp/libc_nano.a(lib_a-nano-mallocr.o)
 .debug_abbrev  0x000000000000547a      0x1d6 /usr/lib/gcc/arm-none-eabi/10.3.1/../../../arm-none-eabi/lib/thumb/v7-m/nofp/libc_nano.a(lib_a-sbrkr.o)
 .debug_abbrev  0x0000000000005650       0x14 /usr/lib/gcc/arm-none-eabi/10.3.1/../../../arm-none-eabi/lib/thumb/v7-m/nofp/libc_nano.a(lib_a-strcmp.o)
 .debug_abbrev  0x0000000000005664      0x3cd /usr/lib/gcc/arm-none-eabi/10.3.1/../../../arm-none-eabi/lib/thumb/v7-m/nofp/libc_nano.a(lib_a-findfp.o)
 .debug_abbrev  0x0000000000005a31      0x189 /usr/lib/gcc/arm-none-eabi/10.3.1/../../../arm-none-eabi/lib/thumb/v7-m/nofp/libc_nano.a(lib_a-mlock.o)
 .debug_abbrev  0x0000000000005bba      0x265 /usr/lib/gcc/arm-none-eabi/10.3.1/../../../arm-none-eabi/lib/thumb/v7-m/nofp/libc_nano.a(lib_a-reent.o)
 .debug_abbrev  0x0000000000005e1f       0x14 /usr/lib/gcc/arm-none-eabi/10.3.1/thumb/v7-m/nofp/libgcc.a(_arm_addsubsf3.o)
 .debug_abbrev  0x0000000000005e33       0x14 /usr/lib/gcc/arm-none-eabi/10.3.1/thumb/v7-m/nofp/libgcc.a(_arm_muldivsf3.o)
 .debug_abbrev  0x0000000000005e47       0x14 /usr/lib/gcc/arm-none-eabi/10.3.1/thumb/v7-m/nofp/libgcc.a(_arm_cmpsf2.o)
 .debug_abbrev  0x0000000000005e5b       0x14 /usr/lib/gcc/arm-none-eabi/10.3.1/thumb/v7-m/nofp/libgcc.a(_arm_fixunssfsi.o)
 .debug_abbrev  0x0000000000005e6f      0x46c /usr/lib/gcc/arm-none-eabi/10.3.1/thumb/v7-m/nofp/libgcc.a(unwind-arm.o)
 .debug_abbrev  0x00000000000062db       0x14 /usr/lib/gcc/arm-none-eabi/10.3.1/thumb/v7-m/nofp/libgcc.a(libunwind.o)
 .debug_abbrev  0x00000000000062ef      0x2d3 /usr/lib/gcc/arm-none-eabi/10.3.1/thumb/v7-m/nofp/libgcc.a(pr-support.o)
 .debug_abbrev  0x00000000000065c2       0x80 /usr/lib/gcc/arm-none-eabi/10.3.1/../../../arm-none-eabi/lib/thumb/v7-m/nofp/libc_nano.a(lib_a-abort.o)
 .debug_abbrev  0x0000000000006642      0x2ba /usr/lib/gcc/arm-none-eabi/10.3.1/../../../arm-none-eabi/lib/thumb/v7-m/nofp/libc_nano.a(lib_a-signal.o)
 .debug_abbrev  0x00000000000068fc      0x1db /usr/lib/gcc/arm-none-eabi/10.3.1/../../../arm-none-eabi/lib/thumb/v7-m/nofp/libc_nano.a(lib_a-signalr.o)

.debug_loc      0x0000000000000000    0x15256
 .debug_loc     0x0000000000000000       0x66 build/main.o
 .debug_loc     0x0000000000000066       0x38 build/gpio.o
 .debug_loc     0x000000000000009e       0x38 build/dma.o
 .debug_loc     0x00000000000000d6      0x2a0 build/tim.o
 .debug_loc     0x0000000000000376       0xf5 build/usart.o
 .debug_loc     0x000000000000046b       0x60 build/stm32f1xx_it.o
 .debug_loc     0x00000000000004cb       0x41 build/stm32f1xx_hal_msp.o
 .debug_loc     0x000000000000050c      0x1e1 build/stm32f1xx_hal.o
 .debug_loc     0x00000000000006ed      0x790 build/stm32f1xx_hal_rcc.o
 .debug_loc     0x0000000000000e7d      0x551 build/stm32f1xx_hal_gpio.o
 .debug_loc     0x00000000000013ce      0x901 build/stm32f1xx_hal_dma.o
 .debug_loc     0x0000000000001ccf      0x77f build/stm32f1xx_hal_cortex.o
 .debug_loc     0x000000000000244e     0x5c88 build/stm32f1xx_hal_tim.o
 .debug_loc     0x00000000000080d6     0x20f3 build/stm32f1xx_hal_tim_ex.o
 .debug_loc     0x000000000000a1c9     0x4d23 build/stm32f1xx_hal_uart.o
 .debug_loc     0x000000000000eeec       0xff build/system_stm32f1xx.o
 .debug_loc     0x000000000000efeb       0x84 build/sysmem.o
 .debug_loc     0x000000000000f06f       0xc8 build/easy_crc.o
 .debug_loc     0x000000000000f137      0x1b9 build/motor.o
 .debug_loc     0x000000000000f2f0      0x792 build/uart.o
 .debug_loc     0x000000000000fa82      0x83a build/pid.o
 .debug_loc     0x00000000000102bc      0x1ae build/encoder.o
 .debug_loc     0x000000000001046a      0x582 build/car.o
 .debug_loc     0x00000000000109ec      0x472 /usr/lib/gcc/arm-none-eabi/10.3.1/../../../arm-none-eabi/lib/thumb/v7-m/nofp/libstdc++_nano.a(class_type_info.o)
 .debug_loc     0x0000000000010e5e       0x25 /usr/lib/gcc/arm-none-eabi/10.3.1/../../../arm-none-eabi/lib/thumb/v7-m/nofp/libstdc++_nano.a(del_ops.o)
 .debug_loc     0x0000000000010e83      0x572 /usr/lib/gcc/arm-none-eabi/10.3.1/../../../arm-none-eabi/lib/thumb/v7-m/nofp/libstdc++_nano.a(si_class_type_info.o)
 .debug_loc     0x00000000000113f5      0x194 /usr/lib/gcc/arm-none-eabi/10.3.1/../../../arm-none-eabi/lib/thumb/v7-m/nofp/libstdc++_nano.a(tinfo.o)
 .debug_loc     0x0000000000011589       0x25 /usr/lib/gcc/arm-none-eabi/10.3.1/../../../arm-none-eabi/lib/thumb/v7-m/nofp/libstdc++_nano.a(del_op.o)
 .debug_loc     0x00000000000115ae       0xba /usr/lib/gcc/arm-none-eabi/10.3.1/../../../arm-none-eabi/lib/thumb/v7-m/nofp/libc_nano.a(lib_a-init.o)
 .debug_loc     0x0000000000011668       0x64 /usr/lib/gcc/arm-none-eabi/10.3.1/../../../arm-none-eabi/lib/thumb/v7-m/nofp/libc_nano.a(lib_a-malloc.o)
 .debug_loc     0x00000000000116cc      0x22c /usr/lib/gcc/arm-none-eabi/10.3.1/../../../arm-none-eabi/lib/thumb/v7-m/nofp/libc_nano.a(lib_a-memset.o)
 .debug_loc     0x00000000000118f8      0x27f /usr/lib/gcc/arm-none-eabi/10.3.1/../../../arm-none-eabi/lib/thumb/v7-m/nofp/libc_nano.a(lib_a-nano-freer.o)
 .debug_loc     0x0000000000011b77      0x3da /usr/lib/gcc/arm-none-eabi/10.3.1/../../../arm-none-eabi/lib/thumb/v7-m/nofp/libc_nano.a(lib_a-nano-mallocr.o)
 .debug_loc     0x0000000000011f51       0x6c /usr/lib/gcc/arm-none-eabi/10.3.1/../../../arm-none-eabi/lib/thumb/v7-m/nofp/libc_nano.a(lib_a-sbrkr.o)
 .debug_loc     0x0000000000011fbd      0x3d9 /usr/lib/gcc/arm-none-eabi/10.3.1/../../../arm-none-eabi/lib/thumb/v7-m/nofp/libc_nano.a(lib_a-findfp.o)
 .debug_loc     0x0000000000012396      0x1cd /usr/lib/gcc/arm-none-eabi/10.3.1/../../../arm-none-eabi/lib/thumb/v7-m/nofp/libc_nano.a(lib_a-reent.o)
 .debug_loc     0x0000000000012563     0x1cfe /usr/lib/gcc/arm-none-eabi/10.3.1/thumb/v7-m/nofp/libgcc.a(unwind-arm.o)
 .debug_loc     0x0000000000014261      0x5cb /usr/lib/gcc/arm-none-eabi/10.3.1/thumb/v7-m/nofp/libgcc.a(pr-support.o)
 .debug_loc     0x000000000001482c      0x967 /usr/lib/gcc/arm-none-eabi/10.3.1/../../../arm-none-eabi/lib/thumb/v7-m/nofp/libc_nano.a(lib_a-signal.o)
 .debug_loc     0x0000000000015193       0xc3 /usr/lib/gcc/arm-none-eabi/10.3.1/../../../arm-none-eabi/lib/thumb/v7-m/nofp/libc_nano.a(lib_a-signalr.o)

.debug_aranges  0x0000000000000000     0x1258
 .debug_aranges
                0x0000000000000000       0x30 build/main.o
 .debug_aranges
                0x0000000000000030       0x20 build/gpio.o
 .debug_aranges
                0x0000000000000050       0x20 build/dma.o
 .debug_aranges
                0x0000000000000070       0x58 build/tim.o
 .debug_aranges
                0x00000000000000c8       0x30 build/usart.o
 .debug_aranges
                0x00000000000000f8       0x70 build/stm32f1xx_it.o
 .debug_aranges
                0x0000000000000168       0x20 build/stm32f1xx_hal_msp.o
 .debug_aranges
                0x0000000000000188       0xe0 build/stm32f1xx_hal.o
 .debug_aranges
                0x0000000000000268       0x90 build/stm32f1xx_hal_rcc.o
 .debug_aranges
                0x00000000000002f8       0x58 build/stm32f1xx_hal_gpio.o
 .debug_aranges
                0x0000000000000350       0x80 build/stm32f1xx_hal_dma.o
 .debug_aranges
                0x00000000000003d0       0x90 build/stm32f1xx_hal_cortex.o
 .debug_aranges
                0x0000000000000460      0x3d0 build/stm32f1xx_hal_tim.o
 .debug_aranges
                0x0000000000000830      0x168 build/stm32f1xx_hal_tim_ex.o
 .debug_aranges
                0x0000000000000998      0x208 build/stm32f1xx_hal_uart.o
 .debug_aranges
                0x0000000000000ba0       0x28 build/system_stm32f1xx.o
 .debug_aranges
                0x0000000000000bc8       0x20 build/sysmem.o
 .debug_aranges
                0x0000000000000be8       0x20 build/easy_crc.o
 .debug_aranges
                0x0000000000000c08       0x28 build/startup_stm32f103xb.o
 .debug_aranges
                0x0000000000000c30       0x30 build/motor.o
 .debug_aranges
                0x0000000000000c60       0xd8 build/uart.o
 .debug_aranges
                0x0000000000000d38       0x88 build/pid.o
 .debug_aranges
                0x0000000000000dc0       0x40 build/encoder.o
 .debug_aranges
                0x0000000000000e00       0x60 build/car.o
 .debug_aranges
                0x0000000000000e60       0x50 /usr/lib/gcc/arm-none-eabi/10.3.1/../../../arm-none-eabi/lib/thumb/v7-m/nofp/libstdc++_nano.a(class_type_info.o)
 .debug_aranges
                0x0000000000000eb0       0x20 /usr/lib/gcc/arm-none-eabi/10.3.1/../../../arm-none-eabi/lib/thumb/v7-m/nofp/libstdc++_nano.a(del_ops.o)
 .debug_aranges
                0x0000000000000ed0       0x40 /usr/lib/gcc/arm-none-eabi/10.3.1/../../../arm-none-eabi/lib/thumb/v7-m/nofp/libstdc++_nano.a(si_class_type_info.o)
 .debug_aranges
                0x0000000000000f10       0x48 /usr/lib/gcc/arm-none-eabi/10.3.1/../../../arm-none-eabi/lib/thumb/v7-m/nofp/libstdc++_nano.a(tinfo.o)
 .debug_aranges
                0x0000000000000f58       0x20 /usr/lib/gcc/arm-none-eabi/10.3.1/../../../arm-none-eabi/lib/thumb/v7-m/nofp/libstdc++_nano.a(del_op.o)
 .debug_aranges
                0x0000000000000f78       0x20 /usr/lib/gcc/arm-none-eabi/10.3.1/../../../arm-none-eabi/lib/thumb/v7-m/nofp/libc_nano.a(lib_a-errno.o)
 .debug_aranges
                0x0000000000000f98       0x18 /usr/lib/gcc/arm-none-eabi/10.3.1/../../../arm-none-eabi/lib/thumb/v7-m/nofp/libc_nano.a(lib_a-impure.o)
 .debug_aranges
                0x0000000000000fb0       0x20 /usr/lib/gcc/arm-none-eabi/10.3.1/../../../arm-none-eabi/lib/thumb/v7-m/nofp/libc_nano.a(lib_a-init.o)
 .debug_aranges
                0x0000000000000fd0       0x20 /usr/lib/gcc/arm-none-eabi/10.3.1/../../../arm-none-eabi/lib/thumb/v7-m/nofp/libc_nano.a(lib_a-malloc.o)
 .debug_aranges
                0x0000000000000ff0       0x20 /usr/lib/gcc/arm-none-eabi/10.3.1/../../../arm-none-eabi/lib/thumb/v7-m/nofp/libc_nano.a(lib_a-memcpy.o)
 .debug_aranges
                0x0000000000001010       0x20 /usr/lib/gcc/arm-none-eabi/10.3.1/../../../arm-none-eabi/lib/thumb/v7-m/nofp/libc_nano.a(lib_a-memset.o)
 .debug_aranges
                0x0000000000001030       0x20 /usr/lib/gcc/arm-none-eabi/10.3.1/../../../arm-none-eabi/lib/thumb/v7-m/nofp/libc_nano.a(lib_a-nano-freer.o)
 .debug_aranges
                0x0000000000001050       0x20 /usr/lib/gcc/arm-none-eabi/10.3.1/../../../arm-none-eabi/lib/thumb/v7-m/nofp/libc_nano.a(lib_a-nano-mallocr.o)
 .debug_aranges
                0x0000000000001070       0x20 /usr/lib/gcc/arm-none-eabi/10.3.1/../../../arm-none-eabi/lib/thumb/v7-m/nofp/libc_nano.a(lib_a-sbrkr.o)
 .debug_aranges
                0x0000000000001090       0x20 /usr/lib/gcc/arm-none-eabi/10.3.1/../../../arm-none-eabi/lib/thumb/v7-m/nofp/libc_nano.a(lib_a-strcmp.o)
 .debug_aranges
                0x00000000000010b0       0x20 /usr/lib/gcc/arm-none-eabi/10.3.1/../../../arm-none-eabi/lib/thumb/v7-m/nofp/libc_nano.a(lib_a-findfp.o)
 .debug_aranges
                0x00000000000010d0       0x20 /usr/lib/gcc/arm-none-eabi/10.3.1/../../../arm-none-eabi/lib/thumb/v7-m/nofp/libc_nano.a(lib_a-mlock.o)
 .debug_aranges
                0x00000000000010f0       0x20 /usr/lib/gcc/arm-none-eabi/10.3.1/../../../arm-none-eabi/lib/thumb/v7-m/nofp/libc_nano.a(lib_a-reent.o)
 .debug_aranges
                0x0000000000001110       0x20 /usr/lib/gcc/arm-none-eabi/10.3.1/thumb/v7-m/nofp/libgcc.a(_arm_addsubsf3.o)
 .debug_aranges
                0x0000000000001130       0x20 /usr/lib/gcc/arm-none-eabi/10.3.1/thumb/v7-m/nofp/libgcc.a(_arm_muldivsf3.o)
 .debug_aranges
                0x0000000000001150       0x20 /usr/lib/gcc/arm-none-eabi/10.3.1/thumb/v7-m/nofp/libgcc.a(_arm_cmpsf2.o)
 .debug_aranges
                0x0000000000001170       0x20 /usr/lib/gcc/arm-none-eabi/10.3.1/thumb/v7-m/nofp/libgcc.a(_arm_fixunssfsi.o)
 .debug_aranges
                0x0000000000001190       0x20 /usr/lib/gcc/arm-none-eabi/10.3.1/thumb/v7-m/nofp/libgcc.a(unwind-arm.o)
 .debug_aranges
                0x00000000000011b0       0x20 /usr/lib/gcc/arm-none-eabi/10.3.1/thumb/v7-m/nofp/libgcc.a(libunwind.o)
 .debug_aranges
                0x00000000000011d0       0x28 /usr/lib/gcc/arm-none-eabi/10.3.1/thumb/v7-m/nofp/libgcc.a(pr-support.o)
 .debug_aranges
                0x00000000000011f8       0x20 /usr/lib/gcc/arm-none-eabi/10.3.1/../../../arm-none-eabi/lib/thumb/v7-m/nofp/libc_nano.a(lib_a-abort.o)
 .debug_aranges
                0x0000000000001218       0x20 /usr/lib/gcc/arm-none-eabi/10.3.1/../../../arm-none-eabi/lib/thumb/v7-m/nofp/libc_nano.a(lib_a-signal.o)
 .debug_aranges
                0x0000000000001238       0x20 /usr/lib/gcc/arm-none-eabi/10.3.1/../../../arm-none-eabi/lib/thumb/v7-m/nofp/libc_nano.a(lib_a-signalr.o)

.debug_ranges   0x0000000000000000     0x1260
 .debug_ranges  0x0000000000000000       0x20 build/main.o
 .debug_ranges  0x0000000000000020       0x10 build/gpio.o
 .debug_ranges  0x0000000000000030       0x10 build/dma.o
 .debug_ranges  0x0000000000000040       0x48 build/tim.o
 .debug_ranges  0x0000000000000088       0x20 build/usart.o
 .debug_ranges  0x00000000000000a8       0x60 build/stm32f1xx_it.o
 .debug_ranges  0x0000000000000108       0x10 build/stm32f1xx_hal_msp.o
 .debug_ranges  0x0000000000000118       0xd0 build/stm32f1xx_hal.o
 .debug_ranges  0x00000000000001e8       0xa0 build/stm32f1xx_hal_rcc.o
 .debug_ranges  0x0000000000000288       0x48 build/stm32f1xx_hal_gpio.o
 .debug_ranges  0x00000000000002d0       0x70 build/stm32f1xx_hal_dma.o
 .debug_ranges  0x0000000000000340       0xe0 build/stm32f1xx_hal_cortex.o
 .debug_ranges  0x0000000000000420      0x3c0 build/stm32f1xx_hal_tim.o
 .debug_ranges  0x00000000000007e0      0x158 build/stm32f1xx_hal_tim_ex.o
 .debug_ranges  0x0000000000000938      0x210 build/stm32f1xx_hal_uart.o
 .debug_ranges  0x0000000000000b48       0x18 build/system_stm32f1xx.o
 .debug_ranges  0x0000000000000b60       0x10 build/sysmem.o
 .debug_ranges  0x0000000000000b70       0x30 build/easy_crc.o
 .debug_ranges  0x0000000000000ba0       0x20 build/startup_stm32f103xb.o
 .debug_ranges  0x0000000000000bc0       0x40 build/motor.o
 .debug_ranges  0x0000000000000c00       0xc8 build/uart.o
 .debug_ranges  0x0000000000000cc8       0x78 build/pid.o
 .debug_ranges  0x0000000000000d40       0x30 build/encoder.o