ARM GAS  /tmp/ccoDhvhQ.s 			page 1


   1              		.cpu cortex-m3
   2              		.eabi_attribute 20, 1
   3              		.eabi_attribute 21, 1
   4              		.eabi_attribute 23, 3
   5              		.eabi_attribute 24, 1
   6              		.eabi_attribute 25, 1
   7              		.eabi_attribute 26, 1
   8              		.eabi_attribute 30, 1
   9              		.eabi_attribute 34, 1
  10              		.eabi_attribute 18, 4
  11              		.file	"syscalls.c"
  12              		.text
  13              	.Ltext0:
  14              		.cfi_sections	.debug_frame
  15              		.section	.text.initialise_monitor_handles,"ax",%progbits
  16              		.align	1
  17              		.global	initialise_monitor_handles
  18              		.arch armv7-m
  19              		.syntax unified
  20              		.thumb
  21              		.thumb_func
  22              		.fpu softvfp
  24              	initialise_monitor_handles:
  25              	.LFB25:
  26              		.file 1 "Core/Src/syscalls.c"
   1:Core/Src/syscalls.c **** /**
   2:Core/Src/syscalls.c ****  ******************************************************************************
   3:Core/Src/syscalls.c ****  * @file      syscalls.c
   4:Core/Src/syscalls.c ****  * @author    Auto-generated by STM32CubeMX
   5:Core/Src/syscalls.c ****  * @brief     Minimal System calls file
   6:Core/Src/syscalls.c ****  *
   7:Core/Src/syscalls.c ****  *            For more information about which c-functions
   8:Core/Src/syscalls.c ****  *            need which of these lowlevel functions
   9:Core/Src/syscalls.c ****  *            please consult the Newlib or Picolibc libc-manual
  10:Core/Src/syscalls.c ****  ******************************************************************************
  11:Core/Src/syscalls.c ****  * @attention
  12:Core/Src/syscalls.c ****  *
  13:Core/Src/syscalls.c ****  * Copyright (c) 2020-2025 STMicroelectronics.
  14:Core/Src/syscalls.c ****  * All rights reserved.
  15:Core/Src/syscalls.c ****  *
  16:Core/Src/syscalls.c ****  * This software is licensed under terms that can be found in the LICENSE file
  17:Core/Src/syscalls.c ****  * in the root directory of this software component.
  18:Core/Src/syscalls.c ****  * If no LICENSE file comes with this software, it is provided AS-IS.
  19:Core/Src/syscalls.c ****  *
  20:Core/Src/syscalls.c ****  ******************************************************************************
  21:Core/Src/syscalls.c ****  */
  22:Core/Src/syscalls.c **** 
  23:Core/Src/syscalls.c **** /* Includes */
  24:Core/Src/syscalls.c **** #include <sys/stat.h>
  25:Core/Src/syscalls.c **** #include <stdlib.h>
  26:Core/Src/syscalls.c **** #include <errno.h>
  27:Core/Src/syscalls.c **** #include <stdio.h>
  28:Core/Src/syscalls.c **** #include <signal.h>
  29:Core/Src/syscalls.c **** #include <time.h>
  30:Core/Src/syscalls.c **** #include <sys/time.h>
  31:Core/Src/syscalls.c **** #include <sys/times.h>
  32:Core/Src/syscalls.c **** 
ARM GAS  /tmp/ccoDhvhQ.s 			page 2


  33:Core/Src/syscalls.c **** 
  34:Core/Src/syscalls.c **** /* Variables */
  35:Core/Src/syscalls.c **** extern int __io_putchar(int ch) __attribute__((weak));
  36:Core/Src/syscalls.c **** extern int __io_getchar(void) __attribute__((weak));
  37:Core/Src/syscalls.c **** 
  38:Core/Src/syscalls.c **** 
  39:Core/Src/syscalls.c **** char *__env[1] = { 0 };
  40:Core/Src/syscalls.c **** char **environ = __env;
  41:Core/Src/syscalls.c **** 
  42:Core/Src/syscalls.c **** 
  43:Core/Src/syscalls.c **** /* Functions */
  44:Core/Src/syscalls.c **** void initialise_monitor_handles()
  45:Core/Src/syscalls.c **** {
  27              		.loc 1 45 1 view -0
  28              		.cfi_startproc
  29              		@ args = 0, pretend = 0, frame = 0
  30              		@ frame_needed = 0, uses_anonymous_args = 0
  31              		@ link register save eliminated.
  46:Core/Src/syscalls.c **** }
  32              		.loc 1 46 1 view .LVU1
  33 0000 7047     		bx	lr
  34              		.cfi_endproc
  35              	.LFE25:
  37              		.section	.text._getpid,"ax",%progbits
  38              		.align	1
  39              		.global	_getpid
  40              		.syntax unified
  41              		.thumb
  42              		.thumb_func
  43              		.fpu softvfp
  45              	_getpid:
  46              	.LFB26:
  47:Core/Src/syscalls.c **** 
  48:Core/Src/syscalls.c **** int _getpid(void)
  49:Core/Src/syscalls.c **** {
  47              		.loc 1 49 1 view -0
  48              		.cfi_startproc
  49              		@ args = 0, pretend = 0, frame = 0
  50              		@ frame_needed = 0, uses_anonymous_args = 0
  51              		@ link register save eliminated.
  50:Core/Src/syscalls.c ****   return 1;
  52              		.loc 1 50 3 view .LVU3
  51:Core/Src/syscalls.c **** }
  53              		.loc 1 51 1 is_stmt 0 view .LVU4
  54 0000 0120     		movs	r0, #1
  55 0002 7047     		bx	lr
  56              		.cfi_endproc
  57              	.LFE26:
  59              		.section	.text._kill,"ax",%progbits
  60              		.align	1
  61              		.global	_kill
  62              		.syntax unified
  63              		.thumb
  64              		.thumb_func
  65              		.fpu softvfp
  67              	_kill:
  68              	.LVL0:
ARM GAS  /tmp/ccoDhvhQ.s 			page 3


  69              	.LFB27:
  52:Core/Src/syscalls.c **** 
  53:Core/Src/syscalls.c **** int _kill(int pid, int sig)
  54:Core/Src/syscalls.c **** {
  70              		.loc 1 54 1 is_stmt 1 view -0
  71              		.cfi_startproc
  72              		@ args = 0, pretend = 0, frame = 0
  73              		@ frame_needed = 0, uses_anonymous_args = 0
  74              		.loc 1 54 1 is_stmt 0 view .LVU6
  75 0000 08B5     		push	{r3, lr}
  76              	.LCFI0:
  77              		.cfi_def_cfa_offset 8
  78              		.cfi_offset 3, -8
  79              		.cfi_offset 14, -4
  55:Core/Src/syscalls.c ****   (void)pid;
  80              		.loc 1 55 3 is_stmt 1 view .LVU7
  56:Core/Src/syscalls.c ****   (void)sig;
  81              		.loc 1 56 3 view .LVU8
  57:Core/Src/syscalls.c ****   errno = EINVAL;
  82              		.loc 1 57 3 view .LVU9
  83 0002 FFF7FEFF 		bl	__errno
  84              	.LVL1:
  85              		.loc 1 57 9 is_stmt 0 view .LVU10
  86 0006 1623     		movs	r3, #22
  87 0008 0360     		str	r3, [r0]
  58:Core/Src/syscalls.c ****   return -1;
  88              		.loc 1 58 3 is_stmt 1 view .LVU11
  59:Core/Src/syscalls.c **** }
  89              		.loc 1 59 1 is_stmt 0 view .LVU12
  90 000a 4FF0FF30 		mov	r0, #-1
  91 000e 08BD     		pop	{r3, pc}
  92              		.cfi_endproc
  93              	.LFE27:
  95              		.section	.text._exit,"ax",%progbits
  96              		.align	1
  97              		.global	_exit
  98              		.syntax unified
  99              		.thumb
 100              		.thumb_func
 101              		.fpu softvfp
 103              	_exit:
 104              	.LVL2:
 105              	.LFB28:
  60:Core/Src/syscalls.c **** 
  61:Core/Src/syscalls.c **** void _exit (int status)
  62:Core/Src/syscalls.c **** {
 106              		.loc 1 62 1 is_stmt 1 view -0
 107              		.cfi_startproc
 108              		@ Volatile: function does not return.
 109              		@ args = 0, pretend = 0, frame = 0
 110              		@ frame_needed = 0, uses_anonymous_args = 0
 111              		.loc 1 62 1 is_stmt 0 view .LVU14
 112 0000 08B5     		push	{r3, lr}
 113              	.LCFI1:
 114              		.cfi_def_cfa_offset 8
 115              		.cfi_offset 3, -8
 116              		.cfi_offset 14, -4
ARM GAS  /tmp/ccoDhvhQ.s 			page 4


  63:Core/Src/syscalls.c ****   _kill(status, -1);
 117              		.loc 1 63 3 is_stmt 1 view .LVU15
 118 0002 4FF0FF31 		mov	r1, #-1
 119 0006 FFF7FEFF 		bl	_kill
 120              	.LVL3:
 121              	.L6:
  64:Core/Src/syscalls.c ****   while (1) {}    /* Make sure we hang here */
 122              		.loc 1 64 3 discriminator 1 view .LVU16
 123              		.loc 1 64 14 discriminator 1 view .LVU17
 124              		.loc 1 64 9 discriminator 1 view .LVU18
 125 000a FEE7     		b	.L6
 126              		.cfi_endproc
 127              	.LFE28:
 129              		.section	.text._read,"ax",%progbits
 130              		.align	1
 131              		.weak	_read
 132              		.syntax unified
 133              		.thumb
 134              		.thumb_func
 135              		.fpu softvfp
 137              	_read:
 138              	.LVL4:
 139              	.LFB29:
  65:Core/Src/syscalls.c **** }
  66:Core/Src/syscalls.c **** 
  67:Core/Src/syscalls.c **** __attribute__((weak)) int _read(int file, char *ptr, int len)
  68:Core/Src/syscalls.c **** {
 140              		.loc 1 68 1 view -0
 141              		.cfi_startproc
 142              		@ args = 0, pretend = 0, frame = 0
 143              		@ frame_needed = 0, uses_anonymous_args = 0
 144              		.loc 1 68 1 is_stmt 0 view .LVU20
 145 0000 70B5     		push	{r4, r5, r6, lr}
 146              	.LCFI2:
 147              		.cfi_def_cfa_offset 16
 148              		.cfi_offset 4, -16
 149              		.cfi_offset 5, -12
 150              		.cfi_offset 6, -8
 151              		.cfi_offset 14, -4
 152 0002 0C46     		mov	r4, r1
 153 0004 1646     		mov	r6, r2
  69:Core/Src/syscalls.c ****   (void)file;
 154              		.loc 1 69 3 is_stmt 1 view .LVU21
  70:Core/Src/syscalls.c ****   int DataIdx;
 155              		.loc 1 70 3 view .LVU22
  71:Core/Src/syscalls.c **** 
  72:Core/Src/syscalls.c ****   for (DataIdx = 0; DataIdx < len; DataIdx++)
 156              		.loc 1 72 3 view .LVU23
 157              	.LVL5:
 158              		.loc 1 72 16 is_stmt 0 view .LVU24
 159 0006 0025     		movs	r5, #0
 160              		.loc 1 72 3 view .LVU25
 161 0008 06E0     		b	.L9
 162              	.LVL6:
 163              	.L10:
  73:Core/Src/syscalls.c ****   {
  74:Core/Src/syscalls.c ****     *ptr++ = __io_getchar();
ARM GAS  /tmp/ccoDhvhQ.s 			page 5


 164              		.loc 1 74 5 is_stmt 1 discriminator 3 view .LVU26
 165              		.loc 1 74 14 is_stmt 0 discriminator 3 view .LVU27
 166 000a FFF7FEFF 		bl	__io_getchar
 167              	.LVL7:
 168              		.loc 1 74 9 discriminator 3 view .LVU28
 169 000e 2146     		mov	r1, r4
 170              	.LVL8:
 171              		.loc 1 74 12 discriminator 3 view .LVU29
 172 0010 01F8010B 		strb	r0, [r1], #1
 173              	.LVL9:
  72:Core/Src/syscalls.c ****   {
 174              		.loc 1 72 36 is_stmt 1 discriminator 3 view .LVU30
  72:Core/Src/syscalls.c ****   {
 175              		.loc 1 72 43 is_stmt 0 discriminator 3 view .LVU31
 176 0014 0135     		adds	r5, r5, #1
 177              	.LVL10:
 178              		.loc 1 74 9 discriminator 3 view .LVU32
 179 0016 0C46     		mov	r4, r1
 180              	.LVL11:
 181              	.L9:
  72:Core/Src/syscalls.c ****   {
 182              		.loc 1 72 21 is_stmt 1 discriminator 1 view .LVU33
  72:Core/Src/syscalls.c ****   {
 183              		.loc 1 72 3 is_stmt 0 discriminator 1 view .LVU34
 184 0018 B542     		cmp	r5, r6
 185 001a F6DB     		blt	.L10
  75:Core/Src/syscalls.c ****   }
  76:Core/Src/syscalls.c **** 
  77:Core/Src/syscalls.c ****   return len;
 186              		.loc 1 77 3 is_stmt 1 view .LVU35
  78:Core/Src/syscalls.c **** }
 187              		.loc 1 78 1 is_stmt 0 view .LVU36
 188 001c 3046     		mov	r0, r6
 189 001e 70BD     		pop	{r4, r5, r6, pc}
 190              		.loc 1 78 1 view .LVU37
 191              		.cfi_endproc
 192              	.LFE29:
 194              		.section	.text._write,"ax",%progbits
 195              		.align	1
 196              		.weak	_write
 197              		.syntax unified
 198              		.thumb
 199              		.thumb_func
 200              		.fpu softvfp
 202              	_write:
 203              	.LVL12:
 204              	.LFB30:
  79:Core/Src/syscalls.c **** 
  80:Core/Src/syscalls.c **** __attribute__((weak)) int _write(int file, char *ptr, int len)
  81:Core/Src/syscalls.c **** {
 205              		.loc 1 81 1 is_stmt 1 view -0
 206              		.cfi_startproc
 207              		@ args = 0, pretend = 0, frame = 0
 208              		@ frame_needed = 0, uses_anonymous_args = 0
 209              		.loc 1 81 1 is_stmt 0 view .LVU39
 210 0000 70B5     		push	{r4, r5, r6, lr}
 211              	.LCFI3:
ARM GAS  /tmp/ccoDhvhQ.s 			page 6


 212              		.cfi_def_cfa_offset 16
 213              		.cfi_offset 4, -16
 214              		.cfi_offset 5, -12
 215              		.cfi_offset 6, -8
 216              		.cfi_offset 14, -4
 217 0002 0C46     		mov	r4, r1
 218 0004 1646     		mov	r6, r2
  82:Core/Src/syscalls.c ****   (void)file;
 219              		.loc 1 82 3 is_stmt 1 view .LVU40
  83:Core/Src/syscalls.c ****   int DataIdx;
 220              		.loc 1 83 3 view .LVU41
  84:Core/Src/syscalls.c **** 
  85:Core/Src/syscalls.c ****   for (DataIdx = 0; DataIdx < len; DataIdx++)
 221              		.loc 1 85 3 view .LVU42
 222              	.LVL13:
 223              		.loc 1 85 16 is_stmt 0 view .LVU43
 224 0006 0025     		movs	r5, #0
 225              		.loc 1 85 3 view .LVU44
 226 0008 04E0     		b	.L13
 227              	.LVL14:
 228              	.L14:
  86:Core/Src/syscalls.c ****   {
  87:Core/Src/syscalls.c ****     __io_putchar(*ptr++);
 229              		.loc 1 87 5 is_stmt 1 discriminator 3 view .LVU45
 230              		.loc 1 87 5 is_stmt 0 discriminator 3 view .LVU46
 231 000a 14F8010B 		ldrb	r0, [r4], #1	@ zero_extendqisi2
 232              	.LVL15:
 233              		.loc 1 87 5 discriminator 3 view .LVU47
 234 000e FFF7FEFF 		bl	__io_putchar
 235              	.LVL16:
  85:Core/Src/syscalls.c ****   {
 236              		.loc 1 85 36 is_stmt 1 discriminator 3 view .LVU48
  85:Core/Src/syscalls.c ****   {
 237              		.loc 1 85 43 is_stmt 0 discriminator 3 view .LVU49
 238 0012 0135     		adds	r5, r5, #1
 239              	.LVL17:
 240              	.L13:
  85:Core/Src/syscalls.c ****   {
 241              		.loc 1 85 21 is_stmt 1 discriminator 1 view .LVU50
  85:Core/Src/syscalls.c ****   {
 242              		.loc 1 85 3 is_stmt 0 discriminator 1 view .LVU51
 243 0014 B542     		cmp	r5, r6
 244 0016 F8DB     		blt	.L14
  88:Core/Src/syscalls.c ****   }
  89:Core/Src/syscalls.c ****   return len;
 245              		.loc 1 89 3 is_stmt 1 view .LVU52
  90:Core/Src/syscalls.c **** }
 246              		.loc 1 90 1 is_stmt 0 view .LVU53
 247 0018 3046     		mov	r0, r6
 248 001a 70BD     		pop	{r4, r5, r6, pc}
 249              		.loc 1 90 1 view .LVU54
 250              		.cfi_endproc
 251              	.LFE30:
 253              		.section	.text._close,"ax",%progbits
 254              		.align	1
 255              		.global	_close
 256              		.syntax unified
ARM GAS  /tmp/ccoDhvhQ.s 			page 7


 257              		.thumb
 258              		.thumb_func
 259              		.fpu softvfp
 261              	_close:
 262              	.LVL18:
 263              	.LFB31:
  91:Core/Src/syscalls.c **** 
  92:Core/Src/syscalls.c **** int _close(int file)
  93:Core/Src/syscalls.c **** {
 264              		.loc 1 93 1 is_stmt 1 view -0
 265              		.cfi_startproc
 266              		@ args = 0, pretend = 0, frame = 0
 267              		@ frame_needed = 0, uses_anonymous_args = 0
 268              		@ link register save eliminated.
  94:Core/Src/syscalls.c ****   (void)file;
 269              		.loc 1 94 3 view .LVU56
  95:Core/Src/syscalls.c ****   return -1;
 270              		.loc 1 95 3 view .LVU57
  96:Core/Src/syscalls.c **** }
 271              		.loc 1 96 1 is_stmt 0 view .LVU58
 272 0000 4FF0FF30 		mov	r0, #-1
 273              	.LVL19:
 274              		.loc 1 96 1 view .LVU59
 275 0004 7047     		bx	lr
 276              		.cfi_endproc
 277              	.LFE31:
 279              		.section	.text._fstat,"ax",%progbits
 280              		.align	1
 281              		.global	_fstat
 282              		.syntax unified
 283              		.thumb
 284              		.thumb_func
 285              		.fpu softvfp
 287              	_fstat:
 288              	.LVL20:
 289              	.LFB32:
  97:Core/Src/syscalls.c **** 
  98:Core/Src/syscalls.c **** 
  99:Core/Src/syscalls.c **** int _fstat(int file, struct stat *st)
 100:Core/Src/syscalls.c **** {
 290              		.loc 1 100 1 is_stmt 1 view -0
 291              		.cfi_startproc
 292              		@ args = 0, pretend = 0, frame = 0
 293              		@ frame_needed = 0, uses_anonymous_args = 0
 294              		@ link register save eliminated.
 101:Core/Src/syscalls.c ****   (void)file;
 295              		.loc 1 101 3 view .LVU61
 102:Core/Src/syscalls.c ****   st->st_mode = S_IFCHR;
 296              		.loc 1 102 3 view .LVU62
 297              		.loc 1 102 15 is_stmt 0 view .LVU63
 298 0000 4FF40053 		mov	r3, #8192
 299 0004 4B60     		str	r3, [r1, #4]
 103:Core/Src/syscalls.c ****   return 0;
 300              		.loc 1 103 3 is_stmt 1 view .LVU64
 104:Core/Src/syscalls.c **** }
 301              		.loc 1 104 1 is_stmt 0 view .LVU65
 302 0006 0020     		movs	r0, #0
ARM GAS  /tmp/ccoDhvhQ.s 			page 8


 303              	.LVL21:
 304              		.loc 1 104 1 view .LVU66
 305 0008 7047     		bx	lr
 306              		.cfi_endproc
 307              	.LFE32:
 309              		.section	.text._isatty,"ax",%progbits
 310              		.align	1
 311              		.global	_isatty
 312              		.syntax unified
 313              		.thumb
 314              		.thumb_func
 315              		.fpu softvfp
 317              	_isatty:
 318              	.LVL22:
 319              	.LFB33:
 105:Core/Src/syscalls.c **** 
 106:Core/Src/syscalls.c **** int _isatty(int file)
 107:Core/Src/syscalls.c **** {
 320              		.loc 1 107 1 is_stmt 1 view -0
 321              		.cfi_startproc
 322              		@ args = 0, pretend = 0, frame = 0
 323              		@ frame_needed = 0, uses_anonymous_args = 0
 324              		@ link register save eliminated.
 108:Core/Src/syscalls.c ****   (void)file;
 325              		.loc 1 108 3 view .LVU68
 109:Core/Src/syscalls.c ****   return 1;
 326              		.loc 1 109 3 view .LVU69
 110:Core/Src/syscalls.c **** }
 327              		.loc 1 110 1 is_stmt 0 view .LVU70
 328 0000 0120     		movs	r0, #1
 329              	.LVL23:
 330              		.loc 1 110 1 view .LVU71
 331 0002 7047     		bx	lr
 332              		.cfi_endproc
 333              	.LFE33:
 335              		.section	.text._lseek,"ax",%progbits
 336              		.align	1
 337              		.global	_lseek
 338              		.syntax unified
 339              		.thumb
 340              		.thumb_func
 341              		.fpu softvfp
 343              	_lseek:
 344              	.LVL24:
 345              	.LFB34:
 111:Core/Src/syscalls.c **** 
 112:Core/Src/syscalls.c **** int _lseek(int file, int ptr, int dir)
 113:Core/Src/syscalls.c **** {
 346              		.loc 1 113 1 is_stmt 1 view -0
 347              		.cfi_startproc
 348              		@ args = 0, pretend = 0, frame = 0
 349              		@ frame_needed = 0, uses_anonymous_args = 0
 350              		@ link register save eliminated.
 114:Core/Src/syscalls.c ****   (void)file;
 351              		.loc 1 114 3 view .LVU73
 115:Core/Src/syscalls.c ****   (void)ptr;
 352              		.loc 1 115 3 view .LVU74
ARM GAS  /tmp/ccoDhvhQ.s 			page 9


 116:Core/Src/syscalls.c ****   (void)dir;
 353              		.loc 1 116 3 view .LVU75
 117:Core/Src/syscalls.c ****   return 0;
 354              		.loc 1 117 3 view .LVU76
 118:Core/Src/syscalls.c **** }
 355              		.loc 1 118 1 is_stmt 0 view .LVU77
 356 0000 0020     		movs	r0, #0
 357              	.LVL25:
 358              		.loc 1 118 1 view .LVU78
 359 0002 7047     		bx	lr
 360              		.cfi_endproc
 361              	.LFE34:
 363              		.section	.text._open,"ax",%progbits
 364              		.align	1
 365              		.global	_open
 366              		.syntax unified
 367              		.thumb
 368              		.thumb_func
 369              		.fpu softvfp
 371              	_open:
 372              	.LVL26:
 373              	.LFB35:
 119:Core/Src/syscalls.c **** 
 120:Core/Src/syscalls.c **** int _open(char *path, int flags, ...)
 121:Core/Src/syscalls.c **** {
 374              		.loc 1 121 1 is_stmt 1 view -0
 375              		.cfi_startproc
 376              		@ args = 4, pretend = 12, frame = 0
 377              		@ frame_needed = 0, uses_anonymous_args = 1
 378              		@ link register save eliminated.
 379              		.loc 1 121 1 is_stmt 0 view .LVU80
 380 0000 0EB4     		push	{r1, r2, r3}
 381              	.LCFI4:
 382              		.cfi_def_cfa_offset 12
 383              		.cfi_offset 1, -12
 384              		.cfi_offset 2, -8
 385              		.cfi_offset 3, -4
 122:Core/Src/syscalls.c ****   (void)path;
 386              		.loc 1 122 3 is_stmt 1 view .LVU81
 123:Core/Src/syscalls.c ****   (void)flags;
 387              		.loc 1 123 3 view .LVU82
 124:Core/Src/syscalls.c ****   /* Pretend like we always fail */
 125:Core/Src/syscalls.c ****   return -1;
 388              		.loc 1 125 3 view .LVU83
 126:Core/Src/syscalls.c **** }
 389              		.loc 1 126 1 is_stmt 0 view .LVU84
 390 0002 4FF0FF30 		mov	r0, #-1
 391              	.LVL27:
 392              		.loc 1 126 1 view .LVU85
 393 0006 03B0     		add	sp, sp, #12
 394              	.LCFI5:
 395              		.cfi_restore 3
 396              		.cfi_restore 2
 397              		.cfi_restore 1
 398              		.cfi_def_cfa_offset 0
 399 0008 7047     		bx	lr
 400              		.cfi_endproc
ARM GAS  /tmp/ccoDhvhQ.s 			page 10


 401              	.LFE35:
 403              		.section	.text._wait,"ax",%progbits
 404              		.align	1
 405              		.global	_wait
 406              		.syntax unified
 407              		.thumb
 408              		.thumb_func
 409              		.fpu softvfp
 411              	_wait:
 412              	.LVL28:
 413              	.LFB36:
 127:Core/Src/syscalls.c **** 
 128:Core/Src/syscalls.c **** int _wait(int *status)
 129:Core/Src/syscalls.c **** {
 414              		.loc 1 129 1 is_stmt 1 view -0
 415              		.cfi_startproc
 416              		@ args = 0, pretend = 0, frame = 0
 417              		@ frame_needed = 0, uses_anonymous_args = 0
 418              		.loc 1 129 1 is_stmt 0 view .LVU87
 419 0000 08B5     		push	{r3, lr}
 420              	.LCFI6:
 421              		.cfi_def_cfa_offset 8
 422              		.cfi_offset 3, -8
 423              		.cfi_offset 14, -4
 130:Core/Src/syscalls.c ****   (void)status;
 424              		.loc 1 130 3 is_stmt 1 view .LVU88
 131:Core/Src/syscalls.c ****   errno = ECHILD;
 425              		.loc 1 131 3 view .LVU89
 426 0002 FFF7FEFF 		bl	__errno
 427              	.LVL29:
 428              		.loc 1 131 9 is_stmt 0 view .LVU90
 429 0006 0A23     		movs	r3, #10
 430 0008 0360     		str	r3, [r0]
 132:Core/Src/syscalls.c ****   return -1;
 431              		.loc 1 132 3 is_stmt 1 view .LVU91
 133:Core/Src/syscalls.c **** }
 432              		.loc 1 133 1 is_stmt 0 view .LVU92
 433 000a 4FF0FF30 		mov	r0, #-1
 434 000e 08BD     		pop	{r3, pc}
 435              		.cfi_endproc
 436              	.LFE36:
 438              		.section	.text._unlink,"ax",%progbits
 439              		.align	1
 440              		.global	_unlink
 441              		.syntax unified
 442              		.thumb
 443              		.thumb_func
 444              		.fpu softvfp
 446              	_unlink:
 447              	.LVL30:
 448              	.LFB37:
 134:Core/Src/syscalls.c **** 
 135:Core/Src/syscalls.c **** int _unlink(char *name)
 136:Core/Src/syscalls.c **** {
 449              		.loc 1 136 1 is_stmt 1 view -0
 450              		.cfi_startproc
 451              		@ args = 0, pretend = 0, frame = 0
ARM GAS  /tmp/ccoDhvhQ.s 			page 11


 452              		@ frame_needed = 0, uses_anonymous_args = 0
 453              		.loc 1 136 1 is_stmt 0 view .LVU94
 454 0000 08B5     		push	{r3, lr}
 455              	.LCFI7:
 456              		.cfi_def_cfa_offset 8
 457              		.cfi_offset 3, -8
 458              		.cfi_offset 14, -4
 137:Core/Src/syscalls.c ****   (void)name;
 459              		.loc 1 137 3 is_stmt 1 view .LVU95
 138:Core/Src/syscalls.c ****   errno = ENOENT;
 460              		.loc 1 138 3 view .LVU96
 461 0002 FFF7FEFF 		bl	__errno
 462              	.LVL31:
 463              		.loc 1 138 9 is_stmt 0 view .LVU97
 464 0006 0223     		movs	r3, #2
 465 0008 0360     		str	r3, [r0]
 139:Core/Src/syscalls.c ****   return -1;
 466              		.loc 1 139 3 is_stmt 1 view .LVU98
 140:Core/Src/syscalls.c **** }
 467              		.loc 1 140 1 is_stmt 0 view .LVU99
 468 000a 4FF0FF30 		mov	r0, #-1
 469 000e 08BD     		pop	{r3, pc}
 470              		.cfi_endproc
 471              	.LFE37:
 473              		.section	.text._times,"ax",%progbits
 474              		.align	1
 475              		.global	_times
 476              		.syntax unified
 477              		.thumb
 478              		.thumb_func
 479              		.fpu softvfp
 481              	_times:
 482              	.LVL32:
 483              	.LFB38:
 141:Core/Src/syscalls.c **** 
 142:Core/Src/syscalls.c **** clock_t _times(struct tms *buf)
 143:Core/Src/syscalls.c **** {
 484              		.loc 1 143 1 is_stmt 1 view -0
 485              		.cfi_startproc
 486              		@ args = 0, pretend = 0, frame = 0
 487              		@ frame_needed = 0, uses_anonymous_args = 0
 488              		@ link register save eliminated.
 144:Core/Src/syscalls.c ****   (void)buf;
 489              		.loc 1 144 3 view .LVU101
 145:Core/Src/syscalls.c ****   return -1;
 490              		.loc 1 145 3 view .LVU102
 146:Core/Src/syscalls.c **** }
 491              		.loc 1 146 1 is_stmt 0 view .LVU103
 492 0000 4FF0FF30 		mov	r0, #-1
 493              	.LVL33:
 494              		.loc 1 146 1 view .LVU104
 495 0004 7047     		bx	lr
 496              		.cfi_endproc
 497              	.LFE38:
 499              		.section	.text._stat,"ax",%progbits
 500              		.align	1
 501              		.global	_stat
ARM GAS  /tmp/ccoDhvhQ.s 			page 12


 502              		.syntax unified
 503              		.thumb
 504              		.thumb_func
 505              		.fpu softvfp
 507              	_stat:
 508              	.LVL34:
 509              	.LFB39:
 147:Core/Src/syscalls.c **** 
 148:Core/Src/syscalls.c **** int _stat(const char *file, struct stat *st)
 149:Core/Src/syscalls.c **** {
 510              		.loc 1 149 1 is_stmt 1 view -0
 511              		.cfi_startproc
 512              		@ args = 0, pretend = 0, frame = 0
 513              		@ frame_needed = 0, uses_anonymous_args = 0
 514              		@ link register save eliminated.
 150:Core/Src/syscalls.c ****   (void)file;
 515              		.loc 1 150 3 view .LVU106
 151:Core/Src/syscalls.c ****   st->st_mode = S_IFCHR;
 516              		.loc 1 151 3 view .LVU107
 517              		.loc 1 151 15 is_stmt 0 view .LVU108
 518 0000 4FF40053 		mov	r3, #8192
 519 0004 4B60     		str	r3, [r1, #4]
 152:Core/Src/syscalls.c ****   return 0;
 520              		.loc 1 152 3 is_stmt 1 view .LVU109
 153:Core/Src/syscalls.c **** }
 521              		.loc 1 153 1 is_stmt 0 view .LVU110
 522 0006 0020     		movs	r0, #0
 523              	.LVL35:
 524              		.loc 1 153 1 view .LVU111
 525 0008 7047     		bx	lr
 526              		.cfi_endproc
 527              	.LFE39:
 529              		.section	.text._link,"ax",%progbits
 530              		.align	1
 531              		.global	_link
 532              		.syntax unified
 533              		.thumb
 534              		.thumb_func
 535              		.fpu softvfp
 537              	_link:
 538              	.LVL36:
 539              	.LFB40:
 154:Core/Src/syscalls.c **** 
 155:Core/Src/syscalls.c **** int _link(char *old, char *new)
 156:Core/Src/syscalls.c **** {
 540              		.loc 1 156 1 is_stmt 1 view -0
 541              		.cfi_startproc
 542              		@ args = 0, pretend = 0, frame = 0
 543              		@ frame_needed = 0, uses_anonymous_args = 0
 544              		.loc 1 156 1 is_stmt 0 view .LVU113
 545 0000 08B5     		push	{r3, lr}
 546              	.LCFI8:
 547              		.cfi_def_cfa_offset 8
 548              		.cfi_offset 3, -8
 549              		.cfi_offset 14, -4
 157:Core/Src/syscalls.c ****   (void)old;
 550              		.loc 1 157 3 is_stmt 1 view .LVU114
ARM GAS  /tmp/ccoDhvhQ.s 			page 13


 158:Core/Src/syscalls.c ****   (void)new;
 551              		.loc 1 158 3 view .LVU115
 159:Core/Src/syscalls.c ****   errno = EMLINK;
 552              		.loc 1 159 3 view .LVU116
 553 0002 FFF7FEFF 		bl	__errno
 554              	.LVL37:
 555              		.loc 1 159 9 is_stmt 0 view .LVU117
 556 0006 1F23     		movs	r3, #31
 557 0008 0360     		str	r3, [r0]
 160:Core/Src/syscalls.c ****   return -1;
 558              		.loc 1 160 3 is_stmt 1 view .LVU118
 161:Core/Src/syscalls.c **** }
 559              		.loc 1 161 1 is_stmt 0 view .LVU119
 560 000a 4FF0FF30 		mov	r0, #-1
 561 000e 08BD     		pop	{r3, pc}
 562              		.cfi_endproc
 563              	.LFE40:
 565              		.section	.text._fork,"ax",%progbits
 566              		.align	1
 567              		.global	_fork
 568              		.syntax unified
 569              		.thumb
 570              		.thumb_func
 571              		.fpu softvfp
 573              	_fork:
 574              	.LFB41:
 162:Core/Src/syscalls.c **** 
 163:Core/Src/syscalls.c **** int _fork(void)
 164:Core/Src/syscalls.c **** {
 575              		.loc 1 164 1 is_stmt 1 view -0
 576              		.cfi_startproc
 577              		@ args = 0, pretend = 0, frame = 0
 578              		@ frame_needed = 0, uses_anonymous_args = 0
 579 0000 08B5     		push	{r3, lr}
 580              	.LCFI9:
 581              		.cfi_def_cfa_offset 8
 582              		.cfi_offset 3, -8
 583              		.cfi_offset 14, -4
 165:Core/Src/syscalls.c ****   errno = EAGAIN;
 584              		.loc 1 165 3 view .LVU121
 585 0002 FFF7FEFF 		bl	__errno
 586              	.LVL38:
 587              		.loc 1 165 9 is_stmt 0 view .LVU122
 588 0006 0B23     		movs	r3, #11
 589 0008 0360     		str	r3, [r0]
 166:Core/Src/syscalls.c ****   return -1;
 590              		.loc 1 166 3 is_stmt 1 view .LVU123
 167:Core/Src/syscalls.c **** }
 591              		.loc 1 167 1 is_stmt 0 view .LVU124
 592 000a 4FF0FF30 		mov	r0, #-1
 593 000e 08BD     		pop	{r3, pc}
 594              		.cfi_endproc
 595              	.LFE41:
 597              		.section	.text._execve,"ax",%progbits
 598              		.align	1
 599              		.global	_execve
 600              		.syntax unified
ARM GAS  /tmp/ccoDhvhQ.s 			page 14


 601              		.thumb
 602              		.thumb_func
 603              		.fpu softvfp
 605              	_execve:
 606              	.LVL39:
 607              	.LFB42:
 168:Core/Src/syscalls.c **** 
 169:Core/Src/syscalls.c **** int _execve(char *name, char **argv, char **env)
 170:Core/Src/syscalls.c **** {
 608              		.loc 1 170 1 is_stmt 1 view -0
 609              		.cfi_startproc
 610              		@ args = 0, pretend = 0, frame = 0
 611              		@ frame_needed = 0, uses_anonymous_args = 0
 612              		.loc 1 170 1 is_stmt 0 view .LVU126
 613 0000 08B5     		push	{r3, lr}
 614              	.LCFI10:
 615              		.cfi_def_cfa_offset 8
 616              		.cfi_offset 3, -8
 617              		.cfi_offset 14, -4
 171:Core/Src/syscalls.c ****   (void)name;
 618              		.loc 1 171 3 is_stmt 1 view .LVU127
 172:Core/Src/syscalls.c ****   (void)argv;
 619              		.loc 1 172 3 view .LVU128
 173:Core/Src/syscalls.c ****   (void)env;
 620              		.loc 1 173 3 view .LVU129
 174:Core/Src/syscalls.c ****   errno = ENOMEM;
 621              		.loc 1 174 3 view .LVU130
 622 0002 FFF7FEFF 		bl	__errno
 623              	.LVL40:
 624              		.loc 1 174 9 is_stmt 0 view .LVU131
 625 0006 0C23     		movs	r3, #12
 626 0008 0360     		str	r3, [r0]
 175:Core/Src/syscalls.c ****   return -1;
 627              		.loc 1 175 3 is_stmt 1 view .LVU132
 176:Core/Src/syscalls.c **** }
 628              		.loc 1 176 1 is_stmt 0 view .LVU133
 629 000a 4FF0FF30 		mov	r0, #-1
 630 000e 08BD     		pop	{r3, pc}
 631              		.cfi_endproc
 632              	.LFE42:
 634              		.global	environ
 635              		.global	__env
 636              		.section	.bss.__env,"aw",%nobits
 637              		.align	2
 640              	__env:
 641 0000 00000000 		.space	4
 642              		.section	.data.environ,"aw"
 643              		.align	2
 646              	environ:
 647 0000 00000000 		.word	__env
 648              		.weak	__io_putchar
 649              		.weak	__io_getchar
 650              		.text
 651              	.Letext0:
 652              		.file 2 "/usr/include/newlib/machine/_default_types.h"
 653              		.file 3 "/usr/include/newlib/sys/_types.h"
 654              		.file 4 "/usr/include/newlib/sys/_timeval.h"
ARM GAS  /tmp/ccoDhvhQ.s 			page 15


 655              		.file 5 "/usr/include/newlib/sys/_timespec.h"
 656              		.file 6 "/usr/include/newlib/sys/types.h"
 657              		.file 7 "/usr/include/newlib/sys/stat.h"
 658              		.file 8 "/usr/include/newlib/sys/times.h"
 659              		.file 9 "/usr/include/newlib/sys/errno.h"
ARM GAS  /tmp/ccoDhvhQ.s 			page 16


DEFINED SYMBOLS
                            *ABS*:0000000000000000 syscalls.c
     /tmp/ccoDhvhQ.s:16     .text.initialise_monitor_handles:0000000000000000 $t
     /tmp/ccoDhvhQ.s:24     .text.initialise_monitor_handles:0000000000000000 initialise_monitor_handles
     /tmp/ccoDhvhQ.s:38     .text._getpid:0000000000000000 $t
     /tmp/ccoDhvhQ.s:45     .text._getpid:0000000000000000 _getpid
     /tmp/ccoDhvhQ.s:60     .text._kill:0000000000000000 $t
     /tmp/ccoDhvhQ.s:67     .text._kill:0000000000000000 _kill
     /tmp/ccoDhvhQ.s:96     .text._exit:0000000000000000 $t
     /tmp/ccoDhvhQ.s:103    .text._exit:0000000000000000 _exit
     /tmp/ccoDhvhQ.s:130    .text._read:0000000000000000 $t
     /tmp/ccoDhvhQ.s:137    .text._read:0000000000000000 _read
     /tmp/ccoDhvhQ.s:195    .text._write:0000000000000000 $t
     /tmp/ccoDhvhQ.s:202    .text._write:0000000000000000 _write
     /tmp/ccoDhvhQ.s:254    .text._close:0000000000000000 $t
     /tmp/ccoDhvhQ.s:261    .text._close:0000000000000000 _close
     /tmp/ccoDhvhQ.s:280    .text._fstat:0000000000000000 $t
     /tmp/ccoDhvhQ.s:287    .text._fstat:0000000000000000 _fstat
     /tmp/ccoDhvhQ.s:310    .text._isatty:0000000000000000 $t
     /tmp/ccoDhvhQ.s:317    .text._isatty:0000000000000000 _isatty
     /tmp/ccoDhvhQ.s:336    .text._lseek:0000000000000000 $t
     /tmp/ccoDhvhQ.s:343    .text._lseek:0000000000000000 _lseek
     /tmp/ccoDhvhQ.s:364    .text._open:0000000000000000 $t
     /tmp/ccoDhvhQ.s:371    .text._open:0000000000000000 _open
     /tmp/ccoDhvhQ.s:404    .text._wait:0000000000000000 $t
     /tmp/ccoDhvhQ.s:411    .text._wait:0000000000000000 _wait
     /tmp/ccoDhvhQ.s:439    .text._unlink:0000000000000000 $t
     /tmp/ccoDhvhQ.s:446    .text._unlink:0000000000000000 _unlink
     /tmp/ccoDhvhQ.s:474    .text._times:0000000000000000 $t
     /tmp/ccoDhvhQ.s:481    .text._times:0000000000000000 _times
     /tmp/ccoDhvhQ.s:500    .text._stat:0000000000000000 $t
     /tmp/ccoDhvhQ.s:507    .text._stat:0000000000000000 _stat
     /tmp/ccoDhvhQ.s:530    .text._link:0000000000000000 $t
     /tmp/ccoDhvhQ.s:537    .text._link:0000000000000000 _link
     /tmp/ccoDhvhQ.s:566    .text._fork:0000000000000000 $t
     /tmp/ccoDhvhQ.s:573    .text._fork:0000000000000000 _fork
     /tmp/ccoDhvhQ.s:598    .text._execve:0000000000000000 $t
     /tmp/ccoDhvhQ.s:605    .text._execve:0000000000000000 _execve
     /tmp/ccoDhvhQ.s:646    .data.environ:0000000000000000 environ
     /tmp/ccoDhvhQ.s:640    .bss.__env:0000000000000000 __env
     /tmp/ccoDhvhQ.s:637    .bss.__env:0000000000000000 $d
     /tmp/ccoDhvhQ.s:643    .data.environ:0000000000000000 $d

UNDEFINED SYMBOLS
__errno
__io_getchar
__io_putchar
