ARM GAS  /tmp/cc96tBus.s 			page 1


   1              		.cpu cortex-m3
   2              		.eabi_attribute 20, 1
   3              		.eabi_attribute 21, 1
   4              		.eabi_attribute 23, 3
   5              		.eabi_attribute 24, 1
   6              		.eabi_attribute 25, 1
   7              		.eabi_attribute 26, 1
   8              		.eabi_attribute 30, 1
   9              		.eabi_attribute 34, 1
  10              		.eabi_attribute 18, 4
  11              		.file	"tim.c"
  12              		.text
  13              	.Ltext0:
  14              		.cfi_sections	.debug_frame
  15              		.section	.text.MX_TIM1_Init,"ax",%progbits
  16              		.align	1
  17              		.global	MX_TIM1_Init
  18              		.arch armv7-m
  19              		.syntax unified
  20              		.thumb
  21              		.thumb_func
  22              		.fpu softvfp
  24              	MX_TIM1_Init:
  25              	.LFB65:
  26              		.file 1 "Core/Src/tim.c"
   1:Core/Src/tim.c **** /* USER CODE BEGIN Header */
   2:Core/Src/tim.c **** /**
   3:Core/Src/tim.c ****   ******************************************************************************
   4:Core/Src/tim.c ****   * @file    tim.c
   5:Core/Src/tim.c ****   * @brief   This file provides code for the configuration
   6:Core/Src/tim.c ****   *          of the TIM instances.
   7:Core/Src/tim.c ****   ******************************************************************************
   8:Core/Src/tim.c ****   * @attention
   9:Core/Src/tim.c ****   *
  10:Core/Src/tim.c ****   * Copyright (c) 2026 STMicroelectronics.
  11:Core/Src/tim.c ****   * All rights reserved.
  12:Core/Src/tim.c ****   *
  13:Core/Src/tim.c ****   * This software is licensed under terms that can be found in the LICENSE file
  14:Core/Src/tim.c ****   * in the root directory of this software component.
  15:Core/Src/tim.c ****   * If no LICENSE file comes with this software, it is provided AS-IS.
  16:Core/Src/tim.c ****   *
  17:Core/Src/tim.c ****   ******************************************************************************
  18:Core/Src/tim.c ****   */
  19:Core/Src/tim.c **** /* USER CODE END Header */
  20:Core/Src/tim.c **** /* Includes ------------------------------------------------------------------*/
  21:Core/Src/tim.c **** #include "tim.h"
  22:Core/Src/tim.c **** 
  23:Core/Src/tim.c **** /* USER CODE BEGIN 0 */
  24:Core/Src/tim.c **** 
  25:Core/Src/tim.c **** /* USER CODE END 0 */
  26:Core/Src/tim.c **** 
  27:Core/Src/tim.c **** TIM_HandleTypeDef htim1;
  28:Core/Src/tim.c **** TIM_HandleTypeDef htim2;
  29:Core/Src/tim.c **** TIM_HandleTypeDef htim3;
  30:Core/Src/tim.c **** 
  31:Core/Src/tim.c **** /* TIM1 init function */
  32:Core/Src/tim.c **** void MX_TIM1_Init(void)
ARM GAS  /tmp/cc96tBus.s 			page 2


  33:Core/Src/tim.c **** {
  27              		.loc 1 33 1 view -0
  28              		.cfi_startproc
  29              		@ args = 0, pretend = 0, frame = 48
  30              		@ frame_needed = 0, uses_anonymous_args = 0
  31 0000 00B5     		push	{lr}
  32              	.LCFI0:
  33              		.cfi_def_cfa_offset 4
  34              		.cfi_offset 14, -4
  35 0002 8DB0     		sub	sp, sp, #52
  36              	.LCFI1:
  37              		.cfi_def_cfa_offset 56
  34:Core/Src/tim.c **** 
  35:Core/Src/tim.c ****   /* USER CODE BEGIN TIM1_Init 0 */
  36:Core/Src/tim.c **** 
  37:Core/Src/tim.c ****   /* USER CODE END TIM1_Init 0 */
  38:Core/Src/tim.c **** 
  39:Core/Src/tim.c ****   TIM_Encoder_InitTypeDef sConfig = {0};
  38              		.loc 1 39 3 view .LVU1
  39              		.loc 1 39 27 is_stmt 0 view .LVU2
  40 0004 2422     		movs	r2, #36
  41 0006 0021     		movs	r1, #0
  42 0008 03A8     		add	r0, sp, #12
  43 000a FFF7FEFF 		bl	memset
  44              	.LVL0:
  40:Core/Src/tim.c ****   TIM_MasterConfigTypeDef sMasterConfig = {0};
  45              		.loc 1 40 3 is_stmt 1 view .LVU3
  46              		.loc 1 40 27 is_stmt 0 view .LVU4
  47 000e 0023     		movs	r3, #0
  48 0010 0193     		str	r3, [sp, #4]
  49 0012 0293     		str	r3, [sp, #8]
  41:Core/Src/tim.c **** 
  42:Core/Src/tim.c ****   /* USER CODE BEGIN TIM1_Init 1 */
  43:Core/Src/tim.c **** 
  44:Core/Src/tim.c ****   /* USER CODE END TIM1_Init 1 */
  45:Core/Src/tim.c ****   htim1.Instance = TIM1;
  50              		.loc 1 45 3 is_stmt 1 view .LVU5
  51              		.loc 1 45 18 is_stmt 0 view .LVU6
  52 0014 1248     		ldr	r0, .L7
  53 0016 134A     		ldr	r2, .L7+4
  54 0018 0260     		str	r2, [r0]
  46:Core/Src/tim.c ****   htim1.Init.Prescaler = 0;
  55              		.loc 1 46 3 is_stmt 1 view .LVU7
  56              		.loc 1 46 24 is_stmt 0 view .LVU8
  57 001a 4360     		str	r3, [r0, #4]
  47:Core/Src/tim.c ****   htim1.Init.CounterMode = TIM_COUNTERMODE_UP;
  58              		.loc 1 47 3 is_stmt 1 view .LVU9
  59              		.loc 1 47 26 is_stmt 0 view .LVU10
  60 001c 8360     		str	r3, [r0, #8]
  48:Core/Src/tim.c ****   htim1.Init.Period = 65535;
  61              		.loc 1 48 3 is_stmt 1 view .LVU11
  62              		.loc 1 48 21 is_stmt 0 view .LVU12
  63 001e 4FF6FF72 		movw	r2, #65535
  64 0022 C260     		str	r2, [r0, #12]
  49:Core/Src/tim.c ****   htim1.Init.ClockDivision = TIM_CLOCKDIVISION_DIV1;
  65              		.loc 1 49 3 is_stmt 1 view .LVU13
  66              		.loc 1 49 28 is_stmt 0 view .LVU14
ARM GAS  /tmp/cc96tBus.s 			page 3


  67 0024 0361     		str	r3, [r0, #16]
  50:Core/Src/tim.c ****   htim1.Init.RepetitionCounter = 0;
  68              		.loc 1 50 3 is_stmt 1 view .LVU15
  69              		.loc 1 50 32 is_stmt 0 view .LVU16
  70 0026 4361     		str	r3, [r0, #20]
  51:Core/Src/tim.c ****   htim1.Init.AutoReloadPreload = TIM_AUTORELOAD_PRELOAD_DISABLE;
  71              		.loc 1 51 3 is_stmt 1 view .LVU17
  72              		.loc 1 51 32 is_stmt 0 view .LVU18
  73 0028 8361     		str	r3, [r0, #24]
  52:Core/Src/tim.c ****   sConfig.EncoderMode = TIM_ENCODERMODE_TI12;
  74              		.loc 1 52 3 is_stmt 1 view .LVU19
  75              		.loc 1 52 23 is_stmt 0 view .LVU20
  76 002a 0323     		movs	r3, #3
  77 002c 0393     		str	r3, [sp, #12]
  53:Core/Src/tim.c ****   sConfig.IC1Polarity = TIM_ICPOLARITY_RISING;
  78              		.loc 1 53 3 is_stmt 1 view .LVU21
  54:Core/Src/tim.c ****   sConfig.IC1Selection = TIM_ICSELECTION_DIRECTTI;
  79              		.loc 1 54 3 view .LVU22
  80              		.loc 1 54 24 is_stmt 0 view .LVU23
  81 002e 0123     		movs	r3, #1
  82 0030 0593     		str	r3, [sp, #20]
  55:Core/Src/tim.c ****   sConfig.IC1Prescaler = TIM_ICPSC_DIV1;
  83              		.loc 1 55 3 is_stmt 1 view .LVU24
  56:Core/Src/tim.c ****   sConfig.IC1Filter = 0;
  84              		.loc 1 56 3 view .LVU25
  57:Core/Src/tim.c ****   sConfig.IC2Polarity = TIM_ICPOLARITY_RISING;
  85              		.loc 1 57 3 view .LVU26
  58:Core/Src/tim.c ****   sConfig.IC2Selection = TIM_ICSELECTION_DIRECTTI;
  86              		.loc 1 58 3 view .LVU27
  87              		.loc 1 58 24 is_stmt 0 view .LVU28
  88 0032 0993     		str	r3, [sp, #36]
  59:Core/Src/tim.c ****   sConfig.IC2Prescaler = TIM_ICPSC_DIV1;
  89              		.loc 1 59 3 is_stmt 1 view .LVU29
  60:Core/Src/tim.c ****   sConfig.IC2Filter = 0;
  90              		.loc 1 60 3 view .LVU30
  61:Core/Src/tim.c ****   if (HAL_TIM_Encoder_Init(&htim1, &sConfig) != HAL_OK)
  91              		.loc 1 61 3 view .LVU31
  92              		.loc 1 61 7 is_stmt 0 view .LVU32
  93 0034 03A9     		add	r1, sp, #12
  94 0036 FFF7FEFF 		bl	HAL_TIM_Encoder_Init
  95              	.LVL1:
  96              		.loc 1 61 6 view .LVU33
  97 003a 50B9     		cbnz	r0, .L5
  98              	.L2:
  62:Core/Src/tim.c ****   {
  63:Core/Src/tim.c ****     Error_Handler();
  64:Core/Src/tim.c ****   }
  65:Core/Src/tim.c ****   sMasterConfig.MasterOutputTrigger = TIM_TRGO_RESET;
  99              		.loc 1 65 3 is_stmt 1 view .LVU34
 100              		.loc 1 65 37 is_stmt 0 view .LVU35
 101 003c 0023     		movs	r3, #0
 102 003e 0193     		str	r3, [sp, #4]
  66:Core/Src/tim.c ****   sMasterConfig.MasterSlaveMode = TIM_MASTERSLAVEMODE_DISABLE;
 103              		.loc 1 66 3 is_stmt 1 view .LVU36
 104              		.loc 1 66 33 is_stmt 0 view .LVU37
 105 0040 0293     		str	r3, [sp, #8]
  67:Core/Src/tim.c ****   if (HAL_TIMEx_MasterConfigSynchronization(&htim1, &sMasterConfig) != HAL_OK)
ARM GAS  /tmp/cc96tBus.s 			page 4


 106              		.loc 1 67 3 is_stmt 1 view .LVU38
 107              		.loc 1 67 7 is_stmt 0 view .LVU39
 108 0042 01A9     		add	r1, sp, #4
 109 0044 0648     		ldr	r0, .L7
 110 0046 FFF7FEFF 		bl	HAL_TIMEx_MasterConfigSynchronization
 111              	.LVL2:
 112              		.loc 1 67 6 view .LVU40
 113 004a 28B9     		cbnz	r0, .L6
 114              	.L1:
  68:Core/Src/tim.c ****   {
  69:Core/Src/tim.c ****     Error_Handler();
  70:Core/Src/tim.c ****   }
  71:Core/Src/tim.c ****   /* USER CODE BEGIN TIM1_Init 2 */
  72:Core/Src/tim.c **** 
  73:Core/Src/tim.c ****   /* USER CODE END TIM1_Init 2 */
  74:Core/Src/tim.c **** 
  75:Core/Src/tim.c **** }
 115              		.loc 1 75 1 view .LVU41
 116 004c 0DB0     		add	sp, sp, #52
 117              	.LCFI2:
 118              		.cfi_remember_state
 119              		.cfi_def_cfa_offset 4
 120              		@ sp needed
 121 004e 5DF804FB 		ldr	pc, [sp], #4
 122              	.L5:
 123              	.LCFI3:
 124              		.cfi_restore_state
  63:Core/Src/tim.c ****   }
 125              		.loc 1 63 5 is_stmt 1 view .LVU42
 126 0052 FFF7FEFF 		bl	Error_Handler
 127              	.LVL3:
 128 0056 F1E7     		b	.L2
 129              	.L6:
  69:Core/Src/tim.c ****   }
 130              		.loc 1 69 5 view .LVU43
 131 0058 FFF7FEFF 		bl	Error_Handler
 132              	.LVL4:
 133              		.loc 1 75 1 is_stmt 0 view .LVU44
 134 005c F6E7     		b	.L1
 135              	.L8:
 136 005e 00BF     		.align	2
 137              	.L7:
 138 0060 00000000 		.word	.LANCHOR0
 139 0064 002C0140 		.word	1073818624
 140              		.cfi_endproc
 141              	.LFE65:
 143              		.section	.text.MX_TIM2_Init,"ax",%progbits
 144              		.align	1
 145              		.global	MX_TIM2_Init
 146              		.syntax unified
 147              		.thumb
 148              		.thumb_func
 149              		.fpu softvfp
 151              	MX_TIM2_Init:
 152              	.LFB66:
  76:Core/Src/tim.c **** /* TIM2 init function */
  77:Core/Src/tim.c **** void MX_TIM2_Init(void)
ARM GAS  /tmp/cc96tBus.s 			page 5


  78:Core/Src/tim.c **** {
 153              		.loc 1 78 1 is_stmt 1 view -0
 154              		.cfi_startproc
 155              		@ args = 0, pretend = 0, frame = 48
 156              		@ frame_needed = 0, uses_anonymous_args = 0
 157 0000 00B5     		push	{lr}
 158              	.LCFI4:
 159              		.cfi_def_cfa_offset 4
 160              		.cfi_offset 14, -4
 161 0002 8DB0     		sub	sp, sp, #52
 162              	.LCFI5:
 163              		.cfi_def_cfa_offset 56
  79:Core/Src/tim.c **** 
  80:Core/Src/tim.c ****   /* USER CODE BEGIN TIM2_Init 0 */
  81:Core/Src/tim.c **** 
  82:Core/Src/tim.c ****   /* USER CODE END TIM2_Init 0 */
  83:Core/Src/tim.c **** 
  84:Core/Src/tim.c ****   TIM_Encoder_InitTypeDef sConfig = {0};
 164              		.loc 1 84 3 view .LVU46
 165              		.loc 1 84 27 is_stmt 0 view .LVU47
 166 0004 2422     		movs	r2, #36
 167 0006 0021     		movs	r1, #0
 168 0008 03A8     		add	r0, sp, #12
 169 000a FFF7FEFF 		bl	memset
 170              	.LVL5:
  85:Core/Src/tim.c ****   TIM_MasterConfigTypeDef sMasterConfig = {0};
 171              		.loc 1 85 3 is_stmt 1 view .LVU48
 172              		.loc 1 85 27 is_stmt 0 view .LVU49
 173 000e 0023     		movs	r3, #0
 174 0010 0193     		str	r3, [sp, #4]
 175 0012 0293     		str	r3, [sp, #8]
  86:Core/Src/tim.c **** 
  87:Core/Src/tim.c ****   /* USER CODE BEGIN TIM2_Init 1 */
  88:Core/Src/tim.c **** 
  89:Core/Src/tim.c ****   /* USER CODE END TIM2_Init 1 */
  90:Core/Src/tim.c ****   htim2.Instance = TIM2;
 176              		.loc 1 90 3 is_stmt 1 view .LVU50
 177              		.loc 1 90 18 is_stmt 0 view .LVU51
 178 0014 1248     		ldr	r0, .L15
 179 0016 4FF08042 		mov	r2, #1073741824
 180 001a 0260     		str	r2, [r0]
  91:Core/Src/tim.c ****   htim2.Init.Prescaler = 0;
 181              		.loc 1 91 3 is_stmt 1 view .LVU52
 182              		.loc 1 91 24 is_stmt 0 view .LVU53
 183 001c 4360     		str	r3, [r0, #4]
  92:Core/Src/tim.c ****   htim2.Init.CounterMode = TIM_COUNTERMODE_UP;
 184              		.loc 1 92 3 is_stmt 1 view .LVU54
 185              		.loc 1 92 26 is_stmt 0 view .LVU55
 186 001e 8360     		str	r3, [r0, #8]
  93:Core/Src/tim.c ****   htim2.Init.Period = 65535;
 187              		.loc 1 93 3 is_stmt 1 view .LVU56
 188              		.loc 1 93 21 is_stmt 0 view .LVU57
 189 0020 4FF6FF72 		movw	r2, #65535
 190 0024 C260     		str	r2, [r0, #12]
  94:Core/Src/tim.c ****   htim2.Init.ClockDivision = TIM_CLOCKDIVISION_DIV1;
 191              		.loc 1 94 3 is_stmt 1 view .LVU58
 192              		.loc 1 94 28 is_stmt 0 view .LVU59
ARM GAS  /tmp/cc96tBus.s 			page 6


 193 0026 0361     		str	r3, [r0, #16]
  95:Core/Src/tim.c ****   htim2.Init.AutoReloadPreload = TIM_AUTORELOAD_PRELOAD_DISABLE;
 194              		.loc 1 95 3 is_stmt 1 view .LVU60
 195              		.loc 1 95 32 is_stmt 0 view .LVU61
 196 0028 8361     		str	r3, [r0, #24]
  96:Core/Src/tim.c ****   sConfig.EncoderMode = TIM_ENCODERMODE_TI12;
 197              		.loc 1 96 3 is_stmt 1 view .LVU62
 198              		.loc 1 96 23 is_stmt 0 view .LVU63
 199 002a 0323     		movs	r3, #3
 200 002c 0393     		str	r3, [sp, #12]
  97:Core/Src/tim.c ****   sConfig.IC1Polarity = TIM_ICPOLARITY_RISING;
 201              		.loc 1 97 3 is_stmt 1 view .LVU64
  98:Core/Src/tim.c ****   sConfig.IC1Selection = TIM_ICSELECTION_DIRECTTI;
 202              		.loc 1 98 3 view .LVU65
 203              		.loc 1 98 24 is_stmt 0 view .LVU66
 204 002e 0123     		movs	r3, #1
 205 0030 0593     		str	r3, [sp, #20]
  99:Core/Src/tim.c ****   sConfig.IC1Prescaler = TIM_ICPSC_DIV1;
 206              		.loc 1 99 3 is_stmt 1 view .LVU67
 100:Core/Src/tim.c ****   sConfig.IC1Filter = 0;
 207              		.loc 1 100 3 view .LVU68
 101:Core/Src/tim.c ****   sConfig.IC2Polarity = TIM_ICPOLARITY_RISING;
 208              		.loc 1 101 3 view .LVU69
 102:Core/Src/tim.c ****   sConfig.IC2Selection = TIM_ICSELECTION_DIRECTTI;
 209              		.loc 1 102 3 view .LVU70
 210              		.loc 1 102 24 is_stmt 0 view .LVU71
 211 0032 0993     		str	r3, [sp, #36]
 103:Core/Src/tim.c ****   sConfig.IC2Prescaler = TIM_ICPSC_DIV1;
 212              		.loc 1 103 3 is_stmt 1 view .LVU72
 104:Core/Src/tim.c ****   sConfig.IC2Filter = 0;
 213              		.loc 1 104 3 view .LVU73
 105:Core/Src/tim.c ****   if (HAL_TIM_Encoder_Init(&htim2, &sConfig) != HAL_OK)
 214              		.loc 1 105 3 view .LVU74
 215              		.loc 1 105 7 is_stmt 0 view .LVU75
 216 0034 03A9     		add	r1, sp, #12
 217 0036 FFF7FEFF 		bl	HAL_TIM_Encoder_Init
 218              	.LVL6:
 219              		.loc 1 105 6 view .LVU76
 220 003a 50B9     		cbnz	r0, .L13
 221              	.L10:
 106:Core/Src/tim.c ****   {
 107:Core/Src/tim.c ****     Error_Handler();
 108:Core/Src/tim.c ****   }
 109:Core/Src/tim.c ****   sMasterConfig.MasterOutputTrigger = TIM_TRGO_RESET;
 222              		.loc 1 109 3 is_stmt 1 view .LVU77
 223              		.loc 1 109 37 is_stmt 0 view .LVU78
 224 003c 0023     		movs	r3, #0
 225 003e 0193     		str	r3, [sp, #4]
 110:Core/Src/tim.c ****   sMasterConfig.MasterSlaveMode = TIM_MASTERSLAVEMODE_DISABLE;
 226              		.loc 1 110 3 is_stmt 1 view .LVU79
 227              		.loc 1 110 33 is_stmt 0 view .LVU80
 228 0040 0293     		str	r3, [sp, #8]
 111:Core/Src/tim.c ****   if (HAL_TIMEx_MasterConfigSynchronization(&htim2, &sMasterConfig) != HAL_OK)
 229              		.loc 1 111 3 is_stmt 1 view .LVU81
 230              		.loc 1 111 7 is_stmt 0 view .LVU82
 231 0042 01A9     		add	r1, sp, #4
 232 0044 0648     		ldr	r0, .L15
ARM GAS  /tmp/cc96tBus.s 			page 7


 233 0046 FFF7FEFF 		bl	HAL_TIMEx_MasterConfigSynchronization
 234              	.LVL7:
 235              		.loc 1 111 6 view .LVU83
 236 004a 28B9     		cbnz	r0, .L14
 237              	.L9:
 112:Core/Src/tim.c ****   {
 113:Core/Src/tim.c ****     Error_Handler();
 114:Core/Src/tim.c ****   }
 115:Core/Src/tim.c ****   /* USER CODE BEGIN TIM2_Init 2 */
 116:Core/Src/tim.c **** 
 117:Core/Src/tim.c ****   /* USER CODE END TIM2_Init 2 */
 118:Core/Src/tim.c **** 
 119:Core/Src/tim.c **** }
 238              		.loc 1 119 1 view .LVU84
 239 004c 0DB0     		add	sp, sp, #52
 240              	.LCFI6:
 241              		.cfi_remember_state
 242              		.cfi_def_cfa_offset 4
 243              		@ sp needed
 244 004e 5DF804FB 		ldr	pc, [sp], #4
 245              	.L13:
 246              	.LCFI7:
 247              		.cfi_restore_state
 107:Core/Src/tim.c ****   }
 248              		.loc 1 107 5 is_stmt 1 view .LVU85
 249 0052 FFF7FEFF 		bl	Error_Handler
 250              	.LVL8:
 251 0056 F1E7     		b	.L10
 252              	.L14:
 113:Core/Src/tim.c ****   }
 253              		.loc 1 113 5 view .LVU86
 254 0058 FFF7FEFF 		bl	Error_Handler
 255              	.LVL9:
 256              		.loc 1 119 1 is_stmt 0 view .LVU87
 257 005c F6E7     		b	.L9
 258              	.L16:
 259 005e 00BF     		.align	2
 260              	.L15:
 261 0060 00000000 		.word	.LANCHOR1
 262              		.cfi_endproc
 263              	.LFE66:
 265              		.section	.text.HAL_TIM_Encoder_MspInit,"ax",%progbits
 266              		.align	1
 267              		.global	HAL_TIM_Encoder_MspInit
 268              		.syntax unified
 269              		.thumb
 270              		.thumb_func
 271              		.fpu softvfp
 273              	HAL_TIM_Encoder_MspInit:
 274              	.LVL10:
 275              	.LFB68:
 120:Core/Src/tim.c **** /* TIM3 init function */
 121:Core/Src/tim.c **** void MX_TIM3_Init(void)
 122:Core/Src/tim.c **** {
 123:Core/Src/tim.c **** 
 124:Core/Src/tim.c ****   /* USER CODE BEGIN TIM3_Init 0 */
 125:Core/Src/tim.c **** 
ARM GAS  /tmp/cc96tBus.s 			page 8


 126:Core/Src/tim.c ****   /* USER CODE END TIM3_Init 0 */
 127:Core/Src/tim.c **** 
 128:Core/Src/tim.c ****   TIM_MasterConfigTypeDef sMasterConfig = {0};
 129:Core/Src/tim.c ****   TIM_OC_InitTypeDef sConfigOC = {0};
 130:Core/Src/tim.c **** 
 131:Core/Src/tim.c ****   /* USER CODE BEGIN TIM3_Init 1 */
 132:Core/Src/tim.c **** 
 133:Core/Src/tim.c ****   /* USER CODE END TIM3_Init 1 */
 134:Core/Src/tim.c ****   htim3.Instance = TIM3;
 135:Core/Src/tim.c ****   htim3.Init.Prescaler = 0;
 136:Core/Src/tim.c ****   htim3.Init.CounterMode = TIM_COUNTERMODE_UP;
 137:Core/Src/tim.c ****   htim3.Init.Period = 2250;
 138:Core/Src/tim.c ****   htim3.Init.ClockDivision = TIM_CLOCKDIVISION_DIV1;
 139:Core/Src/tim.c ****   htim3.Init.AutoReloadPreload = TIM_AUTORELOAD_PRELOAD_DISABLE;
 140:Core/Src/tim.c ****   if (HAL_TIM_PWM_Init(&htim3) != HAL_OK)
 141:Core/Src/tim.c ****   {
 142:Core/Src/tim.c ****     Error_Handler();
 143:Core/Src/tim.c ****   }
 144:Core/Src/tim.c ****   sMasterConfig.MasterOutputTrigger = TIM_TRGO_RESET;
 145:Core/Src/tim.c ****   sMasterConfig.MasterSlaveMode = TIM_MASTERSLAVEMODE_DISABLE;
 146:Core/Src/tim.c ****   if (HAL_TIMEx_MasterConfigSynchronization(&htim3, &sMasterConfig) != HAL_OK)
 147:Core/Src/tim.c ****   {
 148:Core/Src/tim.c ****     Error_Handler();
 149:Core/Src/tim.c ****   }
 150:Core/Src/tim.c ****   sConfigOC.OCMode = TIM_OCMODE_PWM1;
 151:Core/Src/tim.c ****   sConfigOC.Pulse = 0;
 152:Core/Src/tim.c ****   sConfigOC.OCPolarity = TIM_OCPOLARITY_HIGH;
 153:Core/Src/tim.c ****   sConfigOC.OCFastMode = TIM_OCFAST_DISABLE;
 154:Core/Src/tim.c ****   if (HAL_TIM_PWM_ConfigChannel(&htim3, &sConfigOC, TIM_CHANNEL_1) != HAL_OK)
 155:Core/Src/tim.c ****   {
 156:Core/Src/tim.c ****     Error_Handler();
 157:Core/Src/tim.c ****   }
 158:Core/Src/tim.c ****   if (HAL_TIM_PWM_ConfigChannel(&htim3, &sConfigOC, TIM_CHANNEL_2) != HAL_OK)
 159:Core/Src/tim.c ****   {
 160:Core/Src/tim.c ****     Error_Handler();
 161:Core/Src/tim.c ****   }
 162:Core/Src/tim.c ****   /* USER CODE BEGIN TIM3_Init 2 */
 163:Core/Src/tim.c **** 
 164:Core/Src/tim.c ****   /* USER CODE END TIM3_Init 2 */
 165:Core/Src/tim.c ****   HAL_TIM_MspPostInit(&htim3);
 166:Core/Src/tim.c **** 
 167:Core/Src/tim.c **** }
 168:Core/Src/tim.c **** 
 169:Core/Src/tim.c **** void HAL_TIM_Encoder_MspInit(TIM_HandleTypeDef* tim_encoderHandle)
 170:Core/Src/tim.c **** {
 276              		.loc 1 170 1 is_stmt 1 view -0
 277              		.cfi_startproc
 278              		@ args = 0, pretend = 0, frame = 32
 279              		@ frame_needed = 0, uses_anonymous_args = 0
 280              		.loc 1 170 1 is_stmt 0 view .LVU89
 281 0000 00B5     		push	{lr}
 282              	.LCFI8:
 283              		.cfi_def_cfa_offset 4
 284              		.cfi_offset 14, -4
 285 0002 89B0     		sub	sp, sp, #36
 286              	.LCFI9:
 287              		.cfi_def_cfa_offset 40
ARM GAS  /tmp/cc96tBus.s 			page 9


 171:Core/Src/tim.c **** 
 172:Core/Src/tim.c ****   GPIO_InitTypeDef GPIO_InitStruct = {0};
 288              		.loc 1 172 3 is_stmt 1 view .LVU90
 289              		.loc 1 172 20 is_stmt 0 view .LVU91
 290 0004 0023     		movs	r3, #0
 291 0006 0493     		str	r3, [sp, #16]
 292 0008 0593     		str	r3, [sp, #20]
 293 000a 0693     		str	r3, [sp, #24]
 294 000c 0793     		str	r3, [sp, #28]
 173:Core/Src/tim.c ****   if(tim_encoderHandle->Instance==TIM1)
 295              		.loc 1 173 3 is_stmt 1 view .LVU92
 296              		.loc 1 173 23 is_stmt 0 view .LVU93
 297 000e 0368     		ldr	r3, [r0]
 298              		.loc 1 173 5 view .LVU94
 299 0010 1F4A     		ldr	r2, .L23
 300 0012 9342     		cmp	r3, r2
 301 0014 05D0     		beq	.L21
 174:Core/Src/tim.c ****   {
 175:Core/Src/tim.c ****   /* USER CODE BEGIN TIM1_MspInit 0 */
 176:Core/Src/tim.c **** 
 177:Core/Src/tim.c ****   /* USER CODE END TIM1_MspInit 0 */
 178:Core/Src/tim.c ****     /* TIM1 clock enable */
 179:Core/Src/tim.c ****     __HAL_RCC_TIM1_CLK_ENABLE();
 180:Core/Src/tim.c **** 
 181:Core/Src/tim.c ****     __HAL_RCC_GPIOA_CLK_ENABLE();
 182:Core/Src/tim.c ****     /**TIM1 GPIO Configuration
 183:Core/Src/tim.c ****     PA8     ------> TIM1_CH1
 184:Core/Src/tim.c ****     PA9     ------> TIM1_CH2
 185:Core/Src/tim.c ****     */
 186:Core/Src/tim.c ****     GPIO_InitStruct.Pin = GPIO_PIN_8|GPIO_PIN_9;
 187:Core/Src/tim.c ****     GPIO_InitStruct.Mode = GPIO_MODE_INPUT;
 188:Core/Src/tim.c ****     GPIO_InitStruct.Pull = GPIO_NOPULL;
 189:Core/Src/tim.c ****     HAL_GPIO_Init(GPIOA, &GPIO_InitStruct);
 190:Core/Src/tim.c **** 
 191:Core/Src/tim.c ****   /* USER CODE BEGIN TIM1_MspInit 1 */
 192:Core/Src/tim.c **** 
 193:Core/Src/tim.c ****   /* USER CODE END TIM1_MspInit 1 */
 194:Core/Src/tim.c ****   }
 195:Core/Src/tim.c ****   else if(tim_encoderHandle->Instance==TIM2)
 302              		.loc 1 195 8 is_stmt 1 view .LVU95
 303              		.loc 1 195 10 is_stmt 0 view .LVU96
 304 0016 B3F1804F 		cmp	r3, #1073741824
 305 001a 1DD0     		beq	.L22
 306              	.LVL11:
 307              	.L17:
 196:Core/Src/tim.c ****   {
 197:Core/Src/tim.c ****   /* USER CODE BEGIN TIM2_MspInit 0 */
 198:Core/Src/tim.c **** 
 199:Core/Src/tim.c ****   /* USER CODE END TIM2_MspInit 0 */
 200:Core/Src/tim.c ****     /* TIM2 clock enable */
 201:Core/Src/tim.c ****     __HAL_RCC_TIM2_CLK_ENABLE();
 202:Core/Src/tim.c **** 
 203:Core/Src/tim.c ****     __HAL_RCC_GPIOA_CLK_ENABLE();
 204:Core/Src/tim.c ****     /**TIM2 GPIO Configuration
 205:Core/Src/tim.c ****     PA0-WKUP     ------> TIM2_CH1
 206:Core/Src/tim.c ****     PA1     ------> TIM2_CH2
 207:Core/Src/tim.c ****     */
ARM GAS  /tmp/cc96tBus.s 			page 10


 208:Core/Src/tim.c ****     GPIO_InitStruct.Pin = GPIO_PIN_0|GPIO_PIN_1;
 209:Core/Src/tim.c ****     GPIO_InitStruct.Mode = GPIO_MODE_INPUT;
 210:Core/Src/tim.c ****     GPIO_InitStruct.Pull = GPIO_NOPULL;
 211:Core/Src/tim.c ****     HAL_GPIO_Init(GPIOA, &GPIO_InitStruct);
 212:Core/Src/tim.c **** 
 213:Core/Src/tim.c ****   /* USER CODE BEGIN TIM2_MspInit 1 */
 214:Core/Src/tim.c **** 
 215:Core/Src/tim.c ****   /* USER CODE END TIM2_MspInit 1 */
 216:Core/Src/tim.c ****   }
 217:Core/Src/tim.c **** }
 308              		.loc 1 217 1 view .LVU97
 309 001c 09B0     		add	sp, sp, #36
 310              	.LCFI10:
 311              		.cfi_remember_state
 312              		.cfi_def_cfa_offset 4
 313              		@ sp needed
 314 001e 5DF804FB 		ldr	pc, [sp], #4
 315              	.LVL12:
 316              	.L21:
 317              	.LCFI11:
 318              		.cfi_restore_state
 179:Core/Src/tim.c **** 
 319              		.loc 1 179 5 is_stmt 1 view .LVU98
 320              	.LBB2:
 179:Core/Src/tim.c **** 
 321              		.loc 1 179 5 view .LVU99
 179:Core/Src/tim.c **** 
 322              		.loc 1 179 5 view .LVU100
 323 0022 1C4B     		ldr	r3, .L23+4
 324 0024 9A69     		ldr	r2, [r3, #24]
 325 0026 42F40062 		orr	r2, r2, #2048
 326 002a 9A61     		str	r2, [r3, #24]
 179:Core/Src/tim.c **** 
 327              		.loc 1 179 5 view .LVU101
 328 002c 9A69     		ldr	r2, [r3, #24]
 329 002e 02F40062 		and	r2, r2, #2048
 330 0032 0092     		str	r2, [sp]
 179:Core/Src/tim.c **** 
 331              		.loc 1 179 5 view .LVU102
 332 0034 009A     		ldr	r2, [sp]
 333              	.LBE2:
 179:Core/Src/tim.c **** 
 334              		.loc 1 179 5 view .LVU103
 181:Core/Src/tim.c ****     /**TIM1 GPIO Configuration
 335              		.loc 1 181 5 view .LVU104
 336              	.LBB3:
 181:Core/Src/tim.c ****     /**TIM1 GPIO Configuration
 337              		.loc 1 181 5 view .LVU105
 181:Core/Src/tim.c ****     /**TIM1 GPIO Configuration
 338              		.loc 1 181 5 view .LVU106
 339 0036 9A69     		ldr	r2, [r3, #24]
 340 0038 42F00402 		orr	r2, r2, #4
 341 003c 9A61     		str	r2, [r3, #24]
 181:Core/Src/tim.c ****     /**TIM1 GPIO Configuration
 342              		.loc 1 181 5 view .LVU107
 343 003e 9B69     		ldr	r3, [r3, #24]
 344 0040 03F00403 		and	r3, r3, #4
ARM GAS  /tmp/cc96tBus.s 			page 11


 345 0044 0193     		str	r3, [sp, #4]
 181:Core/Src/tim.c ****     /**TIM1 GPIO Configuration
 346              		.loc 1 181 5 view .LVU108
 347 0046 019B     		ldr	r3, [sp, #4]
 348              	.LBE3:
 181:Core/Src/tim.c ****     /**TIM1 GPIO Configuration
 349              		.loc 1 181 5 view .LVU109
 186:Core/Src/tim.c ****     GPIO_InitStruct.Mode = GPIO_MODE_INPUT;
 350              		.loc 1 186 5 view .LVU110
 186:Core/Src/tim.c ****     GPIO_InitStruct.Mode = GPIO_MODE_INPUT;
 351              		.loc 1 186 25 is_stmt 0 view .LVU111
 352 0048 4FF44073 		mov	r3, #768
 353 004c 0493     		str	r3, [sp, #16]
 187:Core/Src/tim.c ****     GPIO_InitStruct.Pull = GPIO_NOPULL;
 354              		.loc 1 187 5 is_stmt 1 view .LVU112
 188:Core/Src/tim.c ****     HAL_GPIO_Init(GPIOA, &GPIO_InitStruct);
 355              		.loc 1 188 5 view .LVU113
 189:Core/Src/tim.c **** 
 356              		.loc 1 189 5 view .LVU114
 357 004e 04A9     		add	r1, sp, #16
 358 0050 1148     		ldr	r0, .L23+8
 359              	.LVL13:
 189:Core/Src/tim.c **** 
 360              		.loc 1 189 5 is_stmt 0 view .LVU115
 361 0052 FFF7FEFF 		bl	HAL_GPIO_Init
 362              	.LVL14:
 363 0056 E1E7     		b	.L17
 364              	.LVL15:
 365              	.L22:
 201:Core/Src/tim.c **** 
 366              		.loc 1 201 5 is_stmt 1 view .LVU116
 367              	.LBB4:
 201:Core/Src/tim.c **** 
 368              		.loc 1 201 5 view .LVU117
 201:Core/Src/tim.c **** 
 369              		.loc 1 201 5 view .LVU118
 370 0058 03F50433 		add	r3, r3, #135168
 371 005c DA69     		ldr	r2, [r3, #28]
 372 005e 42F00102 		orr	r2, r2, #1
 373 0062 DA61     		str	r2, [r3, #28]
 201:Core/Src/tim.c **** 
 374              		.loc 1 201 5 view .LVU119
 375 0064 DA69     		ldr	r2, [r3, #28]
 376 0066 02F00102 		and	r2, r2, #1
 377 006a 0292     		str	r2, [sp, #8]
 201:Core/Src/tim.c **** 
 378              		.loc 1 201 5 view .LVU120
 379 006c 029A     		ldr	r2, [sp, #8]
 380              	.LBE4:
 201:Core/Src/tim.c **** 
 381              		.loc 1 201 5 view .LVU121
 203:Core/Src/tim.c ****     /**TIM2 GPIO Configuration
 382              		.loc 1 203 5 view .LVU122
 383              	.LBB5:
 203:Core/Src/tim.c ****     /**TIM2 GPIO Configuration
 384              		.loc 1 203 5 view .LVU123
 203:Core/Src/tim.c ****     /**TIM2 GPIO Configuration
ARM GAS  /tmp/cc96tBus.s 			page 12


 385              		.loc 1 203 5 view .LVU124
 386 006e 9A69     		ldr	r2, [r3, #24]
 387 0070 42F00402 		orr	r2, r2, #4
 388 0074 9A61     		str	r2, [r3, #24]
 203:Core/Src/tim.c ****     /**TIM2 GPIO Configuration
 389              		.loc 1 203 5 view .LVU125
 390 0076 9B69     		ldr	r3, [r3, #24]
 391 0078 03F00403 		and	r3, r3, #4
 392 007c 0393     		str	r3, [sp, #12]
 203:Core/Src/tim.c ****     /**TIM2 GPIO Configuration
 393              		.loc 1 203 5 view .LVU126
 394 007e 039B     		ldr	r3, [sp, #12]
 395              	.LBE5:
 203:Core/Src/tim.c ****     /**TIM2 GPIO Configuration
 396              		.loc 1 203 5 view .LVU127
 208:Core/Src/tim.c ****     GPIO_InitStruct.Mode = GPIO_MODE_INPUT;
 397              		.loc 1 208 5 view .LVU128
 208:Core/Src/tim.c ****     GPIO_InitStruct.Mode = GPIO_MODE_INPUT;
 398              		.loc 1 208 25 is_stmt 0 view .LVU129
 399 0080 0323     		movs	r3, #3
 400 0082 0493     		str	r3, [sp, #16]
 209:Core/Src/tim.c ****     GPIO_InitStruct.Pull = GPIO_NOPULL;
 401              		.loc 1 209 5 is_stmt 1 view .LVU130
 210:Core/Src/tim.c ****     HAL_GPIO_Init(GPIOA, &GPIO_InitStruct);
 402              		.loc 1 210 5 view .LVU131
 211:Core/Src/tim.c **** 
 403              		.loc 1 211 5 view .LVU132
 404 0084 04A9     		add	r1, sp, #16
 405 0086 0448     		ldr	r0, .L23+8
 406              	.LVL16:
 211:Core/Src/tim.c **** 
 407              		.loc 1 211 5 is_stmt 0 view .LVU133
 408 0088 FFF7FEFF 		bl	HAL_GPIO_Init
 409              	.LVL17:
 410              		.loc 1 217 1 view .LVU134
 411 008c C6E7     		b	.L17
 412              	.L24:
 413 008e 00BF     		.align	2
 414              	.L23:
 415 0090 002C0140 		.word	1073818624
 416 0094 00100240 		.word	1073876992
 417 0098 00080140 		.word	1073809408
 418              		.cfi_endproc
 419              	.LFE68:
 421              		.section	.text.HAL_TIM_PWM_MspInit,"ax",%progbits
 422              		.align	1
 423              		.global	HAL_TIM_PWM_MspInit
 424              		.syntax unified
 425              		.thumb
 426              		.thumb_func
 427              		.fpu softvfp
 429              	HAL_TIM_PWM_MspInit:
 430              	.LVL18:
 431              	.LFB69:
 218:Core/Src/tim.c **** 
 219:Core/Src/tim.c **** void HAL_TIM_PWM_MspInit(TIM_HandleTypeDef* tim_pwmHandle)
 220:Core/Src/tim.c **** {
ARM GAS  /tmp/cc96tBus.s 			page 13


 432              		.loc 1 220 1 is_stmt 1 view -0
 433              		.cfi_startproc
 434              		@ args = 0, pretend = 0, frame = 8
 435              		@ frame_needed = 0, uses_anonymous_args = 0
 436              		@ link register save eliminated.
 221:Core/Src/tim.c **** 
 222:Core/Src/tim.c ****   if(tim_pwmHandle->Instance==TIM3)
 437              		.loc 1 222 3 view .LVU136
 438              		.loc 1 222 19 is_stmt 0 view .LVU137
 439 0000 0268     		ldr	r2, [r0]
 440              		.loc 1 222 5 view .LVU138
 441 0002 094B     		ldr	r3, .L32
 442 0004 9A42     		cmp	r2, r3
 443 0006 00D0     		beq	.L31
 444 0008 7047     		bx	lr
 445              	.L31:
 220:Core/Src/tim.c **** 
 446              		.loc 1 220 1 view .LVU139
 447 000a 82B0     		sub	sp, sp, #8
 448              	.LCFI12:
 449              		.cfi_def_cfa_offset 8
 223:Core/Src/tim.c ****   {
 224:Core/Src/tim.c ****   /* USER CODE BEGIN TIM3_MspInit 0 */
 225:Core/Src/tim.c **** 
 226:Core/Src/tim.c ****   /* USER CODE END TIM3_MspInit 0 */
 227:Core/Src/tim.c ****     /* TIM3 clock enable */
 228:Core/Src/tim.c ****     __HAL_RCC_TIM3_CLK_ENABLE();
 450              		.loc 1 228 5 is_stmt 1 view .LVU140
 451              	.LBB6:
 452              		.loc 1 228 5 view .LVU141
 453              		.loc 1 228 5 view .LVU142
 454 000c 03F50333 		add	r3, r3, #134144
 455 0010 DA69     		ldr	r2, [r3, #28]
 456 0012 42F00202 		orr	r2, r2, #2
 457 0016 DA61     		str	r2, [r3, #28]
 458              		.loc 1 228 5 view .LVU143
 459 0018 DB69     		ldr	r3, [r3, #28]
 460 001a 03F00203 		and	r3, r3, #2
 461 001e 0193     		str	r3, [sp, #4]
 462              		.loc 1 228 5 view .LVU144
 463 0020 019B     		ldr	r3, [sp, #4]
 464              	.LBE6:
 465              		.loc 1 228 5 view .LVU145
 229:Core/Src/tim.c ****   /* USER CODE BEGIN TIM3_MspInit 1 */
 230:Core/Src/tim.c **** 
 231:Core/Src/tim.c ****   /* USER CODE END TIM3_MspInit 1 */
 232:Core/Src/tim.c ****   }
 233:Core/Src/tim.c **** }
 466              		.loc 1 233 1 is_stmt 0 view .LVU146
 467 0022 02B0     		add	sp, sp, #8
 468              	.LCFI13:
 469              		.cfi_def_cfa_offset 0
 470              		@ sp needed
 471 0024 7047     		bx	lr
 472              	.L33:
 473 0026 00BF     		.align	2
 474              	.L32:
ARM GAS  /tmp/cc96tBus.s 			page 14


 475 0028 00040040 		.word	1073742848
 476              		.cfi_endproc
 477              	.LFE69:
 479              		.section	.text.HAL_TIM_MspPostInit,"ax",%progbits
 480              		.align	1
 481              		.global	HAL_TIM_MspPostInit
 482              		.syntax unified
 483              		.thumb
 484              		.thumb_func
 485              		.fpu softvfp
 487              	HAL_TIM_MspPostInit:
 488              	.LVL19:
 489              	.LFB70:
 234:Core/Src/tim.c **** void HAL_TIM_MspPostInit(TIM_HandleTypeDef* timHandle)
 235:Core/Src/tim.c **** {
 490              		.loc 1 235 1 is_stmt 1 view -0
 491              		.cfi_startproc
 492              		@ args = 0, pretend = 0, frame = 24
 493              		@ frame_needed = 0, uses_anonymous_args = 0
 494              		.loc 1 235 1 is_stmt 0 view .LVU148
 495 0000 00B5     		push	{lr}
 496              	.LCFI14:
 497              		.cfi_def_cfa_offset 4
 498              		.cfi_offset 14, -4
 499 0002 87B0     		sub	sp, sp, #28
 500              	.LCFI15:
 501              		.cfi_def_cfa_offset 32
 236:Core/Src/tim.c **** 
 237:Core/Src/tim.c ****   GPIO_InitTypeDef GPIO_InitStruct = {0};
 502              		.loc 1 237 3 is_stmt 1 view .LVU149
 503              		.loc 1 237 20 is_stmt 0 view .LVU150
 504 0004 0023     		movs	r3, #0
 505 0006 0293     		str	r3, [sp, #8]
 506 0008 0393     		str	r3, [sp, #12]
 507 000a 0493     		str	r3, [sp, #16]
 508 000c 0593     		str	r3, [sp, #20]
 238:Core/Src/tim.c ****   if(timHandle->Instance==TIM3)
 509              		.loc 1 238 3 is_stmt 1 view .LVU151
 510              		.loc 1 238 15 is_stmt 0 view .LVU152
 511 000e 0268     		ldr	r2, [r0]
 512              		.loc 1 238 5 view .LVU153
 513 0010 0D4B     		ldr	r3, .L38
 514 0012 9A42     		cmp	r2, r3
 515 0014 02D0     		beq	.L37
 516              	.LVL20:
 517              	.L34:
 239:Core/Src/tim.c ****   {
 240:Core/Src/tim.c ****   /* USER CODE BEGIN TIM3_MspPostInit 0 */
 241:Core/Src/tim.c **** 
 242:Core/Src/tim.c ****   /* USER CODE END TIM3_MspPostInit 0 */
 243:Core/Src/tim.c **** 
 244:Core/Src/tim.c ****     __HAL_RCC_GPIOA_CLK_ENABLE();
 245:Core/Src/tim.c ****     /**TIM3 GPIO Configuration
 246:Core/Src/tim.c ****     PA6     ------> TIM3_CH1
 247:Core/Src/tim.c ****     PA7     ------> TIM3_CH2
 248:Core/Src/tim.c ****     */
 249:Core/Src/tim.c ****     GPIO_InitStruct.Pin = MLP_Pin|MRP_Pin;
ARM GAS  /tmp/cc96tBus.s 			page 15


 250:Core/Src/tim.c ****     GPIO_InitStruct.Mode = GPIO_MODE_AF_PP;
 251:Core/Src/tim.c ****     GPIO_InitStruct.Speed = GPIO_SPEED_FREQ_LOW;
 252:Core/Src/tim.c ****     HAL_GPIO_Init(GPIOA, &GPIO_InitStruct);
 253:Core/Src/tim.c **** 
 254:Core/Src/tim.c ****   /* USER CODE BEGIN TIM3_MspPostInit 1 */
 255:Core/Src/tim.c **** 
 256:Core/Src/tim.c ****   /* USER CODE END TIM3_MspPostInit 1 */
 257:Core/Src/tim.c ****   }
 258:Core/Src/tim.c **** 
 259:Core/Src/tim.c **** }
 518              		.loc 1 259 1 view .LVU154
 519 0016 07B0     		add	sp, sp, #28
 520              	.LCFI16:
 521              		.cfi_remember_state
 522              		.cfi_def_cfa_offset 4
 523              		@ sp needed
 524 0018 5DF804FB 		ldr	pc, [sp], #4
 525              	.LVL21:
 526              	.L37:
 527              	.LCFI17:
 528              		.cfi_restore_state
 244:Core/Src/tim.c ****     /**TIM3 GPIO Configuration
 529              		.loc 1 244 5 is_stmt 1 view .LVU155
 530              	.LBB7:
 244:Core/Src/tim.c ****     /**TIM3 GPIO Configuration
 531              		.loc 1 244 5 view .LVU156
 244:Core/Src/tim.c ****     /**TIM3 GPIO Configuration
 532              		.loc 1 244 5 view .LVU157
 533 001c 03F50333 		add	r3, r3, #134144
 534 0020 9A69     		ldr	r2, [r3, #24]
 535 0022 42F00402 		orr	r2, r2, #4
 536 0026 9A61     		str	r2, [r3, #24]
 244:Core/Src/tim.c ****     /**TIM3 GPIO Configuration
 537              		.loc 1 244 5 view .LVU158
 538 0028 9B69     		ldr	r3, [r3, #24]
 539 002a 03F00403 		and	r3, r3, #4
 540 002e 0193     		str	r3, [sp, #4]
 244:Core/Src/tim.c ****     /**TIM3 GPIO Configuration
 541              		.loc 1 244 5 view .LVU159
 542 0030 019B     		ldr	r3, [sp, #4]
 543              	.LBE7:
 244:Core/Src/tim.c ****     /**TIM3 GPIO Configuration
 544              		.loc 1 244 5 view .LVU160
 249:Core/Src/tim.c ****     GPIO_InitStruct.Mode = GPIO_MODE_AF_PP;
 545              		.loc 1 249 5 view .LVU161
 249:Core/Src/tim.c ****     GPIO_InitStruct.Mode = GPIO_MODE_AF_PP;
 546              		.loc 1 249 25 is_stmt 0 view .LVU162
 547 0032 C023     		movs	r3, #192
 548 0034 0293     		str	r3, [sp, #8]
 250:Core/Src/tim.c ****     GPIO_InitStruct.Speed = GPIO_SPEED_FREQ_LOW;
 549              		.loc 1 250 5 is_stmt 1 view .LVU163
 250:Core/Src/tim.c ****     GPIO_InitStruct.Speed = GPIO_SPEED_FREQ_LOW;
 550              		.loc 1 250 26 is_stmt 0 view .LVU164
 551 0036 0223     		movs	r3, #2
 552 0038 0393     		str	r3, [sp, #12]
 251:Core/Src/tim.c ****     HAL_GPIO_Init(GPIOA, &GPIO_InitStruct);
 553              		.loc 1 251 5 is_stmt 1 view .LVU165
ARM GAS  /tmp/cc96tBus.s 			page 16


 251:Core/Src/tim.c ****     HAL_GPIO_Init(GPIOA, &GPIO_InitStruct);
 554              		.loc 1 251 27 is_stmt 0 view .LVU166
 555 003a 0593     		str	r3, [sp, #20]
 252:Core/Src/tim.c **** 
 556              		.loc 1 252 5 is_stmt 1 view .LVU167
 557 003c 02A9     		add	r1, sp, #8
 558 003e 0348     		ldr	r0, .L38+4
 559              	.LVL22:
 252:Core/Src/tim.c **** 
 560              		.loc 1 252 5 is_stmt 0 view .LVU168
 561 0040 FFF7FEFF 		bl	HAL_GPIO_Init
 562              	.LVL23:
 563              		.loc 1 259 1 view .LVU169
 564 0044 E7E7     		b	.L34
 565              	.L39:
 566 0046 00BF     		.align	2
 567              	.L38:
 568 0048 00040040 		.word	1073742848
 569 004c 00080140 		.word	1073809408
 570              		.cfi_endproc
 571              	.LFE70:
 573              		.section	.text.MX_TIM3_Init,"ax",%progbits
 574              		.align	1
 575              		.global	MX_TIM3_Init
 576              		.syntax unified
 577              		.thumb
 578              		.thumb_func
 579              		.fpu softvfp
 581              	MX_TIM3_Init:
 582              	.LFB67:
 122:Core/Src/tim.c **** 
 583              		.loc 1 122 1 is_stmt 1 view -0
 584              		.cfi_startproc
 585              		@ args = 0, pretend = 0, frame = 40
 586              		@ frame_needed = 0, uses_anonymous_args = 0
 587 0000 00B5     		push	{lr}
 588              	.LCFI18:
 589              		.cfi_def_cfa_offset 4
 590              		.cfi_offset 14, -4
 591 0002 8BB0     		sub	sp, sp, #44
 592              	.LCFI19:
 593              		.cfi_def_cfa_offset 48
 128:Core/Src/tim.c ****   TIM_OC_InitTypeDef sConfigOC = {0};
 594              		.loc 1 128 3 view .LVU171
 128:Core/Src/tim.c ****   TIM_OC_InitTypeDef sConfigOC = {0};
 595              		.loc 1 128 27 is_stmt 0 view .LVU172
 596 0004 0023     		movs	r3, #0
 597 0006 0893     		str	r3, [sp, #32]
 598 0008 0993     		str	r3, [sp, #36]
 129:Core/Src/tim.c **** 
 599              		.loc 1 129 3 is_stmt 1 view .LVU173
 129:Core/Src/tim.c **** 
 600              		.loc 1 129 22 is_stmt 0 view .LVU174
 601 000a 0193     		str	r3, [sp, #4]
 602 000c 0293     		str	r3, [sp, #8]
 603 000e 0393     		str	r3, [sp, #12]
 604 0010 0493     		str	r3, [sp, #16]
ARM GAS  /tmp/cc96tBus.s 			page 17


 605 0012 0593     		str	r3, [sp, #20]
 606 0014 0693     		str	r3, [sp, #24]
 607 0016 0793     		str	r3, [sp, #28]
 134:Core/Src/tim.c ****   htim3.Init.Prescaler = 0;
 608              		.loc 1 134 3 is_stmt 1 view .LVU175
 134:Core/Src/tim.c ****   htim3.Init.Prescaler = 0;
 609              		.loc 1 134 18 is_stmt 0 view .LVU176
 610 0018 1C48     		ldr	r0, .L50
 611 001a 1D4A     		ldr	r2, .L50+4
 612 001c 0260     		str	r2, [r0]
 135:Core/Src/tim.c ****   htim3.Init.CounterMode = TIM_COUNTERMODE_UP;
 613              		.loc 1 135 3 is_stmt 1 view .LVU177
 135:Core/Src/tim.c ****   htim3.Init.CounterMode = TIM_COUNTERMODE_UP;
 614              		.loc 1 135 24 is_stmt 0 view .LVU178
 615 001e 4360     		str	r3, [r0, #4]
 136:Core/Src/tim.c ****   htim3.Init.Period = 2250;
 616              		.loc 1 136 3 is_stmt 1 view .LVU179
 136:Core/Src/tim.c ****   htim3.Init.Period = 2250;
 617              		.loc 1 136 26 is_stmt 0 view .LVU180
 618 0020 8360     		str	r3, [r0, #8]
 137:Core/Src/tim.c ****   htim3.Init.ClockDivision = TIM_CLOCKDIVISION_DIV1;
 619              		.loc 1 137 3 is_stmt 1 view .LVU181
 137:Core/Src/tim.c ****   htim3.Init.ClockDivision = TIM_CLOCKDIVISION_DIV1;
 620              		.loc 1 137 21 is_stmt 0 view .LVU182
 621 0022 40F6CA02 		movw	r2, #2250
 622 0026 C260     		str	r2, [r0, #12]
 138:Core/Src/tim.c ****   htim3.Init.AutoReloadPreload = TIM_AUTORELOAD_PRELOAD_DISABLE;
 623              		.loc 1 138 3 is_stmt 1 view .LVU183
 138:Core/Src/tim.c ****   htim3.Init.AutoReloadPreload = TIM_AUTORELOAD_PRELOAD_DISABLE;
 624              		.loc 1 138 28 is_stmt 0 view .LVU184
 625 0028 0361     		str	r3, [r0, #16]
 139:Core/Src/tim.c ****   if (HAL_TIM_PWM_Init(&htim3) != HAL_OK)
 626              		.loc 1 139 3 is_stmt 1 view .LVU185
 139:Core/Src/tim.c ****   if (HAL_TIM_PWM_Init(&htim3) != HAL_OK)
 627              		.loc 1 139 32 is_stmt 0 view .LVU186
 628 002a 8361     		str	r3, [r0, #24]
 140:Core/Src/tim.c ****   {
 629              		.loc 1 140 3 is_stmt 1 view .LVU187
 140:Core/Src/tim.c ****   {
 630              		.loc 1 140 7 is_stmt 0 view .LVU188
 631 002c FFF7FEFF 		bl	HAL_TIM_PWM_Init
 632              	.LVL24:
 140:Core/Src/tim.c ****   {
 633              		.loc 1 140 6 view .LVU189
 634 0030 F8B9     		cbnz	r0, .L46
 635              	.L41:
 144:Core/Src/tim.c ****   sMasterConfig.MasterSlaveMode = TIM_MASTERSLAVEMODE_DISABLE;
 636              		.loc 1 144 3 is_stmt 1 view .LVU190
 144:Core/Src/tim.c ****   sMasterConfig.MasterSlaveMode = TIM_MASTERSLAVEMODE_DISABLE;
 637              		.loc 1 144 37 is_stmt 0 view .LVU191
 638 0032 0023     		movs	r3, #0
 639 0034 0893     		str	r3, [sp, #32]
 145:Core/Src/tim.c ****   if (HAL_TIMEx_MasterConfigSynchronization(&htim3, &sMasterConfig) != HAL_OK)
 640              		.loc 1 145 3 is_stmt 1 view .LVU192
 145:Core/Src/tim.c ****   if (HAL_TIMEx_MasterConfigSynchronization(&htim3, &sMasterConfig) != HAL_OK)
 641              		.loc 1 145 33 is_stmt 0 view .LVU193
 642 0036 0993     		str	r3, [sp, #36]
ARM GAS  /tmp/cc96tBus.s 			page 18


 146:Core/Src/tim.c ****   {
 643              		.loc 1 146 3 is_stmt 1 view .LVU194
 146:Core/Src/tim.c ****   {
 644              		.loc 1 146 7 is_stmt 0 view .LVU195
 645 0038 08A9     		add	r1, sp, #32
 646 003a 1448     		ldr	r0, .L50
 647 003c FFF7FEFF 		bl	HAL_TIMEx_MasterConfigSynchronization
 648              	.LVL25:
 146:Core/Src/tim.c ****   {
 649              		.loc 1 146 6 view .LVU196
 650 0040 D0B9     		cbnz	r0, .L47
 651              	.L42:
 150:Core/Src/tim.c ****   sConfigOC.Pulse = 0;
 652              		.loc 1 150 3 is_stmt 1 view .LVU197
 150:Core/Src/tim.c ****   sConfigOC.Pulse = 0;
 653              		.loc 1 150 20 is_stmt 0 view .LVU198
 654 0042 6023     		movs	r3, #96
 655 0044 0193     		str	r3, [sp, #4]
 151:Core/Src/tim.c ****   sConfigOC.OCPolarity = TIM_OCPOLARITY_HIGH;
 656              		.loc 1 151 3 is_stmt 1 view .LVU199
 151:Core/Src/tim.c ****   sConfigOC.OCPolarity = TIM_OCPOLARITY_HIGH;
 657              		.loc 1 151 19 is_stmt 0 view .LVU200
 658 0046 0022     		movs	r2, #0
 659 0048 0292     		str	r2, [sp, #8]
 152:Core/Src/tim.c ****   sConfigOC.OCFastMode = TIM_OCFAST_DISABLE;
 660              		.loc 1 152 3 is_stmt 1 view .LVU201
 152:Core/Src/tim.c ****   sConfigOC.OCFastMode = TIM_OCFAST_DISABLE;
 661              		.loc 1 152 24 is_stmt 0 view .LVU202
 662 004a 0392     		str	r2, [sp, #12]
 153:Core/Src/tim.c ****   if (HAL_TIM_PWM_ConfigChannel(&htim3, &sConfigOC, TIM_CHANNEL_1) != HAL_OK)
 663              		.loc 1 153 3 is_stmt 1 view .LVU203
 153:Core/Src/tim.c ****   if (HAL_TIM_PWM_ConfigChannel(&htim3, &sConfigOC, TIM_CHANNEL_1) != HAL_OK)
 664              		.loc 1 153 24 is_stmt 0 view .LVU204
 665 004c 0592     		str	r2, [sp, #20]
 154:Core/Src/tim.c ****   {
 666              		.loc 1 154 3 is_stmt 1 view .LVU205
 154:Core/Src/tim.c ****   {
 667              		.loc 1 154 7 is_stmt 0 view .LVU206
 668 004e 01A9     		add	r1, sp, #4
 669 0050 0E48     		ldr	r0, .L50
 670 0052 FFF7FEFF 		bl	HAL_TIM_PWM_ConfigChannel
 671              	.LVL26:
 154:Core/Src/tim.c ****   {
 672              		.loc 1 154 6 view .LVU207
 673 0056 90B9     		cbnz	r0, .L48
 674              	.L43:
 158:Core/Src/tim.c ****   {
 675              		.loc 1 158 3 is_stmt 1 view .LVU208
 158:Core/Src/tim.c ****   {
 676              		.loc 1 158 7 is_stmt 0 view .LVU209
 677 0058 0422     		movs	r2, #4
 678 005a 0DEB0201 		add	r1, sp, r2
 679 005e 0B48     		ldr	r0, .L50
 680 0060 FFF7FEFF 		bl	HAL_TIM_PWM_ConfigChannel
 681              	.LVL27:
 158:Core/Src/tim.c ****   {
 682              		.loc 1 158 6 view .LVU210
ARM GAS  /tmp/cc96tBus.s 			page 19


 683 0064 70B9     		cbnz	r0, .L49
 684              	.L44:
 165:Core/Src/tim.c **** 
 685              		.loc 1 165 3 is_stmt 1 view .LVU211
 686 0066 0948     		ldr	r0, .L50
 687 0068 FFF7FEFF 		bl	HAL_TIM_MspPostInit
 688              	.LVL28:
 167:Core/Src/tim.c **** 
 689              		.loc 1 167 1 is_stmt 0 view .LVU212
 690 006c 0BB0     		add	sp, sp, #44
 691              	.LCFI20:
 692              		.cfi_remember_state
 693              		.cfi_def_cfa_offset 4
 694              		@ sp needed
 695 006e 5DF804FB 		ldr	pc, [sp], #4
 696              	.L46:
 697              	.LCFI21:
 698              		.cfi_restore_state
 142:Core/Src/tim.c ****   }
 699              		.loc 1 142 5 is_stmt 1 view .LVU213
 700 0072 FFF7FEFF 		bl	Error_Handler
 701              	.LVL29:
 702 0076 DCE7     		b	.L41
 703              	.L47:
 148:Core/Src/tim.c ****   }
 704              		.loc 1 148 5 view .LVU214
 705 0078 FFF7FEFF 		bl	Error_Handler
 706              	.LVL30:
 707 007c E1E7     		b	.L42
 708              	.L48:
 156:Core/Src/tim.c ****   }
 709              		.loc 1 156 5 view .LVU215
 710 007e FFF7FEFF 		bl	Error_Handler
 711              	.LVL31:
 712 0082 E9E7     		b	.L43
 713              	.L49:
 160:Core/Src/tim.c ****   }
 714              		.loc 1 160 5 view .LVU216
 715 0084 FFF7FEFF 		bl	Error_Handler
 716              	.LVL32:
 717 0088 EDE7     		b	.L44
 718              	.L51:
 719 008a 00BF     		.align	2
 720              	.L50:
 721 008c 00000000 		.word	.LANCHOR2
 722 0090 00040040 		.word	1073742848
 723              		.cfi_endproc
 724              	.LFE67:
 726              		.section	.text.HAL_TIM_Encoder_MspDeInit,"ax",%progbits
 727              		.align	1
 728              		.global	HAL_TIM_Encoder_MspDeInit
 729              		.syntax unified
 730              		.thumb
 731              		.thumb_func
 732              		.fpu softvfp
 734              	HAL_TIM_Encoder_MspDeInit:
 735              	.LVL33:
ARM GAS  /tmp/cc96tBus.s 			page 20


 736              	.LFB71:
 260:Core/Src/tim.c **** 
 261:Core/Src/tim.c **** void HAL_TIM_Encoder_MspDeInit(TIM_HandleTypeDef* tim_encoderHandle)
 262:Core/Src/tim.c **** {
 737              		.loc 1 262 1 view -0
 738              		.cfi_startproc
 739              		@ args = 0, pretend = 0, frame = 0
 740              		@ frame_needed = 0, uses_anonymous_args = 0
 741              		.loc 1 262 1 is_stmt 0 view .LVU218
 742 0000 08B5     		push	{r3, lr}
 743              	.LCFI22:
 744              		.cfi_def_cfa_offset 8
 745              		.cfi_offset 3, -8
 746              		.cfi_offset 14, -4
 263:Core/Src/tim.c **** 
 264:Core/Src/tim.c ****   if(tim_encoderHandle->Instance==TIM1)
 747              		.loc 1 264 3 is_stmt 1 view .LVU219
 748              		.loc 1 264 23 is_stmt 0 view .LVU220
 749 0002 0368     		ldr	r3, [r0]
 750              		.loc 1 264 5 view .LVU221
 751 0004 0E4A     		ldr	r2, .L58
 752 0006 9342     		cmp	r3, r2
 753 0008 03D0     		beq	.L56
 265:Core/Src/tim.c ****   {
 266:Core/Src/tim.c ****   /* USER CODE BEGIN TIM1_MspDeInit 0 */
 267:Core/Src/tim.c **** 
 268:Core/Src/tim.c ****   /* USER CODE END TIM1_MspDeInit 0 */
 269:Core/Src/tim.c ****     /* Peripheral clock disable */
 270:Core/Src/tim.c ****     __HAL_RCC_TIM1_CLK_DISABLE();
 271:Core/Src/tim.c **** 
 272:Core/Src/tim.c ****     /**TIM1 GPIO Configuration
 273:Core/Src/tim.c ****     PA8     ------> TIM1_CH1
 274:Core/Src/tim.c ****     PA9     ------> TIM1_CH2
 275:Core/Src/tim.c ****     */
 276:Core/Src/tim.c ****     HAL_GPIO_DeInit(GPIOA, GPIO_PIN_8|GPIO_PIN_9);
 277:Core/Src/tim.c **** 
 278:Core/Src/tim.c ****   /* USER CODE BEGIN TIM1_MspDeInit 1 */
 279:Core/Src/tim.c **** 
 280:Core/Src/tim.c ****   /* USER CODE END TIM1_MspDeInit 1 */
 281:Core/Src/tim.c ****   }
 282:Core/Src/tim.c ****   else if(tim_encoderHandle->Instance==TIM2)
 754              		.loc 1 282 8 is_stmt 1 view .LVU222
 755              		.loc 1 282 10 is_stmt 0 view .LVU223
 756 000a B3F1804F 		cmp	r3, #1073741824
 757 000e 0CD0     		beq	.L57
 758              	.LVL34:
 759              	.L52:
 283:Core/Src/tim.c ****   {
 284:Core/Src/tim.c ****   /* USER CODE BEGIN TIM2_MspDeInit 0 */
 285:Core/Src/tim.c **** 
 286:Core/Src/tim.c ****   /* USER CODE END TIM2_MspDeInit 0 */
 287:Core/Src/tim.c ****     /* Peripheral clock disable */
 288:Core/Src/tim.c ****     __HAL_RCC_TIM2_CLK_DISABLE();
 289:Core/Src/tim.c **** 
 290:Core/Src/tim.c ****     /**TIM2 GPIO Configuration
 291:Core/Src/tim.c ****     PA0-WKUP     ------> TIM2_CH1
 292:Core/Src/tim.c ****     PA1     ------> TIM2_CH2
ARM GAS  /tmp/cc96tBus.s 			page 21


 293:Core/Src/tim.c ****     */
 294:Core/Src/tim.c ****     HAL_GPIO_DeInit(GPIOA, GPIO_PIN_0|GPIO_PIN_1);
 295:Core/Src/tim.c **** 
 296:Core/Src/tim.c ****   /* USER CODE BEGIN TIM2_MspDeInit 1 */
 297:Core/Src/tim.c **** 
 298:Core/Src/tim.c ****   /* USER CODE END TIM2_MspDeInit 1 */
 299:Core/Src/tim.c ****   }
 300:Core/Src/tim.c **** }
 760              		.loc 1 300 1 view .LVU224
 761 0010 08BD     		pop	{r3, pc}
 762              	.LVL35:
 763              	.L56:
 270:Core/Src/tim.c **** 
 764              		.loc 1 270 5 is_stmt 1 view .LVU225
 765 0012 02F56442 		add	r2, r2, #58368
 766 0016 9369     		ldr	r3, [r2, #24]
 767 0018 23F40063 		bic	r3, r3, #2048
 768 001c 9361     		str	r3, [r2, #24]
 276:Core/Src/tim.c **** 
 769              		.loc 1 276 5 view .LVU226
 770 001e 4FF44071 		mov	r1, #768
 771 0022 0848     		ldr	r0, .L58+4
 772              	.LVL36:
 276:Core/Src/tim.c **** 
 773              		.loc 1 276 5 is_stmt 0 view .LVU227
 774 0024 FFF7FEFF 		bl	HAL_GPIO_DeInit
 775              	.LVL37:
 776 0028 F2E7     		b	.L52
 777              	.LVL38:
 778              	.L57:
 288:Core/Src/tim.c **** 
 779              		.loc 1 288 5 is_stmt 1 view .LVU228
 780 002a 074A     		ldr	r2, .L58+8
 781 002c D369     		ldr	r3, [r2, #28]
 782 002e 23F00103 		bic	r3, r3, #1
 783 0032 D361     		str	r3, [r2, #28]
 294:Core/Src/tim.c **** 
 784              		.loc 1 294 5 view .LVU229
 785 0034 0321     		movs	r1, #3
 786 0036 0348     		ldr	r0, .L58+4
 787              	.LVL39:
 294:Core/Src/tim.c **** 
 788              		.loc 1 294 5 is_stmt 0 view .LVU230
 789 0038 FFF7FEFF 		bl	HAL_GPIO_DeInit
 790              	.LVL40:
 791              		.loc 1 300 1 view .LVU231
 792 003c E8E7     		b	.L52
 793              	.L59:
 794 003e 00BF     		.align	2
 795              	.L58:
 796 0040 002C0140 		.word	1073818624
 797 0044 00080140 		.word	1073809408
 798 0048 00100240 		.word	1073876992
 799              		.cfi_endproc
 800              	.LFE71:
 802              		.section	.text.HAL_TIM_PWM_MspDeInit,"ax",%progbits
 803              		.align	1
ARM GAS  /tmp/cc96tBus.s 			page 22


 804              		.global	HAL_TIM_PWM_MspDeInit
 805              		.syntax unified
 806              		.thumb
 807              		.thumb_func
 808              		.fpu softvfp
 810              	HAL_TIM_PWM_MspDeInit:
 811              	.LVL41:
 812              	.LFB72:
 301:Core/Src/tim.c **** 
 302:Core/Src/tim.c **** void HAL_TIM_PWM_MspDeInit(TIM_HandleTypeDef* tim_pwmHandle)
 303:Core/Src/tim.c **** {
 813              		.loc 1 303 1 is_stmt 1 view -0
 814              		.cfi_startproc
 815              		@ args = 0, pretend = 0, frame = 0
 816              		@ frame_needed = 0, uses_anonymous_args = 0
 817              		@ link register save eliminated.
 304:Core/Src/tim.c **** 
 305:Core/Src/tim.c ****   if(tim_pwmHandle->Instance==TIM3)
 818              		.loc 1 305 3 view .LVU233
 819              		.loc 1 305 19 is_stmt 0 view .LVU234
 820 0000 0268     		ldr	r2, [r0]
 821              		.loc 1 305 5 view .LVU235
 822 0002 054B     		ldr	r3, .L63
 823 0004 9A42     		cmp	r2, r3
 824 0006 00D0     		beq	.L62
 825              	.L60:
 306:Core/Src/tim.c ****   {
 307:Core/Src/tim.c ****   /* USER CODE BEGIN TIM3_MspDeInit 0 */
 308:Core/Src/tim.c **** 
 309:Core/Src/tim.c ****   /* USER CODE END TIM3_MspDeInit 0 */
 310:Core/Src/tim.c ****     /* Peripheral clock disable */
 311:Core/Src/tim.c ****     __HAL_RCC_TIM3_CLK_DISABLE();
 312:Core/Src/tim.c ****   /* USER CODE BEGIN TIM3_MspDeInit 1 */
 313:Core/Src/tim.c **** 
 314:Core/Src/tim.c ****   /* USER CODE END TIM3_MspDeInit 1 */
 315:Core/Src/tim.c ****   }
 316:Core/Src/tim.c **** }
 826              		.loc 1 316 1 view .LVU236
 827 0008 7047     		bx	lr
 828              	.L62:
 311:Core/Src/tim.c ****   /* USER CODE BEGIN TIM3_MspDeInit 1 */
 829              		.loc 1 311 5 is_stmt 1 view .LVU237
 830 000a 044A     		ldr	r2, .L63+4
 831 000c D369     		ldr	r3, [r2, #28]
 832 000e 23F00203 		bic	r3, r3, #2
 833 0012 D361     		str	r3, [r2, #28]
 834              		.loc 1 316 1 is_stmt 0 view .LVU238
 835 0014 F8E7     		b	.L60
 836              	.L64:
 837 0016 00BF     		.align	2
 838              	.L63:
 839 0018 00040040 		.word	1073742848
 840 001c 00100240 		.word	1073876992
 841              		.cfi_endproc
 842              	.LFE72:
 844              		.global	htim3
 845              		.global	htim2
ARM GAS  /tmp/cc96tBus.s 			page 23


 846              		.global	htim1
 847              		.section	.bss.htim1,"aw",%nobits
 848              		.align	2
 849              		.set	.LANCHOR0,. + 0
 852              	htim1:
 853 0000 00000000 		.space	72
 853      00000000 
 853      00000000 
 853      00000000 
 853      00000000 
 854              		.section	.bss.htim2,"aw",%nobits
 855              		.align	2
 856              		.set	.LANCHOR1,. + 0
 859              	htim2:
 860 0000 00000000 		.space	72
 860      00000000 
 860      00000000 
 860      00000000 
 860      00000000 
 861              		.section	.bss.htim3,"aw",%nobits
 862              		.align	2
 863              		.set	.LANCHOR2,. + 0
 866              	htim3:
 867 0000 00000000 		.space	72
 867      00000000 
 867      00000000 
 867      00000000 
 867      00000000 
 868              		.text
 869              	.Letext0:
 870              		.file 2 "/usr/lib/gcc/arm-none-eabi/10.3.1/include/stdint.h"
 871              		.file 3 "Drivers/CMSIS/Device/ST/STM32F1xx/Include/stm32f103xb.h"
 872              		.file 4 "Drivers/STM32F1xx_HAL_Driver/Inc/stm32f1xx_hal_def.h"
 873              		.file 5 "Drivers/STM32F1xx_HAL_Driver/Inc/stm32f1xx_hal_gpio.h"
 874              		.file 6 "Drivers/STM32F1xx_HAL_Driver/Inc/stm32f1xx_hal_dma.h"
 875              		.file 7 "Drivers/STM32F1xx_HAL_Driver/Inc/stm32f1xx_hal_tim.h"
 876              		.file 8 "Core/Inc/tim.h"
 877              		.file 9 "Drivers/STM32F1xx_HAL_Driver/Inc/stm32f1xx_hal_tim_ex.h"
 878              		.file 10 "Core/Inc/main.h"
 879              		.file 11 "<built-in>"
ARM GAS  /tmp/cc96tBus.s 			page 24


DEFINED SYMBOLS
                            *ABS*:0000000000000000 tim.c
     /tmp/cc96tBus.s:16     .text.MX_TIM1_Init:0000000000000000 $t
     /tmp/cc96tBus.s:24     .text.MX_TIM1_Init:0000000000000000 MX_TIM1_Init
     /tmp/cc96tBus.s:138    .text.MX_TIM1_Init:0000000000000060 $d
     /tmp/cc96tBus.s:144    .text.MX_TIM2_Init:0000000000000000 $t
     /tmp/cc96tBus.s:151    .text.MX_TIM2_Init:0000000000000000 MX_TIM2_Init
     /tmp/cc96tBus.s:261    .text.MX_TIM2_Init:0000000000000060 $d
     /tmp/cc96tBus.s:266    .text.HAL_TIM_Encoder_MspInit:0000000000000000 $t
     /tmp/cc96tBus.s:273    .text.HAL_TIM_Encoder_MspInit:0000000000000000 HAL_TIM_Encoder_MspInit
     /tmp/cc96tBus.s:415    .text.HAL_TIM_Encoder_MspInit:0000000000000090 $d
     /tmp/cc96tBus.s:422    .text.HAL_TIM_PWM_MspInit:0000000000000000 $t
     /tmp/cc96tBus.s:429    .text.HAL_TIM_PWM_MspInit:0000000000000000 HAL_TIM_PWM_MspInit
     /tmp/cc96tBus.s:475    .text.HAL_TIM_PWM_MspInit:0000000000000028 $d
     /tmp/cc96tBus.s:480    .text.HAL_TIM_MspPostInit:0000000000000000 $t
     /tmp/cc96tBus.s:487    .text.HAL_TIM_MspPostInit:0000000000000000 HAL_TIM_MspPostInit
     /tmp/cc96tBus.s:568    .text.HAL_TIM_MspPostInit:0000000000000048 $d
     /tmp/cc96tBus.s:574    .text.MX_TIM3_Init:0000000000000000 $t
     /tmp/cc96tBus.s:581    .text.MX_TIM3_Init:0000000000000000 MX_TIM3_Init
     /tmp/cc96tBus.s:721    .text.MX_TIM3_Init:000000000000008c $d
     /tmp/cc96tBus.s:727    .text.HAL_TIM_Encoder_MspDeInit:0000000000000000 $t
     /tmp/cc96tBus.s:734    .text.HAL_TIM_Encoder_MspDeInit:0000000000000000 HAL_TIM_Encoder_MspDeInit
     /tmp/cc96tBus.s:796    .text.HAL_TIM_Encoder_MspDeInit:0000000000000040 $d
     /tmp/cc96tBus.s:803    .text.HAL_TIM_PWM_MspDeInit:0000000000000000 $t
     /tmp/cc96tBus.s:810    .text.HAL_TIM_PWM_MspDeInit:0000000000000000 HAL_TIM_PWM_MspDeInit
     /tmp/cc96tBus.s:839    .text.HAL_TIM_PWM_MspDeInit:0000000000000018 $d
     /tmp/cc96tBus.s:866    .bss.htim3:0000000000000000 htim3
     /tmp/cc96tBus.s:859    .bss.htim2:0000000000000000 htim2
     /tmp/cc96tBus.s:852    .bss.htim1:0000000000000000 htim1
     /tmp/cc96tBus.s:848    .bss.htim1:0000000000000000 $d
     /tmp/cc96tBus.s:855    .bss.htim2:0000000000000000 $d
     /tmp/cc96tBus.s:862    .bss.htim3:0000000000000000 $d

UNDEFINED SYMBOLS
memset
HAL_TIM_Encoder_Init
HAL_TIMEx_MasterConfigSynchronization
Error_Handler
HAL_GPIO_Init
HAL_TIM_PWM_Init
HAL_TIM_PWM_ConfigChannel
HAL_GPIO_DeInit
